Copyright 1986-2022 Xilinx, Inc. All Rights Reserved. Copyright 2022-2025 Advanced Micro Devices, Inc. All Rights Reserved.
-------------------------------------------------------------------------------------------------------------------------------------------------------------------
| Tool Version      : Vivado v.2025.1 (win64) Build 6140274 Thu May 22 00:12:29 MDT 2025
| Date              : Tue Sep  8 14:38:03 2026
| Host              : Krishna_NITjsr running 64-bit major release  (build 9200)
| Command           : report_timing -sort_by group -max_paths 20 -path_type summary -file C:/work/riscv-cache-extension/fpga/reports_coherent/post_route_paths.rpt
| Design            : fpga_top
| Device            : xczu7ev-ffvc1156
| Speed File        : -2  PRODUCTION 1.30 05-15-2022
| Design State      : Routed
| Temperature Grade : E
-------------------------------------------------------------------------------------------------------------------------------------------------------------------

Timing Report

Startpoint                     Endpoint                       Slack(ns)     
----------------------------------------------------------------------------
u_soc/g_dcache.u_dcache/g_dcu[2].u_dcu/s2_addr_q_reg[4]/C
                               u_soc/g_pe[1].u_pe/u_core/core_i/if_stage_i/instr_rdata_id_o_reg[15]/CE
                                                              1.265         
u_soc/g_dcache.u_dcache/g_dcu[2].u_dcu/s2_addr_q_reg[4]/C
                               u_soc/g_pe[1].u_pe/u_core/core_i/if_stage_i/instr_rdata_id_o_reg[19]/CE
                                                              1.273         
u_soc/g_dcache.u_dcache/g_dcu[2].u_dcu/s2_addr_q_reg[4]/C
                               u_soc/g_pe[1].u_pe/u_core/core_i/if_stage_i/instr_rdata_id_o_reg[22]/CE
                                                              1.273         
u_soc/g_dcache.u_dcache/g_dcu[2].u_dcu/s2_addr_q_reg[4]/C
                               u_soc/g_pe[1].u_pe/u_core/core_i/if_stage_i/instr_rdata_id_o_reg[13]/CE
                                                              1.275         
u_soc/g_dcache.u_dcache/g_dcu[2].u_dcu/s2_addr_q_reg[4]/C
                               u_soc/g_pe[1].u_pe/u_core/core_i/if_stage_i/instr_rdata_id_o_reg[1]/CE
                                                              1.275         
u_soc/g_dcache.u_dcache/g_dcu[2].u_dcu/s2_addr_q_reg[4]/C
                               u_soc/g_pe[1].u_pe/u_core/core_i/if_stage_i/instr_rdata_id_o_reg[23]/CE
                                                              1.275         
u_soc/g_dcache.u_dcache/g_dcu[2].u_dcu/s2_addr_q_reg[4]/C
                               u_soc/g_pe[1].u_pe/u_core/core_i/if_stage_i/instr_rdata_id_o_reg[29]/CE
                                                              1.275         
u_soc/g_dcache.u_dcache/g_dcu[2].u_dcu/s2_addr_q_reg[4]/C
                               u_soc/g_pe[1].u_pe/u_core/core_i/if_stage_i/instr_rdata_id_o_reg[8]/CE
                                                              1.280         
u_soc/g_dcache.u_dcache/g_dcu[2].u_dcu/s2_addr_q_reg[4]/C
                               u_soc/g_pe[1].u_pe/u_core/core_i/if_stage_i/instr_rdata_id_o_reg[11]/CE
                                                              1.282         
u_soc/g_dcache.u_dcache/g_dcu[2].u_dcu/s2_addr_q_reg[4]/C
                               u_soc/g_pe[1].u_pe/u_core/core_i/if_stage_i/instr_rdata_id_o_reg[14]/CE
                                                              1.282         
u_soc/g_dcache.u_dcache/g_dcu[2].u_dcu/s2_addr_q_reg[4]/C
                               u_soc/g_pe[1].u_pe/u_core/core_i/if_stage_i/instr_rdata_id_o_reg[26]/CE
                                                              1.282         
u_soc/g_dcache.u_dcache/g_dcu[2].u_dcu/s2_addr_q_reg[4]/C
                               u_soc/g_pe[1].u_pe/u_core/core_i/if_stage_i/instr_rdata_id_o_reg[7]/CE
                                                              1.283         
u_soc/g_dcache.u_dcache/g_dcu[2].u_dcu/s2_addr_q_reg[4]/C
                               u_soc/g_pe[1].u_pe/u_core/core_i/if_stage_i/pc_id_o_reg[28]/CE
                                                              1.291         
u_soc/g_dcache.u_dcache/g_dcu[2].u_dcu/s2_addr_q_reg[4]/C
                               u_soc/g_pe[1].u_pe/u_core/core_i/if_stage_i/pc_id_o_reg[20]/CE
                                                              1.292         
u_soc/g_dcache.u_dcache/g_dcu[2].u_dcu/s2_addr_q_reg[4]/C
                               u_soc/g_pe[1].u_pe/u_core/core_i/if_stage_i/pc_id_o_reg[29]/CE
                                                              1.292         
u_soc/g_dcache.u_dcache/g_dcu[2].u_dcu/s2_addr_q_reg[4]/C
                               u_soc/g_pe[1].u_pe/u_core/core_i/if_stage_i/instr_rdata_id_o_reg[9]/CE
                                                              1.316         
u_soc/g_dcache.u_dcache/g_dcu[2].u_dcu/s2_addr_q_reg[4]/C
                               u_soc/g_pe[1].u_pe/u_core/core_i/if_stage_i/pc_id_o_reg[31]/CE
                                                              1.329         
u_soc/g_dcache.u_dcache/g_dcu[2].u_dcu/s2_addr_q_reg[4]/C
                               u_soc/g_pe[1].u_pe/u_core/core_i/if_stage_i/pc_id_o_reg[12]/CE
                                                              1.330         
u_soc/g_dcache.u_dcache/g_dcu[2].u_dcu/s2_addr_q_reg[4]/C
                               u_soc/g_pe[1].u_pe/u_core/core_i/if_stage_i/pc_id_o_reg[14]/CE
                                                              1.330         
u_soc/g_dcache.u_dcache/g_dcu[2].u_dcu/s2_addr_q_reg[4]/C
                               u_soc/g_pe[1].u_pe/u_core/core_i/if_stage_i/instr_rdata_id_o_reg[17]/CE
                                                              1.341         
rst_n_q_reg_rep__16/C          u_soc/g_pe[2].u_pe/u_core/core_i/id_stage_i/register_file_i/gen_rf[18].mem_reg[18][18]/CLR
                                                              8.409         
rst_n_q_reg_rep__16/C          u_soc/g_pe[2].u_pe/u_core/core_i/id_stage_i/register_file_i/gen_rf[18].mem_reg[18][9]/CLR
                                                              8.409         
rst_n_q_reg_rep__16/C          u_soc/g_pe[2].u_pe/u_core/core_i/id_stage_i/register_file_i/gen_rf[18].mem_reg[18][20]/CLR
                                                              8.477         
rst_n_q_reg_rep__16/C          u_soc/g_pe[2].u_pe/u_core/core_i/id_stage_i/register_file_i/gen_rf[20].mem_reg[20][20]/CLR
                                                              8.477         
rst_n_q_reg_rep__16/C          u_soc/g_pe[2].u_pe/u_core/core_i/id_stage_i/register_file_i/gen_rf[18].mem_reg[18][16]/CLR
                                                              8.480         
rst_n_q_reg_rep__16/C          u_soc/g_pe[2].u_pe/u_core/core_i/id_stage_i/register_file_i/gen_rf[20].mem_reg[20][16]/CLR
                                                              8.480         
rst_n_q_reg_rep__16/C          u_soc/g_pe[2].u_pe/u_core/core_i/id_stage_i/register_file_i/gen_rf[20].mem_reg[20][27]/CLR
                                                              8.543         
rst_n_q_reg_rep__16/C          u_soc/g_pe[2].u_pe/u_core/core_i/id_stage_i/register_file_i/gen_rf[20].mem_reg[20][28]/CLR
                                                              8.543         
rst_n_q_reg_rep__16/C          u_soc/g_pe[2].u_pe/u_core/core_i/id_stage_i/register_file_i/gen_rf[18].mem_reg[18][21]/CLR
                                                              8.589         
rst_n_q_reg_rep__16/C          u_soc/g_pe[2].u_pe/u_core/core_i/id_stage_i/register_file_i/gen_rf[20].mem_reg[20][21]/CLR
                                                              8.589         
rst_n_q_reg_rep__16/C          u_soc/g_pe[2].u_pe/u_core/core_i/id_stage_i/register_file_i/gen_rf[18].mem_reg[18][26]/CLR
                                                              8.604         
rst_n_q_reg_rep__16/C          u_soc/g_pe[2].u_pe/u_core/core_i/id_stage_i/register_file_i/gen_rf[20].mem_reg[20][26]/CLR
                                                              8.604         
rst_n_q_reg_rep__16/C          u_soc/g_pe[2].u_pe/u_core/core_i/id_stage_i/register_file_i/gen_rf[20].mem_reg[20][19]/CLR
                                                              8.624         
rst_n_q_reg_rep__16/C          u_soc/g_pe[2].u_pe/u_core/core_i/id_stage_i/register_file_i/gen_rf[20].mem_reg[20][29]/CLR
                                                              8.624         
rst_n_q_reg_rep__16/C          u_soc/g_pe[2].u_pe/u_core/core_i/id_stage_i/register_file_i/gen_rf[20].mem_reg[20][30]/CLR
                                                              8.624         
rst_n_q_reg_rep__16/C          u_soc/g_pe[2].u_pe/u_core/core_i/id_stage_i/register_file_i/gen_rf[20].mem_reg[20][31]/CLR
                                                              8.624         
rst_n_q_reg_rep__16/C          u_soc/g_pe[2].u_pe/u_core/core_i/id_stage_i/register_file_i/gen_rf[20].mem_reg[20][14]/CLR
                                                              8.783         
rst_n_q_reg_rep__16/C          u_soc/g_pe[2].u_pe/u_core/core_i/id_stage_i/register_file_i/gen_rf[20].mem_reg[20][24]/CLR
                                                              8.783         
rst_n_q_reg_rep__16/C          u_soc/g_pe[2].u_pe/u_core/core_i/id_stage_i/register_file_i/gen_rf[20].mem_reg[20][12]/CLR
                                                              8.847         
rst_n_q_reg_rep__16/C          u_soc/g_pe[2].u_pe/u_core/core_i/id_stage_i/register_file_i/gen_rf[20].mem_reg[20][22]/CLR
                                                              8.847         



