Copyright 1986-2022 Xilinx, Inc. All Rights Reserved. Copyright 2022-2025 Advanced Micro Devices, Inc. All Rights Reserved.
---------------------------------------------------------------------------------------------------------------------------------------------
| Tool Version : Vivado v.2025.1 (win64) Build 6140274 Thu May 22 00:12:29 MDT 2025
| Date         : Mon Aug 31 17:24:14 2026
| Host         : Krishna_NITjsr running 64-bit major release  (build 9200)
| Command      : report_utilization -file C:/work/riscv-cache-extension/fpga/reports_coherent/post_synth_util.rpt
| Design       : fpga_top
| Device       : xczu7ev-ffvc1156-2-e
| Speed File   : -2
| Design State : Synthesized
---------------------------------------------------------------------------------------------------------------------------------------------

Utilization Design Information

Table of Contents
-----------------
1. CLB Logic
1.1 Summary of Registers by Type
2. BLOCKRAM
3. ARITHMETIC
4. I/O
5. CLOCK
6. ADVANCED
7. CONFIGURATION
8. Primitives
9. Black Boxes
10. Instantiated Netlists

1. CLB Logic
------------

+-------------------------+-------+-------+------------+-----------+-------+
|        Site Type        |  Used | Fixed | Prohibited | Available | Util% |
+-------------------------+-------+-------+------------+-----------+-------+
| CLB LUTs*               | 26914 |     0 |          0 |    230400 | 11.68 |
|   LUT as Logic          | 26914 |     0 |          0 |    230400 | 11.68 |
|   LUT as Memory         |     0 |     0 |          0 |    101760 |  0.00 |
| CLB Registers           | 15163 |     0 |          0 |    460800 |  3.29 |
|   Register as Flip Flop | 15163 |     0 |          0 |    460800 |  3.29 |
|   Register as Latch     |     0 |     0 |          0 |    460800 |  0.00 |
| CARRY8                  |   548 |     0 |          0 |     28800 |  1.90 |
| F7 Muxes                |  1420 |     0 |          0 |    115200 |  1.23 |
| F8 Muxes                |    24 |     0 |          0 |     57600 |  0.04 |
| F9 Muxes                |     0 |     0 |          0 |     28800 |  0.00 |
+-------------------------+-------+-------+------------+-----------+-------+
* Warning! The Final LUT count, after physical optimizations and full implementation, is typically lower. Run opt_design after synthesis, if not already completed, for a more realistic count.
Warning! LUT value is adjusted to account for LUT combining.
Warning! For any ECO changes, please run place_design if there are unplaced instances


1.1 Summary of Registers by Type
--------------------------------

+-------+--------------+-------------+--------------+
| Total | Clock Enable | Synchronous | Asynchronous |
+-------+--------------+-------------+--------------+
| 0     |            _ |           - |            - |
| 0     |            _ |           - |          Set |
| 0     |            _ |           - |        Reset |
| 0     |            _ |         Set |            - |
| 0     |            _ |       Reset |            - |
| 0     |          Yes |           - |            - |
| 53    |          Yes |           - |          Set |
| 13563 |          Yes |           - |        Reset |
| 0     |          Yes |         Set |            - |
| 1547  |          Yes |       Reset |            - |
+-------+--------------+-------------+--------------+


2. BLOCKRAM
-----------

+-------------------+------+-------+------------+-----------+-------+
|     Site Type     | Used | Fixed | Prohibited | Available | Util% |
+-------------------+------+-------+------------+-----------+-------+
| Block RAM Tile    |  124 |     0 |          0 |       312 | 39.74 |
|   RAMB36/FIFO*    |  120 |     0 |          0 |       312 | 38.46 |
|     RAMB36E2 only |  120 |       |            |           |       |
|   RAMB18          |    8 |     0 |          0 |       624 |  1.28 |
|     RAMB18E2 only |    8 |       |            |           |       |
| URAM              |    0 |     0 |          0 |        96 |  0.00 |
+-------------------+------+-------+------------+-----------+-------+
* Note: Each Block RAM Tile only has one FIFO logic available and therefore can accommodate only one FIFO36E2 or one FIFO18E2. However, if a FIFO18E2 occupies a Block RAM Tile, that tile can still accommodate a RAMB18E2


3. ARITHMETIC
-------------

+----------------+------+-------+------------+-----------+-------+
|    Site Type   | Used | Fixed | Prohibited | Available | Util% |
+----------------+------+-------+------------+-----------+-------+
| DSPs           |   20 |     0 |          0 |      1728 |  1.16 |
|   DSP48E2 only |   20 |       |            |           |       |
+----------------+------+-------+------------+-----------+-------+


4. I/O
------

+------------------+------+-------+------------+-----------+-------+
|     Site Type    | Used | Fixed | Prohibited | Available | Util% |
+------------------+------+-------+------------+-----------+-------+
| Bonded IOB       |   15 |    15 |          0 |       360 |  4.17 |
|   HPIOB_M        |    1 |     1 |          0 |       144 |  0.69 |
|     INPUT        |    1 |       |            |           |       |
|     OUTPUT       |    0 |       |            |           |       |
|     BIDIR        |    0 |       |            |           |       |
|   HPIOB_S        |    1 |     1 |          0 |       144 |  0.69 |
|     INPUT        |    1 |       |            |           |       |
|     OUTPUT       |    0 |       |            |           |       |
|     BIDIR        |    0 |       |            |           |       |
|   HDIOB_M        |    6 |     6 |          0 |        24 | 25.00 |
|     INPUT        |    4 |       |            |           |       |
|     OUTPUT       |    2 |       |            |           |       |
|     BIDIR        |    0 |       |            |           |       |
|   HDIOB_S        |    7 |     7 |          0 |        24 | 29.17 |
|     INPUT        |    5 |       |            |           |       |
|     OUTPUT       |    2 |       |            |           |       |
|     BIDIR        |    0 |       |            |           |       |
|   HPIOB_SNGL     |    0 |     0 |          0 |        24 |  0.00 |
| HPIOBDIFFINBUF   |    1 |     1 |          0 |       192 |  0.52 |
|   DIFFINBUF      |    1 |     1 |            |           |       |
| HPIOBDIFFOUTBUF  |    0 |     0 |          0 |       192 |  0.00 |
| HDIOBDIFFINBUF   |    0 |     0 |          0 |        48 |  0.00 |
| BITSLICE_CONTROL |    0 |     0 |          0 |        64 |  0.00 |
| BITSLICE_RX_TX   |    0 |     0 |          0 |      2496 |  0.00 |
| BITSLICE_TX      |    0 |     0 |          0 |        64 |  0.00 |
| RIU_OR           |    0 |     0 |          0 |        32 |  0.00 |
+------------------+------+-------+------------+-----------+-------+


5. CLOCK
--------

+------------+------+-------+------------+-----------+-------+
|  Site Type | Used | Fixed | Prohibited | Available | Util% |
+------------+------+-------+------------+-----------+-------+
| BUFGCE     |    4 |     0 |          0 |       208 |  1.92 |
| BUFGCE_DIV |    1 |     0 |          0 |        32 |  3.13 |
| BUFG_GT    |    0 |     0 |          0 |       144 |  0.00 |
| BUFG_PS    |    0 |     0 |          0 |        96 |  0.00 |
| BUFGCTRL*  |    0 |     0 |          0 |        64 |  0.00 |
| PLL        |    0 |     0 |          0 |        16 |  0.00 |
| MMCM       |    0 |     0 |          0 |         8 |  0.00 |
+------------+------+-------+------------+-----------+-------+
* Note: Each used BUFGCTRL counts as two GLOBAL CLOCK BUFFERs. This table does not include global clocking resources, only buffer cell usage. See the Clock Utilization Report (report_clock_utilization) for detailed accounting of global clocking resource availability.


6. ADVANCED
-----------

+-----------------+------+-------+------------+-----------+-------+
|    Site Type    | Used | Fixed | Prohibited | Available | Util% |
+-----------------+------+-------+------------+-----------+-------+
| GTHE4_CHANNEL   |    0 |     0 |          0 |        20 |  0.00 |
| GTHE4_COMMON    |    0 |     0 |          0 |         5 |  0.00 |
| OBUFDS_GTE4     |    0 |     0 |          0 |        10 |  0.00 |
| OBUFDS_GTE4_ADV |    0 |     0 |          0 |        10 |  0.00 |
| PCIE40E4        |    0 |     0 |          0 |         2 |  0.00 |
| PS8             |    0 |     0 |          0 |         1 |  0.00 |
| SYSMONE4        |    0 |     0 |          0 |         1 |  0.00 |
| VCU             |    0 |     0 |          0 |         1 |  0.00 |
+-----------------+------+-------+------------+-----------+-------+


7. CONFIGURATION
----------------

+-------------+------+-------+------------+-----------+-------+
|  Site Type  | Used | Fixed | Prohibited | Available | Util% |
+-------------+------+-------+------------+-----------+-------+
| BSCANE2     |    0 |     0 |          0 |         4 |  0.00 |
| DNA_PORTE2  |    0 |     0 |          0 |         1 |  0.00 |
| EFUSE_USR   |    0 |     0 |          0 |         1 |  0.00 |
| FRAME_ECCE4 |    0 |     0 |          0 |         1 |  0.00 |
| ICAPE3      |    0 |     0 |          0 |         2 |  0.00 |
| MASTER_JTAG |    0 |     0 |          0 |         1 |  0.00 |
| STARTUPE3   |    0 |     0 |          0 |         1 |  0.00 |
+-------------+------+-------+------------+-----------+-------+


8. Primitives
-------------

+------------+-------+---------------------+
|  Ref Name  |  Used | Functional Category |
+------------+-------+---------------------+
| LUT6       | 15373 |                 CLB |
| FDCE       | 13563 |            Register |
| LUT3       |  7210 |                 CLB |
| LUT5       |  4205 |                 CLB |
| LUT4       |  3614 |                 CLB |
| LUT2       |  1988 |                 CLB |
| FDRE       |  1547 |            Register |
| MUXF7      |  1420 |                 CLB |
| CARRY8     |   548 |                 CLB |
| LUT1       |   189 |                 CLB |
| RAMB36E2   |   120 |            BLOCKRAM |
| FDPE       |    53 |            Register |
| MUXF8      |    24 |                 CLB |
| DSP48E2    |    20 |          Arithmetic |
| IBUFCTRL   |    10 |              Others |
| INBUF      |     9 |                 I/O |
| RAMB18E2   |     8 |            BLOCKRAM |
| OBUF       |     4 |                 I/O |
| BUFGCE     |     4 |               Clock |
| DIFFINBUF  |     1 |                 I/O |
| BUFGCE_DIV |     1 |               Clock |
+------------+-------+---------------------+


9. Black Boxes
--------------

+----------+------+
| Ref Name | Used |
+----------+------+


10. Instantiated Netlists
-------------------------

+----------+------+
| Ref Name | Used |
+----------+------+


