Copyright 1986-2022 Xilinx, Inc. All Rights Reserved. Copyright 2022-2025 Advanced Micro Devices, Inc. All Rights Reserved.
---------------------------------------------------------------------------------------------------------------------------------------------
| Tool Version : Vivado v.2025.1 (win64) Build 6140274 Thu May 22 00:12:29 MDT 2025
| Date         : Mon Aug 31 18:29:49 2026
| Host         : Krishna_NITjsr running 64-bit major release  (build 9200)
| Command      : report_utilization -file C:/work/riscv-cache-extension/fpga/reports_coherent/post_route_util.rpt
| Design       : fpga_top
| Device       : xczu7ev-ffvc1156-2-e
| Speed File   : -2
| Design State : Routed
---------------------------------------------------------------------------------------------------------------------------------------------

Utilization Design Information

Table of Contents
-----------------
1. CLB Logic
1.1 Summary of Registers by Type
2. CLB Logic Distribution
3. BLOCKRAM
4. ARITHMETIC
5. I/O
6. CLOCK
7. ADVANCED
8. CONFIGURATION
9. Primitives
10. Black Boxes
11. Instantiated Netlists

1. CLB Logic
------------

+-------------------------+-------+-------+------------+-----------+-------+
|        Site Type        |  Used | Fixed | Prohibited | Available | Util% |
+-------------------------+-------+-------+------------+-----------+-------+
| CLB LUTs                | 26657 |     0 |          0 |    230400 | 11.57 |
|   LUT as Logic          | 26657 |     0 |          0 |    230400 | 11.57 |
|   LUT as Memory         |     0 |     0 |          0 |    101760 |  0.00 |
| CLB Registers           | 15155 |     0 |          0 |    460800 |  3.29 |
|   Register as Flip Flop | 15155 |     0 |          0 |    460800 |  3.29 |
|   Register as Latch     |     0 |     0 |          0 |    460800 |  0.00 |
| CARRY8                  |   548 |     0 |          0 |     28800 |  1.90 |
| F7 Muxes                |  1420 |     0 |          0 |    115200 |  1.23 |
| F8 Muxes                |    24 |     0 |          0 |     57600 |  0.04 |
| F9 Muxes                |     0 |     0 |          0 |     28800 |  0.00 |
+-------------------------+-------+-------+------------+-----------+-------+
* Warning! LUT value is adjusted to account for LUT combining.


1.1 Summary of Registers by Type
--------------------------------

+-------+--------------+-------------+--------------+
| Total | Clock Enable | Synchronous | Asynchronous |
+-------+--------------+-------------+--------------+
| 0     |            _ |           - |            - |
| 0     |            _ |           - |          Set |
| 0     |            _ |           - |        Reset |
| 0     |            _ |         Set |            - |
| 0     |            _ |       Reset |            - |
| 0     |          Yes |           - |            - |
| 53    |          Yes |           - |          Set |
| 13563 |          Yes |           - |        Reset |
| 0     |          Yes |         Set |            - |
| 1539  |          Yes |       Reset |            - |
+-------+--------------+-------------+--------------+


2. CLB Logic Distribution
-------------------------

+--------------------------------------------+-------+-------+------------+-----------+-------+
|                  Site Type                 |  Used | Fixed | Prohibited | Available | Util% |
+--------------------------------------------+-------+-------+------------+-----------+-------+
| CLB                                        |  5259 |     0 |          0 |     28800 | 18.26 |
|   CLBL                                     |  2770 |     0 |            |           |       |
|   CLBM                                     |  2489 |     0 |            |           |       |
| LUT as Logic                               | 26657 |     0 |          0 |    230400 | 11.57 |
|   using O5 output only                     |   212 |       |            |           |       |
|   using O6 output only                     | 20619 |       |            |           |       |
|   using O5 and O6                          |  5826 |       |            |           |       |
| LUT as Memory                              |     0 |     0 |          0 |    101760 |  0.00 |
|   LUT as Distributed RAM                   |     0 |     0 |            |           |       |
|     using O5 output only                   |     0 |       |            |           |       |
|     using O6 output only                   |     0 |       |            |           |       |
|     using O5 and O6                        |     0 |       |            |           |       |
|   LUT as Shift Register                    |     0 |     0 |            |           |       |
|     using O5 output only                   |     0 |       |            |           |       |
|     using O6 output only                   |     0 |       |            |           |       |
|     using O5 and O6                        |     0 |       |            |           |       |
| CLB Registers                              | 15155 |     0 |          0 |    460800 |  3.29 |
|   Register driven from within the CLB      | 10086 |       |            |           |       |
|   Register driven from outside the CLB     |  5069 |       |            |           |       |
|     LUT in front of the register is unused |  1904 |       |            |           |       |
|     LUT in front of the register is used   |  3165 |       |            |           |       |
| Unique Control Sets                        |  1297 |       |          0 |     57600 |  2.25 |
+--------------------------------------------+-------+-------+------------+-----------+-------+
* * Note: Available Control Sets calculated as Slices * 2, Review the Control Sets Report for more information regarding control sets.


3. BLOCKRAM
-----------

+-------------------+------+-------+------------+-----------+-------+
|     Site Type     | Used | Fixed | Prohibited | Available | Util% |
+-------------------+------+-------+------------+-----------+-------+
| Block RAM Tile    |  124 |     0 |          0 |       312 | 39.74 |
|   RAMB36/FIFO*    |  120 |     0 |          0 |       312 | 38.46 |
|     RAMB36E2 only |  120 |       |            |           |       |
|   RAMB18          |    8 |     0 |          0 |       624 |  1.28 |
|     RAMB18E2 only |    8 |       |            |           |       |
| URAM              |    0 |     0 |          0 |        96 |  0.00 |
+-------------------+------+-------+------------+-----------+-------+
* Note: Each Block RAM Tile only has one FIFO logic available and therefore can accommodate only one FIFO36E2 or one FIFO18E2. However, if a FIFO18E2 occupies a Block RAM Tile, that tile can still accommodate a RAMB18E2


4. ARITHMETIC
-------------

+----------------+------+-------+------------+-----------+-------+
|    Site Type   | Used | Fixed | Prohibited | Available | Util% |
+----------------+------+-------+------------+-----------+-------+
| DSPs           |   20 |     0 |          0 |      1728 |  1.16 |
|   DSP48E2 only |   20 |       |            |           |       |
+----------------+------+-------+------------+-----------+-------+


5. I/O
------

+------------------+------+-------+------------+-----------+-------+
|     Site Type    | Used | Fixed | Prohibited | Available | Util% |
+------------------+------+-------+------------+-----------+-------+
| Bonded IOB       |   13 |    13 |          0 |       360 |  3.61 |
|   HPIOB_M        |    1 |     1 |          0 |       144 |  0.69 |
|     INPUT        |    1 |       |            |           |       |
|     OUTPUT       |    0 |       |            |           |       |
|     BIDIR        |    0 |       |            |           |       |
|   HPIOB_S        |    1 |     1 |          0 |       144 |  0.69 |
|     INPUT        |    1 |       |            |           |       |
|     OUTPUT       |    0 |       |            |           |       |
|     BIDIR        |    0 |       |            |           |       |
|   HDIOB_M        |    5 |     5 |          0 |        24 | 20.83 |
|     INPUT        |    3 |       |            |           |       |
|     OUTPUT       |    2 |       |            |           |       |
|     BIDIR        |    0 |       |            |           |       |
|   HDIOB_S        |    6 |     6 |          0 |        24 | 25.00 |
|     INPUT        |    4 |       |            |           |       |
|     OUTPUT       |    2 |       |            |           |       |
|     BIDIR        |    0 |       |            |           |       |
|   HPIOB_SNGL     |    0 |     0 |          0 |        24 |  0.00 |
| HPIOBDIFFINBUF   |    1 |     1 |          0 |       192 |  0.52 |
|   DIFFINBUF      |    1 |     1 |            |           |       |
| HPIOBDIFFOUTBUF  |    0 |     0 |          0 |       192 |  0.00 |
| HDIOBDIFFINBUF   |    0 |     0 |          0 |        48 |  0.00 |
| BITSLICE_CONTROL |    0 |     0 |          0 |        64 |  0.00 |
| BITSLICE_RX_TX   |    0 |     0 |          0 |      2496 |  0.00 |
| BITSLICE_TX      |    0 |     0 |          0 |        64 |  0.00 |
| RIU_OR           |    0 |     0 |          0 |        32 |  0.00 |
+------------------+------+-------+------------+-----------+-------+


6. CLOCK
--------

+------------+------+-------+------------+-----------+-------+
|  Site Type | Used | Fixed | Prohibited | Available | Util% |
+------------+------+-------+------------+-----------+-------+
| BUFGCE     |    6 |     0 |          0 |       208 |  2.88 |
| BUFGCE_DIV |    1 |     0 |          0 |        32 |  3.13 |
| BUFG_GT    |    0 |     0 |          0 |       144 |  0.00 |
| BUFG_PS    |    0 |     0 |          0 |        96 |  0.00 |
| BUFGCTRL*  |    0 |     0 |          0 |        64 |  0.00 |
| PLL        |    0 |     0 |          0 |        16 |  0.00 |
| MMCM       |    0 |     0 |          0 |         8 |  0.00 |
+------------+------+-------+------------+-----------+-------+
* Note: Each used BUFGCTRL counts as two GLOBAL CLOCK BUFFERs. This table does not include global clocking resources, only buffer cell usage. See the Clock Utilization Report (report_clock_utilization) for detailed accounting of global clocking resource availability.


7. ADVANCED
-----------

+-----------------+------+-------+------------+-----------+-------+
|    Site Type    | Used | Fixed | Prohibited | Available | Util% |
+-----------------+------+-------+------------+-----------+-------+
| GTHE4_CHANNEL   |    0 |     0 |          0 |        20 |  0.00 |
| GTHE4_COMMON    |    0 |     0 |          0 |         5 |  0.00 |
| OBUFDS_GTE4     |    0 |     0 |          0 |        10 |  0.00 |
| OBUFDS_GTE4_ADV |    0 |     0 |          0 |        10 |  0.00 |
| PCIE40E4        |    0 |     0 |          0 |         2 |  0.00 |
| PS8             |    0 |     0 |          0 |         1 |  0.00 |
| SYSMONE4        |    0 |     0 |          0 |         1 |  0.00 |
| VCU             |    0 |     0 |          0 |         1 |  0.00 |
+-----------------+------+-------+------------+-----------+-------+


8. CONFIGURATION
----------------

+-------------+------+-------+------------+-----------+-------+
|  Site Type  | Used | Fixed | Prohibited | Available | Util% |
+-------------+------+-------+------------+-----------+-------+
| BSCANE2     |    0 |     0 |          0 |         4 |  0.00 |
| DNA_PORTE2  |    0 |     0 |          0 |         1 |  0.00 |
| EFUSE_USR   |    0 |     0 |          0 |         1 |  0.00 |
| FRAME_ECCE4 |    0 |     0 |          0 |         1 |  0.00 |
| ICAPE3      |    0 |     0 |          0 |         2 |  0.00 |
| MASTER_JTAG |    0 |     0 |          0 |         1 |  0.00 |
| STARTUPE3   |    0 |     0 |          0 |         1 |  0.00 |
+-------------+------+-------+------------+-----------+-------+


9. Primitives
-------------

+------------+-------+---------------------+
|  Ref Name  |  Used | Functional Category |
+------------+-------+---------------------+
| LUT6       | 15373 |                 CLB |
| FDCE       | 13563 |            Register |
| LUT3       |  7210 |                 CLB |
| LUT5       |  4205 |                 CLB |
| LUT4       |  3614 |                 CLB |
| LUT2       |  1988 |                 CLB |
| FDRE       |  1539 |            Register |
| MUXF7      |  1420 |                 CLB |
| CARRY8     |   548 |                 CLB |
| RAMB36E2   |   120 |            BLOCKRAM |
| LUT1       |    93 |                 CLB |
| FDPE       |    53 |            Register |
| MUXF8      |    24 |                 CLB |
| DSP48E2    |    20 |          Arithmetic |
| RAMB18E2   |     8 |            BLOCKRAM |
| IBUFCTRL   |     8 |              Others |
| INBUF      |     7 |                 I/O |
| BUFGCE     |     6 |               Clock |
| OBUF       |     4 |                 I/O |
| DIFFINBUF  |     1 |                 I/O |
| BUFGCE_DIV |     1 |               Clock |
+------------+-------+---------------------+


10. Black Boxes
---------------

+----------+------+
| Ref Name | Used |
+----------+------+


11. Instantiated Netlists
-------------------------

+----------+------+
| Ref Name | Used |
+----------+------+


