Copyright 1986-2022 Xilinx, Inc. All Rights Reserved. Copyright 2022-2025 Advanced Micro Devices, Inc. All Rights Reserved.
-------------------------------------------------------------------------------------------------------------------------------------------------------------------
| Tool Version      : Vivado v.2025.1 (win64) Build 6140274 Thu May 22 00:12:29 MDT 2025
| Date              : Thu Sep  3 10:28:15 2026
| Host              : Krishna_NITjsr running 64-bit major release  (build 9200)
| Command           : report_timing -sort_by group -max_paths 20 -path_type summary -file C:/work/riscv-cache-extension/fpga/reports_coherent/post_route_paths.rpt
| Design            : fpga_top
| Device            : xczu7ev-ffvc1156
| Speed File        : -2  PRODUCTION 1.30 05-15-2022
| Design State      : Routed
| Temperature Grade : E
-------------------------------------------------------------------------------------------------------------------------------------------------------------------

Timing Report

Startpoint                     Endpoint                       Slack(ns)     
----------------------------------------------------------------------------
u_soc/g_dcache.u_dcache/g_dcu[1].u_dcu/s2_req_q_reg[0]/C
                               u_soc/g_pe[1].u_pe/u_core/core_i/if_stage_i/prefetch_buffer_i/fifo_i/mem_q_reg[0][14]/CE
                                                              1.327         
u_soc/g_dcache.u_dcache/g_dcu[1].u_dcu/s2_req_q_reg[0]/C
                               u_soc/g_pe[1].u_pe/u_core/core_i/if_stage_i/prefetch_buffer_i/fifo_i/mem_q_reg[0][11]/CE
                                                              1.369         
u_soc/g_dcache.u_dcache/g_dcu[1].u_dcu/s2_req_q_reg[0]/C
                               u_soc/g_pe[1].u_pe/u_core/core_i/if_stage_i/prefetch_buffer_i/fifo_i/mem_q_reg[0][22]/CE
                                                              1.369         
u_soc/g_dcache.u_dcache/g_dcu[1].u_dcu/s2_req_q_reg[0]/C
                               u_soc/g_pe[1].u_pe/u_core/core_i/if_stage_i/prefetch_buffer_i/fifo_i/mem_q_reg[0][21]/CE
                                                              1.371         
u_soc/g_dcache.u_dcache/g_dcu[1].u_dcu/s2_req_q_reg[0]/C
                               u_soc/g_pe[1].u_pe/u_core/core_i/if_stage_i/prefetch_buffer_i/fifo_i/mem_q_reg[0][3]/CE
                                                              1.415         
u_soc/g_dcache.u_dcache/g_dcu[1].u_dcu/s2_req_q_reg[0]/C
                               u_soc/g_pe[1].u_pe/u_core/core_i/if_stage_i/prefetch_buffer_i/fifo_i/mem_q_reg[0][5]/CE
                                                              1.415         
u_soc/g_dcache.u_dcache/g_dcu[1].u_dcu/s2_req_q_reg[0]/C
                               u_soc/g_pe[1].u_pe/u_core/core_i/if_stage_i/prefetch_buffer_i/fifo_i/mem_q_reg[0][8]/CE
                                                              1.415         
u_soc/g_dcache.u_dcache/g_dcu[1].u_dcu/s2_req_q_reg[0]/C
                               u_soc/g_pe[1].u_pe/u_core/core_i/if_stage_i/prefetch_buffer_i/fifo_i/mem_q_reg[0][24]/CE
                                                              1.433         
u_soc/g_dcache.u_dcache/g_dcu[1].u_dcu/s2_req_q_reg[0]/C
                               u_soc/g_pe[1].u_pe/u_core/core_i/if_stage_i/prefetch_buffer_i/fifo_i/mem_q_reg[0][29]/CE
                                                              1.433         
u_soc/g_dcache.u_dcache/g_dcu[1].u_dcu/s2_req_q_reg[0]/C
                               u_soc/g_pe[1].u_pe/u_core/core_i/if_stage_i/prefetch_buffer_i/fifo_i/mem_q_reg[0][23]/CE
                                                              1.435         
u_soc/g_dcache.u_dcache/g_dcu[1].u_dcu/s2_req_q_reg[0]/C
                               u_soc/g_pe[1].u_pe/u_core/core_i/if_stage_i/prefetch_buffer_i/fifo_i/mem_q_reg[0][26]/CE
                                                              1.435         
u_soc/g_dcache.u_dcache/g_dcu[1].u_dcu/s2_req_q_reg[0]/C
                               u_soc/g_pe[1].u_pe/u_core/core_i/if_stage_i/prefetch_buffer_i/fifo_i/mem_q_reg[0][16]/CE
                                                              1.445         
u_soc/g_dcache.u_dcache/g_dcu[1].u_dcu/s2_req_q_reg[0]/C
                               u_soc/g_pe[1].u_pe/u_core/core_i/if_stage_i/prefetch_buffer_i/fifo_i/mem_q_reg[0][18]/CE
                                                              1.445         
u_soc/g_dcache.u_dcache/g_dcu[1].u_dcu/s2_req_q_reg[0]/C
                               u_soc/g_pe[1].u_pe/u_core/core_i/if_stage_i/prefetch_buffer_i/fifo_i/mem_q_reg[0][15]/CE
                                                              1.446         
u_soc/g_dcache.u_dcache/g_dcu[1].u_dcu/s2_req_q_reg[0]/C
                               u_soc/g_pe[1].u_pe/u_core/core_i/if_stage_i/prefetch_buffer_i/fifo_i/mem_q_reg[0][17]/CE
                                                              1.446         
u_soc/g_dcache.u_dcache/g_dcu[1].u_dcu/s2_req_q_reg[0]/C
                               u_soc/g_pe[1].u_pe/u_core/core_i/if_stage_i/prefetch_buffer_i/fifo_i/mem_q_reg[0][7]/CE
                                                              1.467         
u_soc/g_dcache.u_dcache/g_dcu[1].u_dcu/s2_req_q_reg[0]/C
                               u_soc/g_pe[1].u_pe/u_core/core_i/if_stage_i/prefetch_buffer_i/fifo_i/mem_q_reg[0][19]/CE
                                                              1.468         
u_soc/g_dcache.u_dcache/g_dcu[1].u_dcu/s2_req_q_reg[0]/C
                               u_soc/g_pe[1].u_pe/u_core/core_i/if_stage_i/prefetch_buffer_i/fifo_i/mem_q_reg[0][20]/CE
                                                              1.468         
u_soc/g_dcache.u_dcache/g_dcu[1].u_dcu/s2_req_q_reg[0]/C
                               u_soc/g_pe[1].u_pe/u_core/core_i/if_stage_i/prefetch_buffer_i/fifo_i/mem_q_reg[0][12]/CE
                                                              1.493         
u_soc/g_dcache.u_dcache/g_dcu[1].u_dcu/s2_req_q_reg[0]/C
                               u_soc/g_pe[1].u_pe/u_core/core_i/if_stage_i/prefetch_buffer_i/fifo_i/mem_q_reg[0][0]/CE
                                                              1.499         
rst_n_q_reg_rep__24/C          u_soc/g_pe[2].u_pe/u_core/core_i/id_stage_i/register_file_i/gen_rf[19].mem_reg[19][19]/CLR
                                                              6.837         
rst_n_q_reg_rep__24/C          u_soc/g_pe[2].u_pe/u_core/core_i/id_stage_i/register_file_i/gen_rf[19].mem_reg[19][29]/CLR
                                                              6.837         
rst_n_q_reg_rep__24/C          u_soc/g_pe[2].u_pe/u_core/core_i/id_stage_i/register_file_i/gen_rf[19].mem_reg[19][30]/CLR
                                                              6.837         
rst_n_q_reg_rep__24/C          u_soc/g_pe[2].u_pe/u_core/core_i/id_stage_i/register_file_i/gen_rf[19].mem_reg[19][31]/CLR
                                                              6.837         
rst_n_q_reg_rep__24/C          u_soc/g_pe[2].u_pe/u_core/core_i/id_stage_i/register_file_i/gen_rf[19].mem_reg[19][20]/CLR
                                                              6.939         
rst_n_q_reg_rep__24/C          u_soc/g_pe[2].u_pe/u_core/core_i/id_stage_i/register_file_i/gen_rf[19].mem_reg[19][6]/CLR
                                                              6.939         
rst_n_q_reg_rep__24/C          u_soc/g_pe[2].u_pe/u_core/core_i/id_stage_i/register_file_i/gen_rf[19].mem_reg[19][15]/CLR
                                                              6.963         
rst_n_q_reg_rep__24/C          u_soc/g_pe[2].u_pe/u_core/core_i/id_stage_i/register_file_i/gen_rf[19].mem_reg[19][7]/CLR
                                                              6.963         
rst_n_q_reg_rep__24/C          u_soc/g_pe[2].u_pe/u_core/core_i/id_stage_i/register_file_i/gen_rf[21].mem_reg[21][15]/CLR
                                                              6.963         
rst_n_q_reg_rep__24/C          u_soc/g_pe[2].u_pe/u_core/core_i/id_stage_i/register_file_i/gen_rf[21].mem_reg[21][7]/CLR
                                                              6.963         
rst_n_q_reg_rep__24/C          u_soc/g_pe[2].u_pe/u_core/core_i/id_stage_i/register_file_i/gen_rf[19].mem_reg[19][27]/CLR
                                                              6.986         
rst_n_q_reg_rep__24/C          u_soc/g_pe[2].u_pe/u_core/core_i/id_stage_i/register_file_i/gen_rf[19].mem_reg[19][28]/CLR
                                                              6.986         
rst_n_q_reg_rep__24/C          u_soc/g_pe[2].u_pe/u_core/core_i/id_stage_i/register_file_i/gen_rf[21].mem_reg[21][0]/CLR
                                                              7.049         
rst_n_q_reg_rep__24/C          u_soc/g_pe[2].u_pe/u_core/core_i/id_stage_i/register_file_i/gen_rf[21].mem_reg[21][10]/CLR
                                                              7.049         
rst_n_q_reg_rep__24/C          u_soc/g_pe[2].u_pe/u_core/core_i/id_stage_i/register_file_i/gen_rf[21].mem_reg[21][6]/CLR
                                                              7.049         
rst_n_q_reg_rep__24/C          u_soc/g_pe[2].u_pe/u_core/core_i/id_stage_i/register_file_i/gen_rf[21].mem_reg[21][8]/CLR
                                                              7.049         
rst_n_q_reg_rep__24/C          u_soc/g_pe[2].u_pe/u_core/core_i/id_stage_i/register_file_i/gen_rf[21].mem_reg[21][18]/CLR
                                                              7.244         
rst_n_q_reg_rep__24/C          u_soc/g_pe[2].u_pe/u_core/core_i/id_stage_i/register_file_i/gen_rf[21].mem_reg[21][9]/CLR
                                                              7.244         
rst_n_q_reg_rep__24/C          u_soc/g_pe[2].u_pe/u_core/core_i/id_stage_i/register_file_i/gen_rf[19].mem_reg[19][10]/CLR
                                                              7.249         
rst_n_q_reg_rep__24/C          u_soc/g_pe[2].u_pe/u_core/core_i/id_stage_i/register_file_i/gen_rf[19].mem_reg[19][23]/CLR
                                                              7.249         



