Copyright 1986-2022 Xilinx, Inc. All Rights Reserved. Copyright 2022-2025 Advanced Micro Devices, Inc. All Rights Reserved.
--------------------------------------------------------------------------------------------------------------------------------------------------
| Tool Version      : Vivado v.2025.1 (win64) Build 6140274 Thu May 22 00:12:29 MDT 2025
| Date              : Mon Aug 31 18:38:31 2026
| Host              : Krishna_NITjsr running 64-bit major release  (build 9200)
| Command           : report_timing_summary -file C:/work/riscv-cache-extension/fpga/reports_baseline/post_synth_timing.rpt
| Design            : fpga_top
| Device            : xczu7ev-ffvc1156
| Speed File        : -2  PRODUCTION 1.30 05-15-2022
| Design State      : Synthesized
| Temperature Grade : E
--------------------------------------------------------------------------------------------------------------------------------------------------

Timing Summary Report

------------------------------------------------------------------------------------------------
| Timer Settings
| --------------
------------------------------------------------------------------------------------------------

  Enable Multi Corner Analysis               :  Yes
  Enable Pessimism Removal                   :  Yes
  Pessimism Removal Resolution               :  Nearest Common Node
  Enable Input Delay Default Clock           :  No
  Enable Preset / Clear Arcs                 :  No
  Disable Flight Delays                      :  No
  Ignore I/O Paths                           :  No
  Timing Early Launch at Borrowing Latches   :  No
  Borrow Time for Max Delay Exceptions       :  Yes
  Merge Timing Exceptions                    :  Yes
  Inter-SLR Compensation                     :  Conservative

  Corner  Analyze    Analyze    
  Name    Max Paths  Min Paths  
  ------  ---------  ---------  
  Slow    Yes        Yes        
  Fast    Yes        Yes        


------------------------------------------------------------------------------------------------
| Report Methodology
| ------------------
------------------------------------------------------------------------------------------------

No report available as report_methodology has not been run prior. Run report_methodology on the current design for the summary of methodology violations.



check_timing report

Table of Contents
-----------------
1. checking no_clock (0)
2. checking constant_clock (0)
3. checking pulse_width_clock (0)
4. checking unconstrained_internal_endpoints (0)
5. checking no_input_delay (9)
6. checking no_output_delay (4)
7. checking multiple_clock (0)
8. checking generated_clocks (0)
9. checking loops (0)
10. checking partial_input_delay (0)
11. checking partial_output_delay (0)
12. checking latch_loops (0)

1. checking no_clock (0)
------------------------
 There are 0 register/latch pins with no clock.


2. checking constant_clock (0)
------------------------------
 There are 0 register/latch pins with constant_clock.


3. checking pulse_width_clock (0)
---------------------------------
 There are 0 register/latch pins which need pulse_width check


4. checking unconstrained_internal_endpoints (0)
------------------------------------------------
 There are 0 pins that are not constrained for maximum delay.

 There are 0 pins that are not constrained for maximum delay due to constant clock.


5. checking no_input_delay (9)
------------------------------
 There are 0 input ports with no input delay specified.

 There are 9 input ports with no input delay but user has a false path constraint. (MEDIUM)


6. checking no_output_delay (4)
-------------------------------
 There are 0 ports with no output delay specified.

 There are 4 ports with no output delay but user has a false path constraint (MEDIUM)

 There are 0 ports with no output delay but with a timing clock defined on it or propagating through it


7. checking multiple_clock (0)
------------------------------
 There are 0 register/latch pins with multiple clocks.


8. checking generated_clocks (0)
--------------------------------
 There are 0 generated clocks that are not connected to a clock source.


9. checking loops (0)
---------------------
 There are 0 combinational loops in the design.


10. checking partial_input_delay (0)
------------------------------------
 There are 0 input ports with partial input delay specified.


11. checking partial_output_delay (0)
-------------------------------------
 There are 0 ports with partial output delay specified.


12. checking latch_loops (0)
----------------------------
 There are 0 combinational latch loops in the design through latch input



------------------------------------------------------------------------------------------------
| Design Timing Summary
| ---------------------
------------------------------------------------------------------------------------------------

    WNS(ns)      TNS(ns)  TNS Failing Endpoints  TNS Total Endpoints      WHS(ns)      THS(ns)  THS Failing Endpoints  THS Total Endpoints     WPWS(ns)     TPWS(ns)  TPWS Failing Endpoints  TPWS Total Endpoints  
    -------      -------  ---------------------  -------------------      -------      -------  ---------------------  -------------------     --------     --------  ----------------------  --------------------  
      1.853        0.000                      0                37923       -2.581   -36837.957                  20907                37923        2.262        0.000                       0                 11882  


Timing constraints are not met.


------------------------------------------------------------------------------------------------
| Clock Summary
| -------------
------------------------------------------------------------------------------------------------

Clock   Waveform(ns)         Period(ns)      Frequency(MHz)
-----   ------------         ----------      --------------
clk300  {0.000 1.666}        3.333           300.030         
  clk   {0.000 3.333}        9.999           100.010         


------------------------------------------------------------------------------------------------
| Intra Clock Table
| -----------------
------------------------------------------------------------------------------------------------

Clock             WNS(ns)      TNS(ns)  TNS Failing Endpoints  TNS Total Endpoints      WHS(ns)      THS(ns)  THS Failing Endpoints  THS Total Endpoints     WPWS(ns)     TPWS(ns)  TPWS Failing Endpoints  TPWS Total Endpoints  
-----             -------      -------  ---------------------  -------------------      -------      -------  ---------------------  -------------------     --------     --------  ----------------------  --------------------  
clk300                                                                                                                                                          2.262        0.000                       0                     1  
  clk               1.853        0.000                      0                26637       -2.581   -17013.959                  12507                26637        2.791        0.000                       0                 11881  


------------------------------------------------------------------------------------------------
| Inter Clock Table
| -----------------
------------------------------------------------------------------------------------------------

From Clock    To Clock          WNS(ns)      TNS(ns)  TNS Failing Endpoints  TNS Total Endpoints      WHS(ns)      THS(ns)  THS Failing Endpoints  THS Total Endpoints  
----------    --------          -------      -------  ---------------------  -------------------      -------      -------  ---------------------  -------------------  


------------------------------------------------------------------------------------------------
| Other Path Groups Table
| -----------------------
------------------------------------------------------------------------------------------------

Path Group         From Clock         To Clock               WNS(ns)      TNS(ns)  TNS Failing Endpoints  TNS Total Endpoints      WHS(ns)      THS(ns)  THS Failing Endpoints  THS Total Endpoints  
----------         ----------         --------               -------      -------  ---------------------  -------------------      -------      -------  ---------------------  -------------------  
**async_default**  clk                clk                      9.214        0.000                      0                11286       -2.360   -19824.000                   8400                11286  


------------------------------------------------------------------------------------------------
| Timing Details
| --------------
------------------------------------------------------------------------------------------------


---------------------------------------------------------------------------------------------------
From Clock:  clk300
  To Clock:  clk300

Setup :           NA  Failing Endpoints,  Worst Slack           NA  ,  Total Violation           NA
Hold  :           NA  Failing Endpoints,  Worst Slack           NA  ,  Total Violation           NA
PW    :            0  Failing Endpoints,  Worst Slack        2.262ns,  Total Violation        0.000ns
---------------------------------------------------------------------------------------------------


Pulse Width Checks
--------------------------------------------------------------------------------------
Clock Name:         clk300
Waveform(ns):       { 0.000 1.666 }
Period(ns):         3.333
Sources:            { clk300_p_i }

Check Type  Corner  Lib Pin       Reference Pin  Required(ns)  Actual(ns)  Slack(ns)  Location  Pin
Min Period  n/a     BUFGCE_DIV/I  n/a            1.071         3.333       2.262                u_bufgce_div/I



---------------------------------------------------------------------------------------------------
From Clock:  clk
  To Clock:  clk

Setup :            0  Failing Endpoints,  Worst Slack        1.853ns,  Total Violation        0.000ns
Hold  :        12507  Failing Endpoints,  Worst Slack       -2.581ns,  Total Violation   -17013.959ns
PW    :            0  Failing Endpoints,  Worst Slack        2.791ns,  Total Violation        0.000ns
---------------------------------------------------------------------------------------------------


Max Delay Paths
--------------------------------------------------------------------------------------
Slack (MET) :             1.853ns  (required time - arrival time)
  Source:                 u_soc/g_pe[0].u_pe/u_core/core_i/id_stage_i/alu_operand_a_ex_o_reg[25]/C
                            (rising edge-triggered cell FDCE clocked by clk  {rise@0.000ns fall@3.333ns period=9.999ns})
  Destination:            u_soc/g_pe[0].u_pe/u_instr_bridge/u_router/outstanding_q_reg[0]/CE
                            (rising edge-triggered cell FDCE clocked by clk  {rise@0.000ns fall@3.333ns period=9.999ns})
  Path Group:             clk
  Path Type:              Setup (Max at Slow Process Corner)
  Requirement:            9.999ns  (clk rise@9.999ns - clk rise@0.000ns)
  Data Path Delay:        5.293ns  (logic 1.168ns (22.067%)  route 4.125ns (77.933%))
  Logic Levels:           20  (CARRY8=1 LUT2=3 LUT3=2 LUT4=2 LUT5=6 LUT6=6)
  Clock Path Skew:        -2.757ns (DCD - SCD + CPR)
    Destination Clock Delay (DCD):    3.291ns = ( 13.290 - 9.999 ) 
    Source Clock Delay      (SCD):    6.203ns
    Clock Pessimism Removal (CPR):    0.155ns
  Clock Uncertainty:      0.035ns  ((TSJ^2 + TIJ^2)^1/2 + DJ) / 2 + PE
    Total System Jitter     (TSJ):    0.071ns
    Total Input Jitter      (TIJ):    0.000ns
    Discrete Jitter          (DJ):    0.000ns
    Phase Error              (PE):    0.000ns

    Location             Delay type                Incr(ns)  Path(ns)    Netlist Resource(s)
  -------------------------------------------------------------------    -------------------
                         (clock clk rise edge)        0.000     0.000 r  
    AH18                                              0.000     0.000 r  clk300_p_i (IN)
                         net (fo=0)                   0.000     0.000    u_ibufds/I
    HPIOBDIFFINBUF_X1Y36 DIFFINBUF (Prop_DIFFINBUF_HPIOBDIFFINBUF_DIFF_IN_P_O)
                                                      0.525     0.525 r  u_ibufds/DIFFINBUF_INST/O
                         net (fo=1, estimated)        0.050     0.575    u_ibufds/OUT
    AH18                 IBUFCTRL (Prop_IBUFCTRL_HPIOB_M_I_O)
                                                      0.000     0.575 r  u_ibufds/IBUFCTRL_INST/O
                         net (fo=1, unplaced)         0.280     0.855    clk_ref
                         BUFGCE_DIV (Prop_BUFGCE_DIV_I_O)
                                                      0.152     1.007 r  u_bufgce_div/O
                         net (fo=3481, unplaced)      2.584     3.591    u_soc/g_pe[0].u_pe/u_core/core_i/sleep_unit_i/core_clock_gate_i/clk
                         BUFGCE (Prop_BUFGCE_I_O)     0.028     3.619 r  u_soc/g_pe[0].u_pe/u_core/core_i/sleep_unit_i/core_clock_gate_i/u_bufgce/O
                         net (fo=2099, unplaced)      2.584     6.203    u_soc/g_pe[0].u_pe/u_core/core_i/id_stage_i/clk_0
                         FDCE                                         r  u_soc/g_pe[0].u_pe/u_core/core_i/id_stage_i/alu_operand_a_ex_o_reg[25]/C
  -------------------------------------------------------------------    -------------------
                         FDCE (Prop_FDCE_C_Q)         0.077     6.280 f  u_soc/g_pe[0].u_pe/u_core/core_i/id_stage_i/alu_operand_a_ex_o_reg[25]/Q
                         net (fo=26, unplaced)        0.147     6.427    u_soc/g_pe[0].u_pe/u_core/core_i/id_stage_i/register_file_i/gen_rf[31].mem[31][18]_i_10_0[25]
                         LUT4 (Prop_LUT4_I0_O)        0.139     6.566 f  u_soc/g_pe[0].u_pe/u_core/core_i/id_stage_i/register_file_i/i___245_i_47/O
                         net (fo=1, unplaced)         0.260     6.826    u_soc/g_pe[0].u_pe/u_core/core_i/id_stage_i/register_file_i/i___245_i_47_n_0
                         CARRY8 (Prop_CARRY8_DI[0]_CO[4])
                                                      0.184     7.010 f  u_soc/g_pe[0].u_pe/u_core/core_i/id_stage_i/register_file_i/i___245_i_37/CO[4]
                         net (fo=1, unplaced)         0.184     7.194    u_soc/g_pe[0].u_pe/u_core/core_i/id_stage_i/register_file_i/ex_stage_i/alu_i/is_greater_vec_3
                         LUT3 (Prop_LUT3_I0_O)        0.038     7.232 f  u_soc/g_pe[0].u_pe/u_core/core_i/id_stage_i/register_file_i/i___245_i_11/O
                         net (fo=1, unplaced)         0.186     7.418    u_soc/g_pe[0].u_pe/u_core/core_i/id_stage_i/register_file_i/i___245_i_11_n_0
                         LUT5 (Prop_LUT5_I4_O)        0.038     7.456 f  u_soc/g_pe[0].u_pe/u_core/core_i/id_stage_i/register_file_i/i___245_i_2/O
                         net (fo=2, unplaced)         0.186     7.642    u_soc/g_pe[0].u_pe/u_core/core_i_n_623
                         LUT6 (Prop_LUT6_I5_O)        0.038     7.680 r  u_soc/g_pe[0].u_pe/u_core/i___245/O
                         net (fo=1, unplaced)         0.186     7.866    u_soc/g_pe[0].u_pe/u_core/core_i/id_stage_i/register_file_i/mhpmevent_branch_taken_o_reg
                         LUT6 (Prop_LUT6_I1_O)        0.038     7.904 r  u_soc/g_pe[0].u_pe/u_core/core_i/id_stage_i/register_file_i/i___102_i_1/O
                         net (fo=29, unplaced)        0.243     8.147    u_soc/g_pe[0].u_pe/u_core/core_i_n_590
                         LUT2 (Prop_LUT2_I1_O)        0.038     8.185 f  u_soc/g_pe[0].u_pe/u_core/i___102/O
                         net (fo=5, unplaced)         0.204     8.389    u_soc/g_pe[0].u_pe/u_core/core_i/id_stage_i/controller_i/state_reg[1]
                         LUT5 (Prop_LUT5_I1_O)        0.038     8.427 f  u_soc/g_pe[0].u_pe/u_core/core_i/id_stage_i/controller_i/i___167_i_12/O
                         net (fo=2, unplaced)         0.186     8.613    u_soc/g_pe[0].u_pe/u_core/core_i/id_stage_i/controller_i/i___167_i_12_n_0
                         LUT6 (Prop_LUT6_I1_O)        0.038     8.651 f  u_soc/g_pe[0].u_pe/u_core/core_i/id_stage_i/controller_i/mtvec_q[23]_i_3/O
                         net (fo=35, unplaced)        0.248     8.899    u_soc/g_pe[0].u_pe/u_core/core_i/id_stage_i/controller_i/pc_mux_id[1]
                         LUT2 (Prop_LUT2_I0_O)        0.038     8.937 f  u_soc/g_pe[0].u_pe/u_core/core_i/id_stage_i/controller_i/i___167_i_4/O
                         net (fo=30, unplaced)        0.244     9.181    u_soc/g_pe[0].u_pe/u_core/core_i_n_533
                         LUT5 (Prop_LUT5_I4_O)        0.038     9.219 r  u_soc/g_pe[0].u_pe/u_core/i___316/O
                         net (fo=1, unplaced)         0.186     9.405    u_soc/g_pe[0].u_pe/u_core/core_i/id_stage_i/controller_i/trans_addr_q_reg[28]
                         LUT4 (Prop_LUT4_I0_O)        0.038     9.443 r  u_soc/g_pe[0].u_pe/u_core/core_i/id_stage_i/controller_i/trans_addr_q[28]_i_2/O
                         net (fo=3, unplaced)         0.192     9.635    u_soc/g_pe[0].u_pe/u_core/core_i/if_stage_i/prefetch_buffer_i/instruction_obi_i/gen_no_trans_stable.obi_addr_q_reg[28]_0
                         LUT5 (Prop_LUT5_I2_O)        0.038     9.673 r  u_soc/g_pe[0].u_pe/u_core/core_i/if_stage_i/prefetch_buffer_i/instruction_obi_i/gen_no_trans_stable.obi_addr_q[28]_i_1/O
                         net (fo=7, unplaced)         0.165     9.838    u_soc/g_pe[0].u_pe/u_core/core_i/if_stage_i/prefetch_buffer_i/instruction_obi_i/gen_no_trans_stable.obi_addr_q_reg[31]_0[16]
                         LUT3 (Prop_LUT3_I0_O)        0.090     9.928 r  u_soc/g_pe[0].u_pe/u_core/core_i/if_stage_i/prefetch_buffer_i/instruction_obi_i/void_q_i_1__0/O
                         net (fo=3, unplaced)         0.192    10.120    u_soc/g_pe[0].u_pe/u_instr_bridge/u_router/sel_void
                         LUT6 (Prop_LUT6_I3_O)        0.038    10.158 f  u_soc/g_pe[0].u_pe/u_instr_bridge/u_router/i___164_i_4/O
                         net (fo=3, unplaced)         0.192    10.350    u_soc/g_pe[0].u_pe/u_instr_bridge/u_router/tgt_q_reg[0]_0
                         LUT5 (Prop_LUT5_I0_O)        0.070    10.420 f  u_soc/g_pe[0].u_pe/u_instr_bridge/u_router/void_rvalid_q_i_2/O
                         net (fo=2, unplaced)         0.186    10.606    u_soc/g_pe[0].u_pe/u_core/core_i/if_stage_i/prefetch_buffer_i/instruction_obi_i/void_rvalid_q_reg
                         LUT5 (Prop_LUT5_I4_O)        0.038    10.644 r  u_soc/g_pe[0].u_pe/u_core/core_i/if_stage_i/prefetch_buffer_i/instruction_obi_i/FSM_onehot_state_q[5]_i_3/O
                         net (fo=3, unplaced)         0.192    10.836    u_soc/g_pe[0].u_axi_ifetch/if_req_0
                         LUT2 (Prop_LUT2_I1_O)        0.038    10.874 r  u_soc/g_pe[0].u_axi_ifetch/i___164_i_5/O
                         net (fo=1, unplaced)         0.186    11.060    u_soc/g_pe[0].u_pe/u_instr_bridge/u_router/if_gnt_0
                         LUT6 (Prop_LUT6_I4_O)        0.038    11.098 r  u_soc/g_pe[0].u_pe/u_instr_bridge/u_router/i___164_i_1/O
                         net (fo=8, unplaced)         0.214    11.312    u_soc/g_pe[0].u_pe/u_instr_bridge/u_router/outstanding_q_reg[2]_0
                         LUT6 (Prop_LUT6_I5_O)        0.038    11.350 r  u_soc/g_pe[0].u_pe/u_instr_bridge/u_router/outstanding_q[2]_i_1/O
                         net (fo=3, unplaced)         0.146    11.496    u_soc/g_pe[0].u_pe/u_instr_bridge/u_router/outstanding_q[2]_i_1_n_0
                         FDCE                                         r  u_soc/g_pe[0].u_pe/u_instr_bridge/u_router/outstanding_q_reg[0]/CE
  -------------------------------------------------------------------    -------------------

                         (clock clk rise edge)        9.999     9.999 r  
    AH18                                              0.000     9.999 r  clk300_p_i (IN)
                         net (fo=0)                   0.000     9.999    u_ibufds/I
    HPIOBDIFFINBUF_X1Y36 DIFFINBUF (Prop_DIFFINBUF_HPIOBDIFFINBUF_DIFF_IN_P_O)
                                                      0.429    10.428 r  u_ibufds/DIFFINBUF_INST/O
                         net (fo=1, estimated)        0.040    10.468    u_ibufds/OUT
    AH18                 IBUFCTRL (Prop_IBUFCTRL_HPIOB_M_I_O)
                                                      0.000    10.468 r  u_ibufds/IBUFCTRL_INST/O
                         net (fo=1, unplaced)         0.251    10.719    clk_ref
                         BUFGCE_DIV (Prop_BUFGCE_DIV_I_O)
                                                      0.132    10.851 r  u_bufgce_div/O
                         net (fo=3481, unplaced)      2.439    13.290    u_soc/g_pe[0].u_pe/u_instr_bridge/u_router/clk
                         FDCE                                         r  u_soc/g_pe[0].u_pe/u_instr_bridge/u_router/outstanding_q_reg[0]/C
                         clock pessimism              0.155    13.445    
                         clock uncertainty           -0.035    13.410    
                         FDCE (Setup_FDCE_C_CE)      -0.061    13.349    u_soc/g_pe[0].u_pe/u_instr_bridge/u_router/outstanding_q_reg[0]
  -------------------------------------------------------------------
                         required time                         13.349    
                         arrival time                         -11.496    
  -------------------------------------------------------------------
                         slack                                  1.853    





Min Delay Paths
--------------------------------------------------------------------------------------
Slack (VIOLATED) :        -2.581ns  (arrival time - required time)
  Source:                 u_soc/g_pe[0].u_pe/u_instr_bridge/u_router/tgt_q_reg[0]/C
                            (rising edge-triggered cell FDCE clocked by clk  {rise@0.000ns fall@3.333ns period=9.999ns})
  Destination:            u_soc/g_pe[0].u_pe/u_core/core_i/if_stage_i/prefetch_buffer_i/fifo_i/mem_q_reg[0][0]/D
                            (rising edge-triggered cell FDCE clocked by clk  {rise@0.000ns fall@3.333ns period=9.999ns})
  Path Group:             clk
  Path Type:              Hold (Min at Slow Process Corner)
  Requirement:            0.000ns  (clk rise@0.000ns - clk rise@0.000ns)
  Data Path Delay:        0.236ns  (logic 0.094ns (39.830%)  route 0.142ns (60.169%))
  Logic Levels:           1  (LUT6=1)
  Clock Path Skew:        2.757ns (DCD - SCD - CPR)
    Destination Clock Delay (DCD):    6.203ns
    Source Clock Delay      (SCD):    3.291ns
    Clock Pessimism Removal (CPR):    0.155ns

    Location             Delay type                Incr(ns)  Path(ns)    Netlist Resource(s)
  -------------------------------------------------------------------    -------------------
                         (clock clk rise edge)        0.000     0.000 r  
    AH18                                              0.000     0.000 r  clk300_p_i (IN)
                         net (fo=0)                   0.000     0.000    u_ibufds/I
    HPIOBDIFFINBUF_X1Y36 DIFFINBUF (Prop_DIFFINBUF_HPIOBDIFFINBUF_DIFF_IN_P_O)
                                                      0.429     0.429 r  u_ibufds/DIFFINBUF_INST/O
                         net (fo=1, estimated)        0.040     0.469    u_ibufds/OUT
    AH18                 IBUFCTRL (Prop_IBUFCTRL_HPIOB_M_I_O)
                                                      0.000     0.469 r  u_ibufds/IBUFCTRL_INST/O
                         net (fo=1, unplaced)         0.251     0.720    clk_ref
                         BUFGCE_DIV (Prop_BUFGCE_DIV_I_O)
                                                      0.132     0.852 r  u_bufgce_div/O
                         net (fo=3481, unplaced)      2.439     3.291    u_soc/g_pe[0].u_pe/u_instr_bridge/u_router/clk
                         FDCE                                         r  u_soc/g_pe[0].u_pe/u_instr_bridge/u_router/tgt_q_reg[0]/C
  -------------------------------------------------------------------    -------------------
                         FDCE (Prop_FDCE_C_Q)         0.058     3.349 r  u_soc/g_pe[0].u_pe/u_instr_bridge/u_router/tgt_q_reg[0]/Q
                         net (fo=35, unplaced)        0.119     3.468    u_soc/g_pe[0].u_pe/u_instr_bridge/u_router/tgt_q_reg_n_0_[0]
                         LUT6 (Prop_LUT6_I5_O)        0.036     3.504 r  u_soc/g_pe[0].u_pe/u_instr_bridge/u_router/mem_q[0][0]_i_1/O
                         net (fo=3, unplaced)         0.023     3.527    u_soc/g_pe[0].u_pe/u_core/core_i/if_stage_i/prefetch_buffer_i/fifo_i/mem_q_reg[1][31]_1[0]
                         FDCE                                         r  u_soc/g_pe[0].u_pe/u_core/core_i/if_stage_i/prefetch_buffer_i/fifo_i/mem_q_reg[0][0]/D
  -------------------------------------------------------------------    -------------------

                         (clock clk rise edge)        0.000     0.000 r  
    AH18                                              0.000     0.000 r  clk300_p_i (IN)
                         net (fo=0)                   0.000     0.000    u_ibufds/I
    HPIOBDIFFINBUF_X1Y36 DIFFINBUF (Prop_DIFFINBUF_HPIOBDIFFINBUF_DIFF_IN_P_O)
                                                      0.525     0.525 r  u_ibufds/DIFFINBUF_INST/O
                         net (fo=1, estimated)        0.050     0.575    u_ibufds/OUT
    AH18                 IBUFCTRL (Prop_IBUFCTRL_HPIOB_M_I_O)
                                                      0.000     0.575 r  u_ibufds/IBUFCTRL_INST/O
                         net (fo=1, unplaced)         0.280     0.855    clk_ref
                         BUFGCE_DIV (Prop_BUFGCE_DIV_I_O)
                                                      0.152     1.007 r  u_bufgce_div/O
                         net (fo=3481, unplaced)      2.584     3.591    u_soc/g_pe[0].u_pe/u_core/core_i/sleep_unit_i/core_clock_gate_i/clk
                         BUFGCE (Prop_BUFGCE_I_O)     0.028     3.619 r  u_soc/g_pe[0].u_pe/u_core/core_i/sleep_unit_i/core_clock_gate_i/u_bufgce/O
                         net (fo=2099, unplaced)      2.584     6.203    u_soc/g_pe[0].u_pe/u_core/core_i/if_stage_i/prefetch_buffer_i/fifo_i/clk_0
                         FDCE                                         r  u_soc/g_pe[0].u_pe/u_core/core_i/if_stage_i/prefetch_buffer_i/fifo_i/mem_q_reg[0][0]/C
                         clock pessimism             -0.155     6.048    
                         FDCE (Hold_FDCE_C_D)         0.060     6.108    u_soc/g_pe[0].u_pe/u_core/core_i/if_stage_i/prefetch_buffer_i/fifo_i/mem_q_reg[0][0]
  -------------------------------------------------------------------
                         required time                         -6.108    
                         arrival time                           3.527    
  -------------------------------------------------------------------
                         slack                                 -2.581    





Pulse Width Checks
--------------------------------------------------------------------------------------
Clock Name:         clk
Waveform(ns):       { 0.000 3.333 }
Period(ns):         9.999
Sources:            { u_bufgce_div/O }

Check Type        Corner  Lib Pin             Reference Pin  Required(ns)  Actual(ns)  Slack(ns)  Location  Pin
Min Period        n/a     RAMB36E2/CLKARDCLK  n/a            1.569         9.999       8.430                u_soc/g_pe[0].u_pe/u_itcm/mem_reg_0_bram_0/CLKARDCLK
Low Pulse Width   Slow    RAMB36E2/CLKARDCLK  n/a            0.542         6.666       6.124                u_soc/g_pe[0].u_pe/u_itcm/mem_reg_0_bram_0/CLKARDCLK
High Pulse Width  Slow    RAMB36E2/CLKARDCLK  n/a            0.542         3.333       2.791                u_soc/g_pe[0].u_pe/u_itcm/mem_reg_0_bram_0/CLKARDCLK



---------------------------------------------------------------------------------------------------
Path Group:  **async_default**
From Clock:  clk
  To Clock:  clk

Setup :            0  Failing Endpoints,  Worst Slack        9.214ns,  Total Violation        0.000ns
Hold  :         8400  Failing Endpoints,  Worst Slack       -2.360ns,  Total Violation   -19824.000ns
---------------------------------------------------------------------------------------------------


Max Delay Paths
--------------------------------------------------------------------------------------
Slack (MET) :             9.214ns  (required time - arrival time)
  Source:                 rst_n_q_reg_rep__50/C
                            (rising edge-triggered cell FDRE clocked by clk  {rise@0.000ns fall@3.333ns period=9.999ns})
  Destination:            u_soc/g_nodcache.g_bypass[0].u_bypass/FSM_sequential_state_q_reg[0]/CLR
                            (recovery check against rising-edge clock clk  {rise@0.000ns fall@3.333ns period=9.999ns})
  Path Group:             **async_default**
  Path Type:              Recovery (Max at Slow Process Corner)
  Requirement:            9.999ns  (clk rise@9.999ns - clk rise@0.000ns)
  Data Path Delay:        0.539ns  (logic 0.115ns (21.336%)  route 0.424ns (78.664%))
  Logic Levels:           1  (LUT1=1)
  Clock Path Skew:        -0.145ns (DCD - SCD + CPR)
    Destination Clock Delay (DCD):    3.291ns = ( 13.290 - 9.999 ) 
    Source Clock Delay      (SCD):    3.591ns
    Clock Pessimism Removal (CPR):    0.155ns
  Clock Uncertainty:      0.035ns  ((TSJ^2 + TIJ^2)^1/2 + DJ) / 2 + PE
    Total System Jitter     (TSJ):    0.071ns
    Total Input Jitter      (TIJ):    0.000ns
    Discrete Jitter          (DJ):    0.000ns
    Phase Error              (PE):    0.000ns

    Location             Delay type                Incr(ns)  Path(ns)    Netlist Resource(s)
  -------------------------------------------------------------------    -------------------
                         (clock clk rise edge)        0.000     0.000 r  
    AH18                                              0.000     0.000 r  clk300_p_i (IN)
                         net (fo=0)                   0.000     0.000    u_ibufds/I
    HPIOBDIFFINBUF_X1Y36 DIFFINBUF (Prop_DIFFINBUF_HPIOBDIFFINBUF_DIFF_IN_P_O)
                                                      0.525     0.525 r  u_ibufds/DIFFINBUF_INST/O
                         net (fo=1, estimated)        0.050     0.575    u_ibufds/OUT
    AH18                 IBUFCTRL (Prop_IBUFCTRL_HPIOB_M_I_O)
                                                      0.000     0.575 r  u_ibufds/IBUFCTRL_INST/O
                         net (fo=1, unplaced)         0.280     0.855    clk_ref
                         BUFGCE_DIV (Prop_BUFGCE_DIV_I_O)
                                                      0.152     1.007 r  u_bufgce_div/O
                         net (fo=3481, unplaced)      2.584     3.591    clk
                         FDRE                                         r  rst_n_q_reg_rep__50/C
  -------------------------------------------------------------------    -------------------
                         FDRE (Prop_FDRE_C_Q)         0.077     3.668 r  rst_n_q_reg_rep__50/Q
                         net (fo=1, unplaced)         0.137     3.805    u_soc/g_pe[1].u_axi_dcu/w_be_q_reg[3]_1
                         LUT1 (Prop_LUT1_I0_O)        0.038     3.843 f  u_soc/g_pe[1].u_axi_dcu/r_addr_q[31]_i_2/O
                         net (fo=196, unplaced)       0.287     4.130    u_soc/g_nodcache.g_bypass[0].u_bypass/be_q_reg[2]_0
                         FDCE                                         f  u_soc/g_nodcache.g_bypass[0].u_bypass/FSM_sequential_state_q_reg[0]/CLR
  -------------------------------------------------------------------    -------------------

                         (clock clk rise edge)        9.999     9.999 r  
    AH18                                              0.000     9.999 r  clk300_p_i (IN)
                         net (fo=0)                   0.000     9.999    u_ibufds/I
    HPIOBDIFFINBUF_X1Y36 DIFFINBUF (Prop_DIFFINBUF_HPIOBDIFFINBUF_DIFF_IN_P_O)
                                                      0.429    10.428 r  u_ibufds/DIFFINBUF_INST/O
                         net (fo=1, estimated)        0.040    10.468    u_ibufds/OUT
    AH18                 IBUFCTRL (Prop_IBUFCTRL_HPIOB_M_I_O)
                                                      0.000    10.468 r  u_ibufds/IBUFCTRL_INST/O
                         net (fo=1, unplaced)         0.251    10.719    clk_ref
                         BUFGCE_DIV (Prop_BUFGCE_DIV_I_O)
                                                      0.132    10.851 r  u_bufgce_div/O
                         net (fo=3481, unplaced)      2.439    13.290    u_soc/g_nodcache.g_bypass[0].u_bypass/clk
                         FDCE                                         r  u_soc/g_nodcache.g_bypass[0].u_bypass/FSM_sequential_state_q_reg[0]/C
                         clock pessimism              0.155    13.445    
                         clock uncertainty           -0.035    13.410    
                         FDCE (Recov_FDCE_C_CLR)     -0.066    13.344    u_soc/g_nodcache.g_bypass[0].u_bypass/FSM_sequential_state_q_reg[0]
  -------------------------------------------------------------------
                         required time                         13.344    
                         arrival time                          -4.130    
  -------------------------------------------------------------------
                         slack                                  9.214    





Min Delay Paths
--------------------------------------------------------------------------------------
Slack (VIOLATED) :        -2.360ns  (arrival time - required time)
  Source:                 rst_n_q_reg_rep__36/C
                            (rising edge-triggered cell FDRE clocked by clk  {rise@0.000ns fall@3.333ns period=9.999ns})
  Destination:            u_soc/g_pe[0].u_pe/u_core/core_i/cs_registers_i/dcsr_q_reg[cause][6]/CLR
                            (removal check against rising-edge clock clk  {rise@0.000ns fall@3.333ns period=9.999ns})
  Path Group:             **async_default**
  Path Type:              Removal (Min at Slow Process Corner)
  Requirement:            0.000ns  (clk rise@0.000ns - clk rise@0.000ns)
  Data Path Delay:        0.365ns  (logic 0.081ns (22.192%)  route 0.284ns (77.808%))
  Logic Levels:           1  (LUT1=1)
  Clock Path Skew:        2.757ns (DCD - SCD - CPR)
    Destination Clock Delay (DCD):    6.203ns
    Source Clock Delay      (SCD):    3.291ns
    Clock Pessimism Removal (CPR):    0.155ns

    Location             Delay type                Incr(ns)  Path(ns)    Netlist Resource(s)
  -------------------------------------------------------------------    -------------------
                         (clock clk rise edge)        0.000     0.000 r  
    AH18                                              0.000     0.000 r  clk300_p_i (IN)
                         net (fo=0)                   0.000     0.000    u_ibufds/I
    HPIOBDIFFINBUF_X1Y36 DIFFINBUF (Prop_DIFFINBUF_HPIOBDIFFINBUF_DIFF_IN_P_O)
                                                      0.429     0.429 r  u_ibufds/DIFFINBUF_INST/O
                         net (fo=1, estimated)        0.040     0.469    u_ibufds/OUT
    AH18                 IBUFCTRL (Prop_IBUFCTRL_HPIOB_M_I_O)
                                                      0.000     0.469 r  u_ibufds/IBUFCTRL_INST/O
                         net (fo=1, unplaced)         0.251     0.720    clk_ref
                         BUFGCE_DIV (Prop_BUFGCE_DIV_I_O)
                                                      0.132     0.852 r  u_bufgce_div/O
                         net (fo=3481, unplaced)      2.439     3.291    clk
                         FDRE                                         r  rst_n_q_reg_rep__36/C
  -------------------------------------------------------------------    -------------------
                         FDRE (Prop_FDRE_C_Q)         0.058     3.349 r  rst_n_q_reg_rep__36/Q
                         net (fo=1, unplaced)         0.089     3.438    u_soc/g_pe[0].u_pe/u_core/core_i/cs_registers_i/gen_trigger_regs.tmatch_value_q_reg[3]_0
                         LUT1 (Prop_LUT1_I0_O)        0.023     3.461 f  u_soc/g_pe[0].u_pe/u_core/core_i/cs_registers_i/gen_trigger_regs.tmatch_value_q[31]_i_2/O
                         net (fo=199, unplaced)       0.195     3.656    u_soc/g_pe[0].u_pe/u_core/core_i/cs_registers_i/rst_n_q_reg_rep__36
                         FDCE                                         f  u_soc/g_pe[0].u_pe/u_core/core_i/cs_registers_i/dcsr_q_reg[cause][6]/CLR
  -------------------------------------------------------------------    -------------------

                         (clock clk rise edge)        0.000     0.000 r  
    AH18                                              0.000     0.000 r  clk300_p_i (IN)
                         net (fo=0)                   0.000     0.000    u_ibufds/I
    HPIOBDIFFINBUF_X1Y36 DIFFINBUF (Prop_DIFFINBUF_HPIOBDIFFINBUF_DIFF_IN_P_O)
                                                      0.525     0.525 r  u_ibufds/DIFFINBUF_INST/O
                         net (fo=1, estimated)        0.050     0.575    u_ibufds/OUT
    AH18                 IBUFCTRL (Prop_IBUFCTRL_HPIOB_M_I_O)
                                                      0.000     0.575 r  u_ibufds/IBUFCTRL_INST/O
                         net (fo=1, unplaced)         0.280     0.855    clk_ref
                         BUFGCE_DIV (Prop_BUFGCE_DIV_I_O)
                                                      0.152     1.007 r  u_bufgce_div/O
                         net (fo=3481, unplaced)      2.584     3.591    u_soc/g_pe[0].u_pe/u_core/core_i/sleep_unit_i/core_clock_gate_i/clk
                         BUFGCE (Prop_BUFGCE_I_O)     0.028     3.619 r  u_soc/g_pe[0].u_pe/u_core/core_i/sleep_unit_i/core_clock_gate_i/u_bufgce/O
                         net (fo=2099, unplaced)      2.584     6.203    u_soc/g_pe[0].u_pe/u_core/core_i/cs_registers_i/clk_0
                         FDCE                                         r  u_soc/g_pe[0].u_pe/u_core/core_i/cs_registers_i/dcsr_q_reg[cause][6]/C
                         clock pessimism             -0.155     6.048    
                         FDCE (Remov_FDCE_C_CLR)     -0.032     6.016    u_soc/g_pe[0].u_pe/u_core/core_i/cs_registers_i/dcsr_q_reg[cause][6]
  -------------------------------------------------------------------
                         required time                         -6.016    
                         arrival time                           3.656    
  -------------------------------------------------------------------
                         slack                                 -2.360    





