Copyright 1986-2022 Xilinx, Inc. All Rights Reserved. Copyright 2022-2025 Advanced Micro Devices, Inc. All Rights Reserved.
-------------------------------------------------------------------------------------------------------------------------------------------------------------------
| Tool Version      : Vivado v.2025.1 (win64) Build 6140274 Thu May 22 00:12:29 MDT 2025
| Date              : Mon Aug 31 19:53:17 2026
| Host              : Krishna_NITjsr running 64-bit major release  (build 9200)
| Command           : report_timing -sort_by group -max_paths 20 -path_type summary -file C:/work/riscv-cache-extension/fpga/reports_baseline/post_route_paths.rpt
| Design            : fpga_top
| Device            : xczu7ev-ffvc1156
| Speed File        : -2  PRODUCTION 1.30 05-15-2022
| Design State      : Routed
| Temperature Grade : E
-------------------------------------------------------------------------------------------------------------------------------------------------------------------

Timing Report

Startpoint                     Endpoint                       Slack(ns)     
----------------------------------------------------------------------------
u_soc/g_pe[2].u_pe/u_core/core_i/id_stage_i/alu_operand_b_ex_o_reg[1]/C
                               u_soc/g_pe[2].u_pe/u_core/core_i/if_stage_i/pc_id_o_reg[22]/CE
                                                              -1.475        
u_soc/g_pe[2].u_pe/u_core/core_i/id_stage_i/alu_operand_b_ex_o_reg[1]/C
                               u_soc/g_pe[2].u_pe/u_core/core_i/if_stage_i/pc_id_o_reg[27]/CE
                                                              -1.475        
u_soc/g_pe[2].u_pe/u_core/core_i/id_stage_i/alu_operand_b_ex_o_reg[1]/C
                               u_soc/g_pe[2].u_pe/u_core/core_i/id_stage_i/mhpmevent_load_o_reg/D
                                                              -1.471        
u_soc/g_pe[2].u_pe/u_core/core_i/id_stage_i/alu_operand_b_ex_o_reg[1]/C
                               u_soc/g_pe[2].u_pe/u_core/core_i/id_stage_i/data_req_ex_o_reg/CE
                                                              -1.467        
u_soc/g_pe[2].u_pe/u_core/core_i/id_stage_i/alu_operand_b_ex_o_reg[1]/C
                               u_soc/g_pe[2].u_pe/u_core/core_i/id_stage_i/mhpmevent_store_o_reg/D
                                                              -1.466        
u_soc/g_pe[2].u_pe/u_core/core_i/id_stage_i/alu_operand_b_ex_o_reg[1]/C
                               u_soc/g_pe[2].u_pe/u_core/core_i/id_stage_i/csr_op_ex_o_reg[1]/CE
                                                              -1.460        
u_soc/g_pe[2].u_pe/u_core/core_i/id_stage_i/alu_operand_b_ex_o_reg[1]/C
                               u_soc/g_pe[2].u_pe/u_core/core_i/id_stage_i/regfile_we_ex_o_reg/CE
                                                              -1.460        
u_soc/g_pe[2].u_pe/u_core/core_i/id_stage_i/alu_operand_b_ex_o_reg[1]/C
                               u_soc/g_pe[2].u_pe/u_core/core_i/id_stage_i/csr_op_ex_o_reg[0]/CE
                                                              -1.458        
u_soc/g_pe[2].u_pe/u_core/core_i/id_stage_i/alu_operand_b_ex_o_reg[1]/C
                               u_soc/g_pe[2].u_pe/u_core/core_i/id_stage_i/branch_in_ex_o_reg/CE
                                                              -1.455        
u_soc/g_pe[2].u_pe/u_core/core_i/id_stage_i/alu_operand_b_ex_o_reg[1]/C
                               u_soc/g_pe[2].u_pe/u_core/core_i/if_stage_i/pc_id_o_reg[29]/CE
                                                              -1.438        
u_soc/g_pe[2].u_pe/u_core/core_i/id_stage_i/alu_operand_b_ex_o_reg[1]/C
                               u_soc/g_pe[2].u_pe/u_core/core_i/id_stage_i/mult_operand_c_ex_o_reg[29]/CE
                                                              -1.424        
u_soc/g_pe[1].u_pe/u_instr_bridge/u_router/tgt_q_reg[1]/C
                               u_soc/g_pe[1].u_pe/u_core/core_i/if_stage_i/instr_rdata_id_o_reg[16]/D
                                                              -1.415        
u_soc/g_pe[1].u_pe/u_data_bridge/u_router/void_q_reg/C
                               u_soc/g_pe[1].u_pe/u_core/core_i/id_stage_i/register_file_i/gen_rf[9].mem_reg[9][28]/D
                                                              -1.398        
u_soc/g_pe[1].u_pe/u_data_bridge/u_router/void_q_reg/C
                               u_soc/g_pe[1].u_pe/u_core/core_i/id_stage_i/alu_operand_b_ex_o_reg[5]/D
                                                              -1.394        
u_soc/g_pe[2].u_pe/u_core/core_i/id_stage_i/alu_operand_b_ex_o_reg[1]/C
                               u_soc/g_pe[2].u_pe/u_core/core_i/id_stage_i/mult_operand_b_ex_o_reg[3]/CE
                                                              -1.392        
u_soc/g_pe[2].u_axi_ifetch/rvalid_o_reg/C
                               u_soc/g_pe[2].u_pe/u_core/core_i/if_stage_i/instr_rdata_id_o_reg[16]/D
                                                              -1.380        
u_soc/g_pe[2].u_pe/u_core/core_i/id_stage_i/alu_operand_b_ex_o_reg[1]/C
                               u_soc/g_pe[2].u_pe/u_core/core_i/id_stage_i/mult_operand_a_ex_o_reg[25]/CE
                                                              -1.375        
u_soc/g_pe[2].u_pe/u_core/core_i/id_stage_i/alu_operand_b_ex_o_reg[1]/C
                               u_soc/g_pe[2].u_pe/u_core/core_i/id_stage_i/mult_operand_a_ex_o_reg[16]/CE
                                                              -1.374        
u_soc/g_pe[2].u_pe/u_core/core_i/id_stage_i/alu_operand_b_ex_o_reg[1]/C
                               u_soc/g_pe[2].u_pe/u_core/core_i/id_stage_i/mult_operand_a_ex_o_reg[5]/CE
                                                              -1.371        
u_soc/g_pe[2].u_pe/u_core/core_i/id_stage_i/alu_operand_b_ex_o_reg[1]/C
                               u_soc/g_pe[2].u_pe/u_core/core_i/id_stage_i/mult_operand_a_ex_o_reg[19]/CE
                                                              -1.370        
rst_n_q_reg_rep__48/C          u_soc/g_pe[1].u_axi_ifetch/rdata_o_reg[13]/CLR
                                                              2.764         
rst_n_q_reg_rep__48/C          u_soc/g_pe[1].u_axi_ifetch/rdata_o_reg[31]/CLR
                                                              2.764         
rst_n_q_reg_rep__48/C          u_soc/g_pe[1].u_axi_ifetch/rdata_o_reg[8]/CLR
                                                              2.764         
rst_n_q_reg_rep__48/C          u_soc/g_pe[1].u_axi_ifetch/rdata_o_reg[11]/CLR
                                                              2.765         
rst_n_q_reg_rep__48/C          u_soc/g_pe[1].u_axi_ifetch/rdata_o_reg[6]/CLR
                                                              2.765         
rst_n_q_reg_rep__48/C          u_soc/g_pe[1].u_axi_ext/rdata_o_reg[8]/CLR
                                                              2.767         
rst_n_q_reg_rep__48/C          u_soc/g_pe[1].u_axi_dcu/r_line_q_reg[13]/CLR
                                                              2.767         
rst_n_q_reg_rep__48/C          u_soc/g_pe[1].u_axi_ext/rdata_o_reg[6]/CLR
                                                              2.768         
rst_n_q_reg_rep__48/C          u_soc/g_pe[1].u_axi_ifetch/rdata_o_reg[23]/CLR
                                                              2.771         
rst_n_q_reg_rep__48/C          u_soc/g_pe[1].u_axi_ifetch/rdata_o_reg[27]/CLR
                                                              2.771         
rst_n_q_reg_rep__48/C          u_soc/g_pe[1].u_axi_ifetch/rdata_o_reg[2]/CLR
                                                              2.771         
rst_n_q_reg_rep__48/C          u_soc/g_pe[2].u_axi_dcu/r_line_q_reg[25]/CLR
                                                              2.774         
rst_n_q_reg_rep__48/C          u_soc/g_pe[2].u_axi_dcu/r_line_q_reg[27]/CLR
                                                              2.774         
rst_n_q_reg_rep__48/C          u_soc/g_pe[1].u_axi_ifetch/rdata_o_reg[25]/CLR
                                                              2.781         
rst_n_q_reg_rep__48/C          u_soc/g_pe[1].u_axi_ifetch/rdata_o_reg[29]/CLR
                                                              2.781         
rst_n_q_reg_rep__48/C          u_soc/g_pe[1].u_axi_ifetch/rdata_o_reg[7]/CLR
                                                              2.781         
rst_n_q_reg_rep__48/C          u_soc/g_pe[1].u_axi_ext/rdata_o_reg[11]/CLR
                                                              2.783         
rst_n_q_reg_rep__48/C          u_soc/g_nodcache.g_bypass[1].u_bypass/core_rdata_o_reg[15]/CLR
                                                              2.784         
rst_n_q_reg_rep__48/C          u_soc/g_pe[1].u_axi_dcu/r_line_q_reg[15]/CLR
                                                              2.784         
rst_n_q_reg_rep__51/C          u_soc/g_pe[1].u_axi_ifetch/addr_q_reg[10]/CLR
                                                              3.043         



