Copyright 1986-2022 Xilinx, Inc. All Rights Reserved. Copyright 2022-2025 Advanced Micro Devices, Inc. All Rights Reserved.
-----------------------------------------------------------------------------------------------------------------------------------------------------------
| Tool Version : Vivado v.2025.1 (win64) Build 6140274 Thu May 22 00:12:29 MDT 2025
| Date         : Thu Sep  3 11:10:49 2026
| Host         : Krishna_NITjsr running 64-bit major release  (build 9200)
| Command      : report_utilization -hierarchical -hierarchical_depth 5 -file C:/work/riscv-cache-extension/fpga/reports_filtered/post_route_util_hier.rpt
| Design       : fpga_top
| Device       : xczu7ev-ffvc1156-2-e
| Speed File   : -2
| Design State : Routed
-----------------------------------------------------------------------------------------------------------------------------------------------------------

Utilization Design Information

Table of Contents
-----------------
1. Utilization by Hierarchy

1. Utilization by Hierarchy
---------------------------

+-----------------------------+----------------------------------+------------+------------+---------+------+-------+--------+--------+------+------------+
|           Instance          |              Module              | Total LUTs | Logic LUTs | LUTRAMs | SRLs |  FFs  | RAMB36 | RAMB18 | URAM | DSP Blocks |
+-----------------------------+----------------------------------+------------+------------+---------+------+-------+--------+--------+------+------------+
| fpga_top                    |                            (top) |      31204 |      31204 |       0 |    0 | 26954 |    120 |      8 |    0 |         20 |
|   (fpga_top)                |                            (top) |         19 |         19 |       0 |    0 |   321 |      0 |      0 |    0 |          0 |
|   u_soc                     |                          soc_top |      31185 |      31185 |       0 |    0 | 26633 |    120 |      8 |    0 |         20 |
|     g_dcache.u_dcache       |               coherent_subsystem |       9878 |       9878 |       0 |    0 | 15913 |     16 |      8 |    0 |          0 |
|       g_dcu[0].u_dcu        |                              dcu |       1473 |       1473 |       0 |    0 |  1005 |      4 |      2 |    0 |          0 |
|         (g_dcu[0].u_dcu)    |                              dcu |        601 |        601 |       0 |    0 |   717 |      0 |      0 |    0 |          0 |
|         u_data_ram          |     cache_ram__parameterized0_92 |        328 |        328 |       0 |    0 |   264 |      4 |      0 |    0 |          0 |
|         u_tag_ram           |                     cache_ram_93 |        546 |        546 |       0 |    0 |    24 |      0 |      2 |    0 |          0 |
|       g_dcu[1].u_dcu        |                           dcu_85 |       1832 |       1832 |       0 |    0 |  1005 |      4 |      2 |    0 |          0 |
|         (g_dcu[1].u_dcu)    |                           dcu_85 |        956 |        956 |       0 |    0 |   717 |      0 |      0 |    0 |          0 |
|         u_data_ram          |     cache_ram__parameterized0_90 |        328 |        328 |       0 |    0 |   264 |      4 |      0 |    0 |          0 |
|         u_tag_ram           |                     cache_ram_91 |        552 |        552 |       0 |    0 |    24 |      0 |      2 |    0 |          0 |
|       g_dcu[2].u_dcu        |                           dcu_86 |       1482 |       1482 |       0 |    0 |  1005 |      4 |      2 |    0 |          0 |
|         (g_dcu[2].u_dcu)    |                           dcu_86 |        603 |        603 |       0 |    0 |   717 |      0 |      0 |    0 |          0 |
|         u_data_ram          |     cache_ram__parameterized0_88 |        327 |        327 |       0 |    0 |   264 |      4 |      0 |    0 |          0 |
|         u_tag_ram           |                     cache_ram_89 |        556 |        556 |       0 |    0 |    24 |      0 |      2 |    0 |          0 |
|       g_dcu[3].u_dcu        |                           dcu_87 |       1498 |       1498 |       0 |    0 |  1004 |      4 |      2 |    0 |          0 |
|         (g_dcu[3].u_dcu)    |                           dcu_87 |        604 |        604 |       0 |    0 |   716 |      0 |      0 |    0 |          0 |
|         u_data_ram          |        cache_ram__parameterized0 |        328 |        328 |       0 |    0 |   264 |      4 |      0 |    0 |          0 |
|         u_tag_ram           |                        cache_ram |        568 |        568 |       0 |    0 |    24 |      0 |      2 |    0 |          0 |
|       u_snoopy_bus          |                       snoopy_bus |       3595 |       3595 |       0 |    0 | 11894 |      0 |      0 |    0 |          0 |
|         (u_snoopy_bus)      |                       snoopy_bus |          4 |          4 |       0 |    0 |     0 |      0 |      0 |    0 |          0 |
|         g_filter.u_filter   |                     snoop_filter |       3202 |       3202 |       0 |    0 | 11776 |      0 |      0 |    0 |          0 |
|         u_inv_arb           |                       rr_arbiter |        273 |        273 |       0 |    0 |     2 |      0 |      0 |    0 |          0 |
|         u_inv_table         |               invalidation_table |        116 |        116 |       0 |    0 |   116 |      0 |      0 |    0 |          0 |
|     g_pe[0].u_axi_dcu       |                   axi_master_dcu |         53 |         53 |       0 |    0 |   215 |      0 |      0 |    0 |          0 |
|     g_pe[0].u_axi_ext       |                axi_master_simple |         13 |         13 |       0 |    0 |    97 |      0 |      0 |    0 |          0 |
|     g_pe[0].u_axi_ifetch    |              axi_master_simple_0 |         12 |         12 |       0 |    0 |    57 |      0 |      0 |    0 |          0 |
|     g_pe[0].u_pe            |                           pe_top |       4390 |       4390 |       0 |    0 |  2118 |      8 |      0 |    0 |          5 |
|       u_core                |                  cv32e40p_top_60 |       4247 |       4247 |       0 |    0 |  2101 |      0 |      0 |    0 |          5 |
|         (u_core)            |                  cv32e40p_top_60 |        261 |        261 |       0 |    0 |     0 |      0 |      0 |    0 |          0 |
|         core_i              |                 cv32e40p_core_66 |       4001 |       4001 |       0 |    0 |  2101 |      0 |      0 |    0 |          5 |
|           cs_registers_i    |         cv32e40p_cs_registers_67 |         92 |         92 |       0 |    0 |   461 |      0 |      0 |    0 |          0 |
|           ex_stage_i        |             cv32e40p_ex_stage_68 |        299 |        299 |       0 |    0 |   118 |      0 |      0 |    0 |          5 |
|           id_stage_i        |             cv32e40p_id_stage_69 |       2898 |       2898 |       0 |    0 |  1238 |      0 |      0 |    0 |          0 |
|           if_stage_i        |             cv32e40p_if_stage_70 |        668 |        668 |       0 |    0 |   242 |      0 |      0 |    0 |          0 |
|           load_store_unit_i |      cv32e40p_load_store_unit_71 |         74 |         74 |       0 |    0 |    40 |      0 |      0 |    0 |          0 |
|       u_data_bridge         |                   data_bridge_61 |         72 |         72 |       0 |    0 |     8 |      0 |      0 |    0 |          0 |
|         u_router            | bridge_router__parameterized0_65 |         72 |         72 |       0 |    0 |     8 |      0 |      0 |    0 |          0 |
|     g_pe[1].u_axi_dcu       |                 axi_master_dcu_1 |         58 |         58 |       0 |    0 |   215 |      0 |      0 |    0 |          0 |
|     g_pe[1].u_axi_ext       |              axi_master_simple_2 |         15 |         15 |       0 |    0 |    97 |      0 |      0 |    0 |          0 |
|     g_pe[1].u_axi_ifetch    |              axi_master_simple_3 |         15 |         15 |       0 |    0 |    57 |      0 |      0 |    0 |          0 |
|     g_pe[1].u_pe            |           pe_top__parameterized0 |       4367 |       4367 |       0 |    0 |  2118 |      8 |      0 |    0 |          5 |
|       u_core                |                  cv32e40p_top_35 |       4224 |       4224 |       0 |    0 |  2101 |      0 |      0 |    0 |          5 |
|         (u_core)            |                  cv32e40p_top_35 |        253 |        253 |       0 |    0 |     0 |      0 |      0 |    0 |          0 |
|         core_i              |                 cv32e40p_core_41 |       3989 |       3989 |       0 |    0 |  2101 |      0 |      0 |    0 |          5 |
|           cs_registers_i    |         cv32e40p_cs_registers_42 |         92 |         92 |       0 |    0 |   461 |      0 |      0 |    0 |          0 |
|           ex_stage_i        |             cv32e40p_ex_stage_43 |        300 |        300 |       0 |    0 |   118 |      0 |      0 |    0 |          5 |
|           id_stage_i        |             cv32e40p_id_stage_44 |       2892 |       2892 |       0 |    0 |  1238 |      0 |      0 |    0 |          0 |
|           if_stage_i        |             cv32e40p_if_stage_45 |        664 |        664 |       0 |    0 |   242 |      0 |      0 |    0 |          0 |
|           load_store_unit_i |      cv32e40p_load_store_unit_46 |         74 |         74 |       0 |    0 |    40 |      0 |      0 |    0 |          0 |
|       u_data_bridge         |                   data_bridge_36 |        103 |        103 |       0 |    0 |     8 |      0 |      0 |    0 |          0 |
|         u_router            | bridge_router__parameterized0_40 |        103 |        103 |       0 |    0 |     8 |      0 |      0 |    0 |          0 |
|     g_pe[2].u_axi_dcu       |                 axi_master_dcu_4 |         54 |         54 |       0 |    0 |   215 |      0 |      0 |    0 |          0 |
|     g_pe[2].u_axi_ext       |              axi_master_simple_5 |         13 |         13 |       0 |    0 |    97 |      0 |      0 |    0 |          0 |
|     g_pe[2].u_axi_ifetch    |              axi_master_simple_6 |         11 |         11 |       0 |    0 |    57 |      0 |      0 |    0 |          0 |
|     g_pe[2].u_pe            |           pe_top__parameterized1 |       4379 |       4379 |       0 |    0 |  2118 |      8 |      0 |    0 |          5 |
|       u_core                |                  cv32e40p_top_10 |       4236 |       4236 |       0 |    0 |  2101 |      0 |      0 |    0 |          5 |
|         (u_core)            |                  cv32e40p_top_10 |        260 |        260 |       0 |    0 |     0 |      0 |      0 |    0 |          0 |
|         core_i              |                 cv32e40p_core_16 |       3990 |       3990 |       0 |    0 |  2101 |      0 |      0 |    0 |          5 |
|           cs_registers_i    |         cv32e40p_cs_registers_17 |         92 |         92 |       0 |    0 |   461 |      0 |      0 |    0 |          0 |
|           ex_stage_i        |             cv32e40p_ex_stage_18 |        300 |        300 |       0 |    0 |   118 |      0 |      0 |    0 |          5 |
|           id_stage_i        |             cv32e40p_id_stage_19 |       2890 |       2890 |       0 |    0 |  1238 |      0 |      0 |    0 |          0 |
|           if_stage_i        |             cv32e40p_if_stage_20 |        663 |        663 |       0 |    0 |   242 |      0 |      0 |    0 |          0 |
|           load_store_unit_i |      cv32e40p_load_store_unit_21 |         74 |         74 |       0 |    0 |    40 |      0 |      0 |    0 |          0 |
|       u_data_bridge         |                   data_bridge_11 |         72 |         72 |       0 |    0 |     8 |      0 |      0 |    0 |          0 |
|         u_router            | bridge_router__parameterized0_15 |         72 |         72 |       0 |    0 |     8 |      0 |      0 |    0 |          0 |
|     g_pe[3].u_axi_dcu       |                 axi_master_dcu_7 |         59 |         59 |       0 |    0 |   215 |      0 |      0 |    0 |          0 |
|     g_pe[3].u_axi_ext       |              axi_master_simple_8 |         15 |         15 |       0 |    0 |    97 |      0 |      0 |    0 |          0 |
|     g_pe[3].u_axi_ifetch    |              axi_master_simple_9 |         15 |         15 |       0 |    0 |    57 |      0 |      0 |    0 |          0 |
|     g_pe[3].u_pe            |           pe_top__parameterized2 |       4383 |       4383 |       0 |    0 |  2118 |      8 |      0 |    0 |          5 |
|       u_core                |                     cv32e40p_top |       4240 |       4240 |       0 |    0 |  2101 |      0 |      0 |    0 |          5 |
|         (u_core)            |                     cv32e40p_top |        260 |        260 |       0 |    0 |     0 |      0 |      0 |    0 |          0 |
|         core_i              |                    cv32e40p_core |       3992 |       3992 |       0 |    0 |  2101 |      0 |      0 |    0 |          5 |
|           cs_registers_i    |            cv32e40p_cs_registers |         92 |         92 |       0 |    0 |   461 |      0 |      0 |    0 |          0 |
|           ex_stage_i        |                cv32e40p_ex_stage |        300 |        300 |       0 |    0 |   118 |      0 |      0 |    0 |          5 |
|           id_stage_i        |                cv32e40p_id_stage |       2895 |       2895 |       0 |    0 |  1238 |      0 |      0 |    0 |          0 |
|           if_stage_i        |                cv32e40p_if_stage |        662 |        662 |       0 |    0 |   242 |      0 |      0 |    0 |          0 |
|           load_store_unit_i |         cv32e40p_load_store_unit |         74 |         74 |       0 |    0 |    40 |      0 |      0 |    0 |          0 |
|       u_data_bridge         |                      data_bridge |         72 |         72 |       0 |    0 |     8 |      0 |      0 |    0 |          0 |
|         u_router            |    bridge_router__parameterized0 |         72 |         72 |       0 |    0 |     8 |      0 |      0 |    0 |          0 |
|     u_ctrl                  |                         axi_ctrl |        114 |        114 |       0 |    0 |   259 |      0 |      0 |    0 |          0 |
|     u_sdmem                 |                         axi_sram |        723 |        723 |       0 |    0 |   148 |     64 |      0 |    0 |          0 |
|     u_simem                 |         axi_sram__parameterized0 |        507 |        507 |       0 |    0 |    86 |      8 |      0 |    0 |          0 |
|     u_xbar                  |                         axi_xbar |       2126 |       2126 |       0 |    0 |   279 |      0 |      0 |    0 |          0 |
+-----------------------------+----------------------------------+------------+------------+---------+------+-------+--------+--------+------+------------+
* Note: The sum of lower-level cells may be larger than their parent cells total, due to cross-hierarchy LUT combining


