Copyright 1986-2022 Xilinx, Inc. All Rights Reserved. Copyright 2022-2025 Advanced Micro Devices, Inc. All Rights Reserved.
--------------------------------------------------------------------------------------------------------------------------------------------------
| Tool Version      : Vivado v.2025.1 (win64) Build 6140274 Thu May 22 00:12:29 MDT 2025
| Date              : Thu Sep  3 10:46:21 2026
| Host              : Krishna_NITjsr running 64-bit major release  (build 9200)
| Command           : report_timing_summary -file C:/work/riscv-cache-extension/fpga/reports_filtered/post_synth_timing.rpt
| Design            : fpga_top
| Device            : xczu7ev-ffvc1156
| Speed File        : -2  PRODUCTION 1.30 05-15-2022
| Design State      : Synthesized
| Temperature Grade : E
--------------------------------------------------------------------------------------------------------------------------------------------------

Timing Summary Report

------------------------------------------------------------------------------------------------
| Timer Settings
| --------------
------------------------------------------------------------------------------------------------

  Enable Multi Corner Analysis               :  Yes
  Enable Pessimism Removal                   :  Yes
  Pessimism Removal Resolution               :  Nearest Common Node
  Enable Input Delay Default Clock           :  No
  Enable Preset / Clear Arcs                 :  No
  Disable Flight Delays                      :  No
  Ignore I/O Paths                           :  No
  Timing Early Launch at Borrowing Latches   :  No
  Borrow Time for Max Delay Exceptions       :  Yes
  Merge Timing Exceptions                    :  Yes
  Inter-SLR Compensation                     :  Conservative

  Corner  Analyze    Analyze    
  Name    Max Paths  Min Paths  
  ------  ---------  ---------  
  Slow    Yes        Yes        
  Fast    Yes        Yes        


------------------------------------------------------------------------------------------------
| Report Methodology
| ------------------
------------------------------------------------------------------------------------------------

No report available as report_methodology has not been run prior. Run report_methodology on the current design for the summary of methodology violations.



check_timing report

Table of Contents
-----------------
1. checking no_clock (0)
2. checking constant_clock (0)
3. checking pulse_width_clock (0)
4. checking unconstrained_internal_endpoints (0)
5. checking no_input_delay (9)
6. checking no_output_delay (4)
7. checking multiple_clock (0)
8. checking generated_clocks (0)
9. checking loops (0)
10. checking partial_input_delay (0)
11. checking partial_output_delay (0)
12. checking latch_loops (0)

1. checking no_clock (0)
------------------------
 There are 0 register/latch pins with no clock.


2. checking constant_clock (0)
------------------------------
 There are 0 register/latch pins with constant_clock.


3. checking pulse_width_clock (0)
---------------------------------
 There are 0 register/latch pins which need pulse_width check


4. checking unconstrained_internal_endpoints (0)
------------------------------------------------
 There are 0 pins that are not constrained for maximum delay.

 There are 0 pins that are not constrained for maximum delay due to constant clock.


5. checking no_input_delay (9)
------------------------------
 There are 0 input ports with no input delay specified.

 There are 9 input ports with no input delay but user has a false path constraint. (MEDIUM)


6. checking no_output_delay (4)
-------------------------------
 There are 0 ports with no output delay specified.

 There are 4 ports with no output delay but user has a false path constraint (MEDIUM)

 There are 0 ports with no output delay but with a timing clock defined on it or propagating through it


7. checking multiple_clock (0)
------------------------------
 There are 0 register/latch pins with multiple clocks.


8. checking generated_clocks (0)
--------------------------------
 There are 0 generated clocks that are not connected to a clock source.


9. checking loops (0)
---------------------
 There are 0 combinational loops in the design.


10. checking partial_input_delay (0)
------------------------------------
 There are 0 input ports with partial input delay specified.


11. checking partial_output_delay (0)
-------------------------------------
 There are 0 ports with partial output delay specified.


12. checking latch_loops (0)
----------------------------
 There are 0 combinational latch loops in the design through latch input



------------------------------------------------------------------------------------------------
| Design Timing Summary
| ---------------------
------------------------------------------------------------------------------------------------

    WNS(ns)      TNS(ns)  TNS Failing Endpoints  TNS Total Endpoints      WHS(ns)      THS(ns)  THS Failing Endpoints  THS Total Endpoints     WPWS(ns)     TPWS(ns)  TPWS Failing Endpoints  TPWS Total Endpoints  
    -------      -------  ---------------------  -------------------      -------      -------  ---------------------  -------------------     --------     --------  ----------------------  --------------------  
      5.154        0.000                      0                70575       -2.581   -37107.160                  36152                70575        2.262        0.000                       0                 27220  


Timing constraints are not met.


------------------------------------------------------------------------------------------------
| Clock Summary
| -------------
------------------------------------------------------------------------------------------------

Clock   Waveform(ns)         Period(ns)      Frequency(MHz)
-----   ------------         ----------      --------------
clk300  {0.000 1.666}        3.333           300.030         
  clk   {0.000 6.666}        13.332          75.008          


------------------------------------------------------------------------------------------------
| Intra Clock Table
| -----------------
------------------------------------------------------------------------------------------------

Clock             WNS(ns)      TNS(ns)  TNS Failing Endpoints  TNS Total Endpoints      WHS(ns)      THS(ns)  THS Failing Endpoints  THS Total Endpoints     WPWS(ns)     TPWS(ns)  TPWS Failing Endpoints  TPWS Total Endpoints  
-----             -------      -------  ---------------------  -------------------      -------      -------  ---------------------  -------------------     --------     --------  ----------------------  --------------------  
clk300                                                                                                                                                          2.262        0.000                       0                     1  
  clk               5.154        0.000                      0                56430       -2.581   -17292.598                  27756                56430        6.124        0.000                       0                 27219  


------------------------------------------------------------------------------------------------
| Inter Clock Table
| -----------------
------------------------------------------------------------------------------------------------

From Clock    To Clock          WNS(ns)      TNS(ns)  TNS Failing Endpoints  TNS Total Endpoints      WHS(ns)      THS(ns)  THS Failing Endpoints  THS Total Endpoints  
----------    --------          -------      -------  ---------------------  -------------------      -------      -------  ---------------------  -------------------  


------------------------------------------------------------------------------------------------
| Other Path Groups Table
| -----------------------
------------------------------------------------------------------------------------------------

Path Group         From Clock         To Clock               WNS(ns)      TNS(ns)  TNS Failing Endpoints  TNS Total Endpoints      WHS(ns)      THS(ns)  THS Failing Endpoints  THS Total Endpoints  
----------         ----------         --------               -------      -------  ---------------------  -------------------      -------      -------  ---------------------  -------------------  
**async_default**  clk                clk                     12.547        0.000                      0                14145       -2.360   -19814.559                   8396                14145  


------------------------------------------------------------------------------------------------
| Timing Details
| --------------
------------------------------------------------------------------------------------------------


---------------------------------------------------------------------------------------------------
From Clock:  clk300
  To Clock:  clk300

Setup :           NA  Failing Endpoints,  Worst Slack           NA  ,  Total Violation           NA
Hold  :           NA  Failing Endpoints,  Worst Slack           NA  ,  Total Violation           NA
PW    :            0  Failing Endpoints,  Worst Slack        2.262ns,  Total Violation        0.000ns
---------------------------------------------------------------------------------------------------


Pulse Width Checks
--------------------------------------------------------------------------------------
Clock Name:         clk300
Waveform(ns):       { 0.000 1.666 }
Period(ns):         3.333
Sources:            { clk300_p_i }

Check Type  Corner  Lib Pin       Reference Pin  Required(ns)  Actual(ns)  Slack(ns)  Location  Pin
Min Period  n/a     BUFGCE_DIV/I  n/a            1.071         3.333       2.262                u_bufgce_div/I



---------------------------------------------------------------------------------------------------
From Clock:  clk
  To Clock:  clk

Setup :            0  Failing Endpoints,  Worst Slack        5.154ns,  Total Violation        0.000ns
Hold  :        27756  Failing Endpoints,  Worst Slack       -2.581ns,  Total Violation   -17292.597ns
PW    :            0  Failing Endpoints,  Worst Slack        6.124ns,  Total Violation        0.000ns
---------------------------------------------------------------------------------------------------


Max Delay Paths
--------------------------------------------------------------------------------------
Slack (MET) :             5.154ns  (required time - arrival time)
  Source:                 u_soc/g_pe[1].u_pe/u_core/core_i/id_stage_i/alu_operand_a_ex_o_reg[25]/C
                            (rising edge-triggered cell FDCE clocked by clk  {rise@0.000ns fall@6.666ns period=13.332ns})
  Destination:            u_soc/g_pe[1].u_pe/u_instr_bridge/u_router/outstanding_q_reg[0]/CE
                            (rising edge-triggered cell FDCE clocked by clk  {rise@0.000ns fall@6.666ns period=13.332ns})
  Path Group:             clk
  Path Type:              Setup (Max at Slow Process Corner)
  Requirement:            13.332ns  (clk rise@13.332ns - clk rise@0.000ns)
  Data Path Delay:        5.325ns  (logic 1.200ns (22.535%)  route 4.125ns (77.465%))
  Logic Levels:           20  (CARRY8=1 LUT2=3 LUT3=2 LUT4=2 LUT5=6 LUT6=6)
  Clock Path Skew:        -2.757ns (DCD - SCD + CPR)
    Destination Clock Delay (DCD):    3.291ns = ( 16.623 - 13.332 ) 
    Source Clock Delay      (SCD):    6.203ns
    Clock Pessimism Removal (CPR):    0.155ns
  Clock Uncertainty:      0.035ns  ((TSJ^2 + TIJ^2)^1/2 + DJ) / 2 + PE
    Total System Jitter     (TSJ):    0.071ns
    Total Input Jitter      (TIJ):    0.000ns
    Discrete Jitter          (DJ):    0.000ns
    Phase Error              (PE):    0.000ns

    Location             Delay type                Incr(ns)  Path(ns)    Netlist Resource(s)
  -------------------------------------------------------------------    -------------------
                         (clock clk rise edge)        0.000     0.000 r  
    AH18                                              0.000     0.000 r  clk300_p_i (IN)
                         net (fo=0)                   0.000     0.000    u_ibufds/I
    HPIOBDIFFINBUF_X1Y36 DIFFINBUF (Prop_DIFFINBUF_HPIOBDIFFINBUF_DIFF_IN_P_O)
                                                      0.525     0.525 r  u_ibufds/DIFFINBUF_INST/O
                         net (fo=1, estimated)        0.050     0.575    u_ibufds/OUT
    AH18                 IBUFCTRL (Prop_IBUFCTRL_HPIOB_M_I_O)
                                                      0.000     0.575 r  u_ibufds/IBUFCTRL_INST/O
                         net (fo=1, unplaced)         0.280     0.855    clk_ref
                         BUFGCE_DIV (Prop_BUFGCE_DIV_I_O)
                                                      0.152     1.007 r  u_bufgce_div/O
                         net (fo=18823, unplaced)     2.584     3.591    u_soc/g_pe[1].u_pe/u_core/core_i/sleep_unit_i/core_clock_gate_i/clk
                         BUFGCE (Prop_BUFGCE_I_O)     0.028     3.619 r  u_soc/g_pe[1].u_pe/u_core/core_i/sleep_unit_i/core_clock_gate_i/u_bufgce/O
                         net (fo=2099, unplaced)      2.584     6.203    u_soc/g_pe[1].u_pe/u_core/core_i/id_stage_i/clk_0
                         FDCE                                         r  u_soc/g_pe[1].u_pe/u_core/core_i/id_stage_i/alu_operand_a_ex_o_reg[25]/C
  -------------------------------------------------------------------    -------------------
                         FDCE (Prop_FDCE_C_Q)         0.077     6.280 f  u_soc/g_pe[1].u_pe/u_core/core_i/id_stage_i/alu_operand_a_ex_o_reg[25]/Q
                         net (fo=26, unplaced)        0.147     6.427    u_soc/g_pe[1].u_pe/u_core/core_i/id_stage_i/register_file_i/gen_rf[31].mem[31][18]_i_10__0_0[25]
                         LUT4 (Prop_LUT4_I0_O)        0.139     6.566 f  u_soc/g_pe[1].u_pe/u_core/core_i/id_stage_i/register_file_i/i___242_i_47/O
                         net (fo=1, unplaced)         0.260     6.826    u_soc/g_pe[1].u_pe/u_core/core_i/id_stage_i/register_file_i/i___242_i_47_n_0
                         CARRY8 (Prop_CARRY8_DI[0]_CO[4])
                                                      0.184     7.010 f  u_soc/g_pe[1].u_pe/u_core/core_i/id_stage_i/register_file_i/i___242_i_37/CO[4]
                         net (fo=1, unplaced)         0.184     7.194    u_soc/g_pe[1].u_pe/u_core/core_i/id_stage_i/register_file_i/ex_stage_i/alu_i/is_greater_vec_3
                         LUT3 (Prop_LUT3_I0_O)        0.038     7.232 f  u_soc/g_pe[1].u_pe/u_core/core_i/id_stage_i/register_file_i/i___242_i_11/O
                         net (fo=1, unplaced)         0.186     7.418    u_soc/g_pe[1].u_pe/u_core/core_i/id_stage_i/register_file_i/i___242_i_11_n_0
                         LUT5 (Prop_LUT5_I4_O)        0.038     7.456 f  u_soc/g_pe[1].u_pe/u_core/core_i/id_stage_i/register_file_i/i___242_i_2/O
                         net (fo=2, unplaced)         0.186     7.642    u_soc/g_pe[1].u_pe/u_core/core_i_n_581
                         LUT6 (Prop_LUT6_I5_O)        0.038     7.680 r  u_soc/g_pe[1].u_pe/u_core/i___242/O
                         net (fo=1, unplaced)         0.186     7.866    u_soc/g_pe[1].u_pe/u_core/core_i/id_stage_i/register_file_i/mhpmevent_branch_taken_o_reg
                         LUT6 (Prop_LUT6_I1_O)        0.038     7.904 r  u_soc/g_pe[1].u_pe/u_core/core_i/id_stage_i/register_file_i/i___99_i_1/O
                         net (fo=29, unplaced)        0.243     8.147    u_soc/g_pe[1].u_pe/u_core/core_i_n_548
                         LUT2 (Prop_LUT2_I1_O)        0.070     8.217 f  u_soc/g_pe[1].u_pe/u_core/i___99/O
                         net (fo=5, unplaced)         0.204     8.421    u_soc/g_pe[1].u_pe/u_core/core_i/id_stage_i/controller_i/status_cnt_q_reg[1]_0
                         LUT5 (Prop_LUT5_I1_O)        0.038     8.459 f  u_soc/g_pe[1].u_pe/u_core/core_i/id_stage_i/controller_i/i___22_i_5/O
                         net (fo=2, unplaced)         0.186     8.645    u_soc/g_pe[1].u_pe/u_core/core_i/id_stage_i/controller_i/i___22_i_5_n_0
                         LUT6 (Prop_LUT6_I1_O)        0.038     8.683 f  u_soc/g_pe[1].u_pe/u_core/core_i/id_stage_i/controller_i/i___22_i_2/O
                         net (fo=35, unplaced)        0.248     8.931    u_soc/g_pe[1].u_pe/u_core/core_i/id_stage_i/controller_i/ctrl_fsm_cs_reg[0]_3
                         LUT2 (Prop_LUT2_I1_O)        0.038     8.969 r  u_soc/g_pe[1].u_pe/u_core/core_i/id_stage_i/controller_i/trans_addr_q[7]_i_4/O
                         net (fo=30, unplaced)        0.244     9.213    u_soc/g_pe[1].u_pe/u_core/core_i/id_stage_i/controller_i/trans_addr_q[7]_i_4_n_0
                         LUT5 (Prop_LUT5_I4_O)        0.038     9.251 r  u_soc/g_pe[1].u_pe/u_core/core_i/id_stage_i/controller_i/trans_addr_q[28]_i_4__0/O
                         net (fo=1, unplaced)         0.186     9.437    u_soc/g_pe[1].u_pe/u_core/core_i/id_stage_i/controller_i/trans_addr_q[28]_i_4__0_n_0
                         LUT4 (Prop_LUT4_I3_O)        0.038     9.475 r  u_soc/g_pe[1].u_pe/u_core/core_i/id_stage_i/controller_i/trans_addr_q[28]_i_2__0/O
                         net (fo=3, unplaced)         0.192     9.667    u_soc/g_pe[1].u_pe/u_core/core_i/if_stage_i/prefetch_buffer_i/instruction_obi_i/gen_no_trans_stable.obi_addr_q_reg[28]_0
                         LUT5 (Prop_LUT5_I2_O)        0.038     9.705 r  u_soc/g_pe[1].u_pe/u_core/core_i/if_stage_i/prefetch_buffer_i/instruction_obi_i/gen_no_trans_stable.obi_addr_q[28]_i_1__0/O
                         net (fo=7, unplaced)         0.165     9.870    u_soc/g_pe[1].u_pe/u_core/core_i/if_stage_i/prefetch_buffer_i/instruction_obi_i/gen_no_trans_stable.obi_addr_q_reg[31]_0[16]
                         LUT3 (Prop_LUT3_I0_O)        0.090     9.960 r  u_soc/g_pe[1].u_pe/u_core/core_i/if_stage_i/prefetch_buffer_i/instruction_obi_i/void_q_i_1__2/O
                         net (fo=3, unplaced)         0.192    10.152    u_soc/g_pe[1].u_pe/u_instr_bridge/u_router/sel_void
                         LUT6 (Prop_LUT6_I3_O)        0.038    10.190 f  u_soc/g_pe[1].u_pe/u_instr_bridge/u_router/i___162_i_4/O
                         net (fo=3, unplaced)         0.192    10.382    u_soc/g_pe[1].u_pe/u_instr_bridge/u_router/tgt_q_reg[0]_0
                         LUT5 (Prop_LUT5_I0_O)        0.070    10.452 f  u_soc/g_pe[1].u_pe/u_instr_bridge/u_router/void_rvalid_q_i_2__0/O
                         net (fo=2, unplaced)         0.186    10.638    u_soc/g_pe[1].u_pe/u_core/core_i/if_stage_i/prefetch_buffer_i/instruction_obi_i/void_rvalid_q_reg
                         LUT5 (Prop_LUT5_I4_O)        0.038    10.676 r  u_soc/g_pe[1].u_pe/u_core/core_i/if_stage_i/prefetch_buffer_i/instruction_obi_i/FSM_onehot_state_q[5]_i_3__1/O
                         net (fo=3, unplaced)         0.192    10.868    u_soc/g_pe[1].u_axi_ifetch/if_req_1
                         LUT2 (Prop_LUT2_I1_O)        0.038    10.906 r  u_soc/g_pe[1].u_axi_ifetch/i___162_i_5/O
                         net (fo=1, unplaced)         0.186    11.092    u_soc/g_pe[1].u_pe/u_instr_bridge/u_router/if_gnt_1
                         LUT6 (Prop_LUT6_I4_O)        0.038    11.130 r  u_soc/g_pe[1].u_pe/u_instr_bridge/u_router/i___162_i_1/O
                         net (fo=8, unplaced)         0.214    11.344    u_soc/g_pe[1].u_pe/u_instr_bridge/u_router/outstanding_q_reg[2]_0
                         LUT6 (Prop_LUT6_I5_O)        0.038    11.382 r  u_soc/g_pe[1].u_pe/u_instr_bridge/u_router/outstanding_q[2]_i_1__2/O
                         net (fo=3, unplaced)         0.146    11.528    u_soc/g_pe[1].u_pe/u_instr_bridge/u_router/outstanding_q[2]_i_1__2_n_0
                         FDCE                                         r  u_soc/g_pe[1].u_pe/u_instr_bridge/u_router/outstanding_q_reg[0]/CE
  -------------------------------------------------------------------    -------------------

                         (clock clk rise edge)       13.332    13.332 r  
    AH18                                              0.000    13.332 r  clk300_p_i (IN)
                         net (fo=0)                   0.000    13.332    u_ibufds/I
    HPIOBDIFFINBUF_X1Y36 DIFFINBUF (Prop_DIFFINBUF_HPIOBDIFFINBUF_DIFF_IN_P_O)
                                                      0.429    13.761 r  u_ibufds/DIFFINBUF_INST/O
                         net (fo=1, estimated)        0.040    13.801    u_ibufds/OUT
    AH18                 IBUFCTRL (Prop_IBUFCTRL_HPIOB_M_I_O)
                                                      0.000    13.801 r  u_ibufds/IBUFCTRL_INST/O
                         net (fo=1, unplaced)         0.251    14.052    clk_ref
                         BUFGCE_DIV (Prop_BUFGCE_DIV_I_O)
                                                      0.132    14.184 r  u_bufgce_div/O
                         net (fo=18823, unplaced)     2.439    16.623    u_soc/g_pe[1].u_pe/u_instr_bridge/u_router/clk
                         FDCE                                         r  u_soc/g_pe[1].u_pe/u_instr_bridge/u_router/outstanding_q_reg[0]/C
                         clock pessimism              0.155    16.778    
                         clock uncertainty           -0.035    16.743    
                         FDCE (Setup_FDCE_C_CE)      -0.061    16.682    u_soc/g_pe[1].u_pe/u_instr_bridge/u_router/outstanding_q_reg[0]
  -------------------------------------------------------------------
                         required time                         16.682    
                         arrival time                         -11.528    
  -------------------------------------------------------------------
                         slack                                  5.154    





Min Delay Paths
--------------------------------------------------------------------------------------
Slack (VIOLATED) :        -2.581ns  (arrival time - required time)
  Source:                 u_soc/g_pe[0].u_pe/u_instr_bridge/u_router/tgt_q_reg[0]/C
                            (rising edge-triggered cell FDCE clocked by clk  {rise@0.000ns fall@6.666ns period=13.332ns})
  Destination:            u_soc/g_pe[0].u_pe/u_core/core_i/if_stage_i/prefetch_buffer_i/fifo_i/mem_q_reg[0][0]/D
                            (rising edge-triggered cell FDCE clocked by clk  {rise@0.000ns fall@6.666ns period=13.332ns})
  Path Group:             clk
  Path Type:              Hold (Min at Slow Process Corner)
  Requirement:            0.000ns  (clk rise@0.000ns - clk rise@0.000ns)
  Data Path Delay:        0.236ns  (logic 0.094ns (39.830%)  route 0.142ns (60.169%))
  Logic Levels:           1  (LUT6=1)
  Clock Path Skew:        2.757ns (DCD - SCD - CPR)
    Destination Clock Delay (DCD):    6.203ns
    Source Clock Delay      (SCD):    3.291ns
    Clock Pessimism Removal (CPR):    0.155ns

    Location             Delay type                Incr(ns)  Path(ns)    Netlist Resource(s)
  -------------------------------------------------------------------    -------------------
                         (clock clk rise edge)        0.000     0.000 r  
    AH18                                              0.000     0.000 r  clk300_p_i (IN)
                         net (fo=0)                   0.000     0.000    u_ibufds/I
    HPIOBDIFFINBUF_X1Y36 DIFFINBUF (Prop_DIFFINBUF_HPIOBDIFFINBUF_DIFF_IN_P_O)
                                                      0.429     0.429 r  u_ibufds/DIFFINBUF_INST/O
                         net (fo=1, estimated)        0.040     0.469    u_ibufds/OUT
    AH18                 IBUFCTRL (Prop_IBUFCTRL_HPIOB_M_I_O)
                                                      0.000     0.469 r  u_ibufds/IBUFCTRL_INST/O
                         net (fo=1, unplaced)         0.251     0.720    clk_ref
                         BUFGCE_DIV (Prop_BUFGCE_DIV_I_O)
                                                      0.132     0.852 r  u_bufgce_div/O
                         net (fo=18823, unplaced)     2.439     3.291    u_soc/g_pe[0].u_pe/u_instr_bridge/u_router/clk
                         FDCE                                         r  u_soc/g_pe[0].u_pe/u_instr_bridge/u_router/tgt_q_reg[0]/C
  -------------------------------------------------------------------    -------------------
                         FDCE (Prop_FDCE_C_Q)         0.058     3.349 r  u_soc/g_pe[0].u_pe/u_instr_bridge/u_router/tgt_q_reg[0]/Q
                         net (fo=35, unplaced)        0.119     3.468    u_soc/g_pe[0].u_pe/u_instr_bridge/u_router/tgt_q_reg_n_0_[0]
                         LUT6 (Prop_LUT6_I5_O)        0.036     3.504 r  u_soc/g_pe[0].u_pe/u_instr_bridge/u_router/mem_q[0][0]_i_1/O
                         net (fo=3, unplaced)         0.023     3.527    u_soc/g_pe[0].u_pe/u_core/core_i/if_stage_i/prefetch_buffer_i/fifo_i/mem_q_reg[1][31]_1[0]
                         FDCE                                         r  u_soc/g_pe[0].u_pe/u_core/core_i/if_stage_i/prefetch_buffer_i/fifo_i/mem_q_reg[0][0]/D
  -------------------------------------------------------------------    -------------------

                         (clock clk rise edge)        0.000     0.000 r  
    AH18                                              0.000     0.000 r  clk300_p_i (IN)
                         net (fo=0)                   0.000     0.000    u_ibufds/I
    HPIOBDIFFINBUF_X1Y36 DIFFINBUF (Prop_DIFFINBUF_HPIOBDIFFINBUF_DIFF_IN_P_O)
                                                      0.525     0.525 r  u_ibufds/DIFFINBUF_INST/O
                         net (fo=1, estimated)        0.050     0.575    u_ibufds/OUT
    AH18                 IBUFCTRL (Prop_IBUFCTRL_HPIOB_M_I_O)
                                                      0.000     0.575 r  u_ibufds/IBUFCTRL_INST/O
                         net (fo=1, unplaced)         0.280     0.855    clk_ref
                         BUFGCE_DIV (Prop_BUFGCE_DIV_I_O)
                                                      0.152     1.007 r  u_bufgce_div/O
                         net (fo=18823, unplaced)     2.584     3.591    u_soc/g_pe[0].u_pe/u_core/core_i/sleep_unit_i/core_clock_gate_i/clk
                         BUFGCE (Prop_BUFGCE_I_O)     0.028     3.619 r  u_soc/g_pe[0].u_pe/u_core/core_i/sleep_unit_i/core_clock_gate_i/u_bufgce/O
                         net (fo=2099, unplaced)      2.584     6.203    u_soc/g_pe[0].u_pe/u_core/core_i/if_stage_i/prefetch_buffer_i/fifo_i/clk_0
                         FDCE                                         r  u_soc/g_pe[0].u_pe/u_core/core_i/if_stage_i/prefetch_buffer_i/fifo_i/mem_q_reg[0][0]/C
                         clock pessimism             -0.155     6.048    
                         FDCE (Hold_FDCE_C_D)         0.060     6.108    u_soc/g_pe[0].u_pe/u_core/core_i/if_stage_i/prefetch_buffer_i/fifo_i/mem_q_reg[0][0]
  -------------------------------------------------------------------
                         required time                         -6.108    
                         arrival time                           3.527    
  -------------------------------------------------------------------
                         slack                                 -2.581    





Pulse Width Checks
--------------------------------------------------------------------------------------
Clock Name:         clk
Waveform(ns):       { 0.000 6.666 }
Period(ns):         13.332
Sources:            { u_bufgce_div/O }

Check Type        Corner  Lib Pin             Reference Pin  Required(ns)  Actual(ns)  Slack(ns)  Location  Pin
Min Period        n/a     RAMB36E2/CLKARDCLK  n/a            1.569         13.332      11.763               u_soc/g_dcache.u_dcache/g_dcu[0].u_dcu/u_data_ram/mem_reg_0/CLKARDCLK
Low Pulse Width   Slow    RAMB36E2/CLKARDCLK  n/a            0.542         6.666       6.124                u_soc/g_dcache.u_dcache/g_dcu[0].u_dcu/u_data_ram/mem_reg_0/CLKARDCLK
High Pulse Width  Slow    RAMB36E2/CLKARDCLK  n/a            0.542         6.666       6.124                u_soc/g_dcache.u_dcache/g_dcu[0].u_dcu/u_data_ram/mem_reg_0/CLKARDCLK



---------------------------------------------------------------------------------------------------
Path Group:  **async_default**
From Clock:  clk
  To Clock:  clk

Setup :            0  Failing Endpoints,  Worst Slack       12.547ns,  Total Violation        0.000ns
Hold  :         8396  Failing Endpoints,  Worst Slack       -2.360ns,  Total Violation   -19814.559ns
---------------------------------------------------------------------------------------------------


Max Delay Paths
--------------------------------------------------------------------------------------
Slack (MET) :             12.547ns  (required time - arrival time)
  Source:                 rst_n_q_reg_rep__46/C
                            (rising edge-triggered cell FDRE clocked by clk  {rise@0.000ns fall@6.666ns period=13.332ns})
  Destination:            u_soc/g_dcache.u_dcache/g_dcu[0].u_dcu/FSM_onehot_ccl_q_reg[0]/PRE
                            (recovery check against rising-edge clock clk  {rise@0.000ns fall@6.666ns period=13.332ns})
  Path Group:             **async_default**
  Path Type:              Recovery (Max at Slow Process Corner)
  Requirement:            13.332ns  (clk rise@13.332ns - clk rise@0.000ns)
  Data Path Delay:        0.539ns  (logic 0.115ns (21.336%)  route 0.424ns (78.664%))
  Logic Levels:           1  (LUT1=1)
  Clock Path Skew:        -0.145ns (DCD - SCD + CPR)
    Destination Clock Delay (DCD):    3.291ns = ( 16.623 - 13.332 ) 
    Source Clock Delay      (SCD):    3.591ns
    Clock Pessimism Removal (CPR):    0.155ns
  Clock Uncertainty:      0.035ns  ((TSJ^2 + TIJ^2)^1/2 + DJ) / 2 + PE
    Total System Jitter     (TSJ):    0.071ns
    Total Input Jitter      (TIJ):    0.000ns
    Discrete Jitter          (DJ):    0.000ns
    Phase Error              (PE):    0.000ns

    Location             Delay type                Incr(ns)  Path(ns)    Netlist Resource(s)
  -------------------------------------------------------------------    -------------------
                         (clock clk rise edge)        0.000     0.000 r  
    AH18                                              0.000     0.000 r  clk300_p_i (IN)
                         net (fo=0)                   0.000     0.000    u_ibufds/I
    HPIOBDIFFINBUF_X1Y36 DIFFINBUF (Prop_DIFFINBUF_HPIOBDIFFINBUF_DIFF_IN_P_O)
                                                      0.525     0.525 r  u_ibufds/DIFFINBUF_INST/O
                         net (fo=1, estimated)        0.050     0.575    u_ibufds/OUT
    AH18                 IBUFCTRL (Prop_IBUFCTRL_HPIOB_M_I_O)
                                                      0.000     0.575 r  u_ibufds/IBUFCTRL_INST/O
                         net (fo=1, unplaced)         0.280     0.855    clk_ref
                         BUFGCE_DIV (Prop_BUFGCE_DIV_I_O)
                                                      0.152     1.007 r  u_bufgce_div/O
                         net (fo=18823, unplaced)     2.584     3.591    clk
                         FDRE                                         r  rst_n_q_reg_rep__46/C
  -------------------------------------------------------------------    -------------------
                         FDRE (Prop_FDRE_C_Q)         0.077     3.668 r  rst_n_q_reg_rep__46/Q
                         net (fo=1, unplaced)         0.137     3.805    u_soc/g_dcache.u_dcache/g_dcu[3].u_dcu/hold_addr_q_reg[30]_0
                         LUT1 (Prop_LUT1_I0_O)        0.038     3.843 f  u_soc/g_dcache.u_dcache/g_dcu[3].u_dcu/FSM_onehot_ccl_q[2]_i_3/O
                         net (fo=200, unplaced)       0.287     4.130    u_soc/g_dcache.u_dcache/g_dcu[0].u_dcu/hold_addr_q_reg[30]_0
                         FDPE                                         f  u_soc/g_dcache.u_dcache/g_dcu[0].u_dcu/FSM_onehot_ccl_q_reg[0]/PRE
  -------------------------------------------------------------------    -------------------

                         (clock clk rise edge)       13.332    13.332 r  
    AH18                                              0.000    13.332 r  clk300_p_i (IN)
                         net (fo=0)                   0.000    13.332    u_ibufds/I
    HPIOBDIFFINBUF_X1Y36 DIFFINBUF (Prop_DIFFINBUF_HPIOBDIFFINBUF_DIFF_IN_P_O)
                                                      0.429    13.761 r  u_ibufds/DIFFINBUF_INST/O
                         net (fo=1, estimated)        0.040    13.801    u_ibufds/OUT
    AH18                 IBUFCTRL (Prop_IBUFCTRL_HPIOB_M_I_O)
                                                      0.000    13.801 r  u_ibufds/IBUFCTRL_INST/O
                         net (fo=1, unplaced)         0.251    14.052    clk_ref
                         BUFGCE_DIV (Prop_BUFGCE_DIV_I_O)
                                                      0.132    14.184 r  u_bufgce_div/O
                         net (fo=18823, unplaced)     2.439    16.623    u_soc/g_dcache.u_dcache/g_dcu[0].u_dcu/clk
                         FDPE                                         r  u_soc/g_dcache.u_dcache/g_dcu[0].u_dcu/FSM_onehot_ccl_q_reg[0]/C
                         clock pessimism              0.155    16.778    
                         clock uncertainty           -0.035    16.743    
                         FDPE (Recov_FDPE_C_PRE)     -0.066    16.677    u_soc/g_dcache.u_dcache/g_dcu[0].u_dcu/FSM_onehot_ccl_q_reg[0]
  -------------------------------------------------------------------
                         required time                         16.677    
                         arrival time                          -4.130    
  -------------------------------------------------------------------
                         slack                                 12.547    





Min Delay Paths
--------------------------------------------------------------------------------------
Slack (VIOLATED) :        -2.360ns  (arrival time - required time)
  Source:                 rst_n_q_reg_rep__36/C
                            (rising edge-triggered cell FDRE clocked by clk  {rise@0.000ns fall@6.666ns period=13.332ns})
  Destination:            u_soc/g_pe[0].u_pe/u_core/core_i/cs_registers_i/dcsr_q_reg[cause][6]/CLR
                            (removal check against rising-edge clock clk  {rise@0.000ns fall@6.666ns period=13.332ns})
  Path Group:             **async_default**
  Path Type:              Removal (Min at Slow Process Corner)
  Requirement:            0.000ns  (clk rise@0.000ns - clk rise@0.000ns)
  Data Path Delay:        0.365ns  (logic 0.081ns (22.192%)  route 0.284ns (77.808%))
  Logic Levels:           1  (LUT1=1)
  Clock Path Skew:        2.757ns (DCD - SCD - CPR)
    Destination Clock Delay (DCD):    6.203ns
    Source Clock Delay      (SCD):    3.291ns
    Clock Pessimism Removal (CPR):    0.155ns

    Location             Delay type                Incr(ns)  Path(ns)    Netlist Resource(s)
  -------------------------------------------------------------------    -------------------
                         (clock clk rise edge)        0.000     0.000 r  
    AH18                                              0.000     0.000 r  clk300_p_i (IN)
                         net (fo=0)                   0.000     0.000    u_ibufds/I
    HPIOBDIFFINBUF_X1Y36 DIFFINBUF (Prop_DIFFINBUF_HPIOBDIFFINBUF_DIFF_IN_P_O)
                                                      0.429     0.429 r  u_ibufds/DIFFINBUF_INST/O
                         net (fo=1, estimated)        0.040     0.469    u_ibufds/OUT
    AH18                 IBUFCTRL (Prop_IBUFCTRL_HPIOB_M_I_O)
                                                      0.000     0.469 r  u_ibufds/IBUFCTRL_INST/O
                         net (fo=1, unplaced)         0.251     0.720    clk_ref
                         BUFGCE_DIV (Prop_BUFGCE_DIV_I_O)
                                                      0.132     0.852 r  u_bufgce_div/O
                         net (fo=18823, unplaced)     2.439     3.291    clk
                         FDRE                                         r  rst_n_q_reg_rep__36/C
  -------------------------------------------------------------------    -------------------
                         FDRE (Prop_FDRE_C_Q)         0.058     3.349 r  rst_n_q_reg_rep__36/Q
                         net (fo=1, unplaced)         0.089     3.438    u_soc/g_pe[0].u_pe/u_core/core_i/cs_registers_i/mscratch_q_reg[17]_0
                         LUT1 (Prop_LUT1_I0_O)        0.023     3.461 f  u_soc/g_pe[0].u_pe/u_core/core_i/cs_registers_i/mscratch_q[31]_i_2/O
                         net (fo=200, unplaced)       0.195     3.656    u_soc/g_pe[0].u_pe/u_core/core_i/cs_registers_i/rst_n_q_reg_rep__36
                         FDCE                                         f  u_soc/g_pe[0].u_pe/u_core/core_i/cs_registers_i/dcsr_q_reg[cause][6]/CLR
  -------------------------------------------------------------------    -------------------

                         (clock clk rise edge)        0.000     0.000 r  
    AH18                                              0.000     0.000 r  clk300_p_i (IN)
                         net (fo=0)                   0.000     0.000    u_ibufds/I
    HPIOBDIFFINBUF_X1Y36 DIFFINBUF (Prop_DIFFINBUF_HPIOBDIFFINBUF_DIFF_IN_P_O)
                                                      0.525     0.525 r  u_ibufds/DIFFINBUF_INST/O
                         net (fo=1, estimated)        0.050     0.575    u_ibufds/OUT
    AH18                 IBUFCTRL (Prop_IBUFCTRL_HPIOB_M_I_O)
                                                      0.000     0.575 r  u_ibufds/IBUFCTRL_INST/O
                         net (fo=1, unplaced)         0.280     0.855    clk_ref
                         BUFGCE_DIV (Prop_BUFGCE_DIV_I_O)
                                                      0.152     1.007 r  u_bufgce_div/O
                         net (fo=18823, unplaced)     2.584     3.591    u_soc/g_pe[0].u_pe/u_core/core_i/sleep_unit_i/core_clock_gate_i/clk
                         BUFGCE (Prop_BUFGCE_I_O)     0.028     3.619 r  u_soc/g_pe[0].u_pe/u_core/core_i/sleep_unit_i/core_clock_gate_i/u_bufgce/O
                         net (fo=2099, unplaced)      2.584     6.203    u_soc/g_pe[0].u_pe/u_core/core_i/cs_registers_i/clk_0
                         FDCE                                         r  u_soc/g_pe[0].u_pe/u_core/core_i/cs_registers_i/dcsr_q_reg[cause][6]/C
                         clock pessimism             -0.155     6.048    
                         FDCE (Remov_FDCE_C_CLR)     -0.032     6.016    u_soc/g_pe[0].u_pe/u_core/core_i/cs_registers_i/dcsr_q_reg[cause][6]
  -------------------------------------------------------------------
                         required time                         -6.016    
                         arrival time                           3.656    
  -------------------------------------------------------------------
                         slack                                 -2.360    





