Copyright 1986-2022 Xilinx, Inc. All Rights Reserved. Copyright 2022-2025 Advanced Micro Devices, Inc. All Rights Reserved.
---------------------------------------------------------------------------------------------------------------------------------------------------------------
| Tool Version : Vivado v.2025.1 (win64) Build 6140274 Thu May 22 00:12:29 MDT 2025
| Date         : Tue Sep  1 10:54:27 2026
| Host         : Krishna_NITjsr running 64-bit major release  (build 9200)
| Command      : report_utilization -hierarchical -hierarchical_depth 5 -file C:/work/riscv-cache-extension/fpga/reports_prj_coherent/post_route_util_hier.rpt
| Design       : fpga_top
| Device       : xczu7ev-ffvc1156-2-e
| Speed File   : -2
| Design State : Routed
---------------------------------------------------------------------------------------------------------------------------------------------------------------

Utilization Design Information

Table of Contents
-----------------
1. Utilization by Hierarchy

1. Utilization by Hierarchy
---------------------------

+-----------------------------+----------------------------------+------------+------------+---------+------+-------+--------+--------+------+------------+
|           Instance          |              Module              | Total LUTs | Logic LUTs | LUTRAMs | SRLs |  FFs  | RAMB36 | RAMB18 | URAM | DSP Blocks |
+-----------------------------+----------------------------------+------------+------------+---------+------+-------+--------+--------+------+------------+
| fpga_top                    |                            (top) |      26635 |      26635 |       0 |    0 | 15155 |    120 |      8 |    0 |         20 |
|   (fpga_top)                |                            (top) |         19 |         19 |       0 |    0 |   318 |      0 |      0 |    0 |          0 |
|   u_soc                     |                          soc_top |      26616 |      26616 |       0 |    0 | 14837 |    120 |      8 |    0 |         20 |
|     g_dcache.u_dcache       |               coherent_subsystem |       5322 |       5322 |       0 |    0 |  4118 |     16 |      8 |    0 |          0 |
|       g_dcu[0].u_dcu        |                              dcu |       1167 |       1167 |       0 |    0 |  1000 |      4 |      2 |    0 |          0 |
|         (g_dcu[0].u_dcu)    |                              dcu |        336 |        336 |       0 |    0 |   712 |      0 |      0 |    0 |          0 |
|         u_data_ram          |     cache_ram__parameterized0_92 |        591 |        591 |       0 |    0 |   264 |      4 |      0 |    0 |          0 |
|         u_tag_ram           |                     cache_ram_93 |        244 |        244 |       0 |    0 |    24 |      0 |      2 |    0 |          0 |
|       g_dcu[1].u_dcu        |                           dcu_85 |       1519 |       1519 |       0 |    0 |  1000 |      4 |      2 |    0 |          0 |
|         (g_dcu[1].u_dcu)    |                           dcu_85 |        689 |        689 |       0 |    0 |   712 |      0 |      0 |    0 |          0 |
|         u_data_ram          |     cache_ram__parameterized0_90 |        591 |        591 |       0 |    0 |   264 |      4 |      0 |    0 |          0 |
|         u_tag_ram           |                     cache_ram_91 |        243 |        243 |       0 |    0 |    24 |      0 |      2 |    0 |          0 |
|       g_dcu[2].u_dcu        |                           dcu_86 |       1167 |       1167 |       0 |    0 |  1000 |      4 |      2 |    0 |          0 |
|         (g_dcu[2].u_dcu)    |                           dcu_86 |        336 |        336 |       0 |    0 |   712 |      0 |      0 |    0 |          0 |
|         u_data_ram          |     cache_ram__parameterized0_88 |        591 |        591 |       0 |    0 |   264 |      4 |      0 |    0 |          0 |
|         u_tag_ram           |                     cache_ram_89 |        244 |        244 |       0 |    0 |    24 |      0 |      2 |    0 |          0 |
|       g_dcu[3].u_dcu        |                           dcu_87 |       1166 |       1166 |       0 |    0 |  1000 |      4 |      2 |    0 |          0 |
|         (g_dcu[3].u_dcu)    |                           dcu_87 |        336 |        336 |       0 |    0 |   712 |      0 |      0 |    0 |          0 |
|         u_data_ram          |        cache_ram__parameterized0 |        591 |        591 |       0 |    0 |   264 |      4 |      0 |    0 |          0 |
|         u_tag_ram           |                        cache_ram |        244 |        244 |       0 |    0 |    24 |      0 |      2 |    0 |          0 |
|       u_snoopy_bus          |                       snoopy_bus |        303 |        303 |       0 |    0 |   118 |      0 |      0 |    0 |          0 |
|         (u_snoopy_bus)      |                       snoopy_bus |          0 |          0 |       0 |    0 |     0 |      0 |      0 |    0 |          0 |
|         u_inv_arb           |                       rr_arbiter |        187 |        187 |       0 |    0 |     2 |      0 |      0 |    0 |          0 |
|         u_inv_table         |               invalidation_table |        116 |        116 |       0 |    0 |   116 |      0 |      0 |    0 |          0 |
|     g_pe[0].u_axi_dcu       |                   axi_master_dcu |         52 |         52 |       0 |    0 |   215 |      0 |      0 |    0 |          0 |
|     g_pe[0].u_axi_ext       |                axi_master_simple |         13 |         13 |       0 |    0 |    97 |      0 |      0 |    0 |          0 |
|     g_pe[0].u_axi_ifetch    |              axi_master_simple_0 |         12 |         12 |       0 |    0 |    57 |      0 |      0 |    0 |          0 |
|     g_pe[0].u_pe            |                           pe_top |       4375 |       4375 |       0 |    0 |  2118 |      8 |      0 |    0 |          5 |
|       u_core                |                  cv32e40p_top_60 |       4232 |       4232 |       0 |    0 |  2101 |      0 |      0 |    0 |          5 |
|         (u_core)            |                  cv32e40p_top_60 |        260 |        260 |       0 |    0 |     0 |      0 |      0 |    0 |          0 |
|         core_i              |                 cv32e40p_core_66 |       3987 |       3987 |       0 |    0 |  2101 |      0 |      0 |    0 |          5 |
|           cs_registers_i    |         cv32e40p_cs_registers_67 |         92 |         92 |       0 |    0 |   461 |      0 |      0 |    0 |          0 |
|           ex_stage_i        |             cv32e40p_ex_stage_68 |        299 |        299 |       0 |    0 |   118 |      0 |      0 |    0 |          5 |
|           id_stage_i        |             cv32e40p_id_stage_69 |       2889 |       2889 |       0 |    0 |  1238 |      0 |      0 |    0 |          0 |
|           if_stage_i        |             cv32e40p_if_stage_70 |        663 |        663 |       0 |    0 |   242 |      0 |      0 |    0 |          0 |
|           load_store_unit_i |      cv32e40p_load_store_unit_71 |         74 |         74 |       0 |    0 |    40 |      0 |      0 |    0 |          0 |
|       u_data_bridge         |                   data_bridge_61 |         72 |         72 |       0 |    0 |     8 |      0 |      0 |    0 |          0 |
|         u_router            | bridge_router__parameterized0_65 |         72 |         72 |       0 |    0 |     8 |      0 |      0 |    0 |          0 |
|     g_pe[1].u_axi_dcu       |                 axi_master_dcu_1 |         57 |         57 |       0 |    0 |   215 |      0 |      0 |    0 |          0 |
|     g_pe[1].u_axi_ext       |              axi_master_simple_2 |         15 |         15 |       0 |    0 |    97 |      0 |      0 |    0 |          0 |
|     g_pe[1].u_axi_ifetch    |              axi_master_simple_3 |         15 |         15 |       0 |    0 |    57 |      0 |      0 |    0 |          0 |
|     g_pe[1].u_pe            |           pe_top__parameterized0 |       4379 |       4379 |       0 |    0 |  2118 |      8 |      0 |    0 |          5 |
|       u_core                |                  cv32e40p_top_35 |       4237 |       4237 |       0 |    0 |  2101 |      0 |      0 |    0 |          5 |
|         (u_core)            |                  cv32e40p_top_35 |        253 |        253 |       0 |    0 |     0 |      0 |      0 |    0 |          0 |
|         core_i              |                 cv32e40p_core_41 |       4000 |       4000 |       0 |    0 |  2101 |      0 |      0 |    0 |          5 |
|           cs_registers_i    |         cv32e40p_cs_registers_42 |         92 |         92 |       0 |    0 |   461 |      0 |      0 |    0 |          0 |
|           ex_stage_i        |             cv32e40p_ex_stage_43 |        300 |        300 |       0 |    0 |   118 |      0 |      0 |    0 |          5 |
|           id_stage_i        |             cv32e40p_id_stage_44 |       2902 |       2902 |       0 |    0 |  1238 |      0 |      0 |    0 |          0 |
|           if_stage_i        |             cv32e40p_if_stage_45 |        664 |        664 |       0 |    0 |   242 |      0 |      0 |    0 |          0 |
|           load_store_unit_i |      cv32e40p_load_store_unit_46 |         74 |         74 |       0 |    0 |    40 |      0 |      0 |    0 |          0 |
|       u_data_bridge         |                   data_bridge_36 |        103 |        103 |       0 |    0 |     8 |      0 |      0 |    0 |          0 |
|         u_router            | bridge_router__parameterized0_40 |        103 |        103 |       0 |    0 |     8 |      0 |      0 |    0 |          0 |
|     g_pe[2].u_axi_dcu       |                 axi_master_dcu_4 |         53 |         53 |       0 |    0 |   215 |      0 |      0 |    0 |          0 |
|     g_pe[2].u_axi_ext       |              axi_master_simple_5 |         13 |         13 |       0 |    0 |    97 |      0 |      0 |    0 |          0 |
|     g_pe[2].u_axi_ifetch    |              axi_master_simple_6 |         11 |         11 |       0 |    0 |    57 |      0 |      0 |    0 |          0 |
|     g_pe[2].u_pe            |           pe_top__parameterized1 |       4378 |       4378 |       0 |    0 |  2118 |      8 |      0 |    0 |          5 |
|       u_core                |                  cv32e40p_top_10 |       4235 |       4235 |       0 |    0 |  2101 |      0 |      0 |    0 |          5 |
|         (u_core)            |                  cv32e40p_top_10 |        260 |        260 |       0 |    0 |     0 |      0 |      0 |    0 |          0 |
|         core_i              |                 cv32e40p_core_16 |       3988 |       3988 |       0 |    0 |  2101 |      0 |      0 |    0 |          5 |
|           cs_registers_i    |         cv32e40p_cs_registers_17 |         92 |         92 |       0 |    0 |   461 |      0 |      0 |    0 |          0 |
|           ex_stage_i        |             cv32e40p_ex_stage_18 |        300 |        300 |       0 |    0 |   118 |      0 |      0 |    0 |          5 |
|           id_stage_i        |             cv32e40p_id_stage_19 |       2889 |       2889 |       0 |    0 |  1238 |      0 |      0 |    0 |          0 |
|           if_stage_i        |             cv32e40p_if_stage_20 |        663 |        663 |       0 |    0 |   242 |      0 |      0 |    0 |          0 |
|           load_store_unit_i |      cv32e40p_load_store_unit_21 |         74 |         74 |       0 |    0 |    40 |      0 |      0 |    0 |          0 |
|       u_data_bridge         |                   data_bridge_11 |         72 |         72 |       0 |    0 |     8 |      0 |      0 |    0 |          0 |
|         u_router            | bridge_router__parameterized0_15 |         72 |         72 |       0 |    0 |     8 |      0 |      0 |    0 |          0 |
|     g_pe[3].u_axi_dcu       |                 axi_master_dcu_7 |         58 |         58 |       0 |    0 |   215 |      0 |      0 |    0 |          0 |
|     g_pe[3].u_axi_ext       |              axi_master_simple_8 |         14 |         14 |       0 |    0 |    97 |      0 |      0 |    0 |          0 |
|     g_pe[3].u_axi_ifetch    |              axi_master_simple_9 |         15 |         15 |       0 |    0 |    57 |      0 |      0 |    0 |          0 |
|     g_pe[3].u_pe            |           pe_top__parameterized2 |       4377 |       4377 |       0 |    0 |  2118 |      8 |      0 |    0 |          5 |
|       u_core                |                     cv32e40p_top |       4233 |       4233 |       0 |    0 |  2101 |      0 |      0 |    0 |          5 |
|         (u_core)            |                     cv32e40p_top |        260 |        260 |       0 |    0 |     0 |      0 |      0 |    0 |          0 |
|         core_i              |                    cv32e40p_core |       3985 |       3985 |       0 |    0 |  2101 |      0 |      0 |    0 |          5 |
|           cs_registers_i    |            cv32e40p_cs_registers |         92 |         92 |       0 |    0 |   461 |      0 |      0 |    0 |          0 |
|           ex_stage_i        |                cv32e40p_ex_stage |        300 |        300 |       0 |    0 |   118 |      0 |      0 |    0 |          5 |
|           id_stage_i        |                cv32e40p_id_stage |       2889 |       2889 |       0 |    0 |  1238 |      0 |      0 |    0 |          0 |
|           if_stage_i        |                cv32e40p_if_stage |        663 |        663 |       0 |    0 |   242 |      0 |      0 |    0 |          0 |
|           load_store_unit_i |         cv32e40p_load_store_unit |         74 |         74 |       0 |    0 |    40 |      0 |      0 |    0 |          0 |
|       u_data_bridge         |                      data_bridge |         72 |         72 |       0 |    0 |     8 |      0 |      0 |    0 |          0 |
|         u_router            |    bridge_router__parameterized0 |         72 |         72 |       0 |    0 |     8 |      0 |      0 |    0 |          0 |
|     u_ctrl                  |                         axi_ctrl |        114 |        114 |       0 |    0 |   259 |      0 |      0 |    0 |          0 |
|     u_sdmem                 |                         axi_sram |        724 |        724 |       0 |    0 |   147 |     64 |      0 |    0 |          0 |
|     u_simem                 |         axi_sram__parameterized0 |        506 |        506 |       0 |    0 |    86 |      8 |      0 |    0 |          0 |
|     u_xbar                  |                         axi_xbar |       2127 |       2127 |       0 |    0 |   279 |      0 |      0 |    0 |          0 |
+-----------------------------+----------------------------------+------------+------------+---------+------+-------+--------+--------+------+------------+
* Note: The sum of lower-level cells may be larger than their parent cells total, due to cross-hierarchy LUT combining


