Copyright 1986-2022 Xilinx, Inc. All Rights Reserved. Copyright 2022-2025 Advanced Micro Devices, Inc. All Rights Reserved.
---------------------------------------------------------------------------------------------------------------------------------------------------------------
| Tool Version : Vivado v.2025.1 (win64) Build 6140274 Thu May 22 00:12:29 MDT 2025
| Date         : Mon Aug 31 17:08:11 2026
| Host         : Krishna_NITjsr running 64-bit major release  (build 9200)
| Command      : report_utilization -hierarchical -hierarchical_depth 5 -file C:/work/riscv-cache-extension/fpga/reports_prj_coherent/post_route_util_hier.rpt
| Design       : fpga_top
| Device       : xczu7ev-ffvc1156-2-e
| Speed File   : -2
| Design State : Routed
---------------------------------------------------------------------------------------------------------------------------------------------------------------

Utilization Design Information

Table of Contents
-----------------
1. Utilization by Hierarchy

1. Utilization by Hierarchy
---------------------------

+-----------------------------+----------------------------------+------------+------------+---------+------+-------+--------+--------+------+------------+
|           Instance          |              Module              | Total LUTs | Logic LUTs | LUTRAMs | SRLs |  FFs  | RAMB36 | RAMB18 | URAM | DSP Blocks |
+-----------------------------+----------------------------------+------------+------------+---------+------+-------+--------+--------+------+------------+
| fpga_top                    |                            (top) |      29940 |      29940 |       0 |    0 | 15224 |    120 |      8 |    0 |         20 |
|   (fpga_top)                |                            (top) |         20 |         20 |       0 |    0 |   250 |      0 |      0 |    0 |          0 |
|   u_soc                     |                          soc_top |      29920 |      29920 |       0 |    0 | 14974 |    120 |      8 |    0 |         20 |
|     g_dcache.u_dcache       |               coherent_subsystem |       5430 |       5430 |       0 |    0 |  4196 |     16 |      8 |    0 |          0 |
|       g_dcu[0].u_dcu        |                              dcu |       1195 |       1195 |       0 |    0 |  1018 |      4 |      2 |    0 |          0 |
|         (g_dcu[0].u_dcu)    |                              dcu |        365 |        365 |       0 |    0 |   708 |      0 |      0 |    0 |          0 |
|         u_data_ram          |     cache_ram__parameterized0_92 |        591 |        591 |       0 |    0 |   264 |      4 |      0 |    0 |          0 |
|         u_tag_ram           |                     cache_ram_93 |        257 |        257 |       0 |    0 |    46 |      0 |      2 |    0 |          0 |
|       g_dcu[1].u_dcu        |                           dcu_85 |       1546 |       1546 |       0 |    0 |  1020 |      4 |      2 |    0 |          0 |
|         (g_dcu[1].u_dcu)    |                           dcu_85 |        718 |        718 |       0 |    0 |   710 |      0 |      0 |    0 |          0 |
|         u_data_ram          |     cache_ram__parameterized0_90 |        591 |        591 |       0 |    0 |   264 |      4 |      0 |    0 |          0 |
|         u_tag_ram           |                     cache_ram_91 |        257 |        257 |       0 |    0 |    46 |      0 |      2 |    0 |          0 |
|       g_dcu[2].u_dcu        |                           dcu_86 |       1191 |       1191 |       0 |    0 |  1020 |      4 |      2 |    0 |          0 |
|         (g_dcu[2].u_dcu)    |                           dcu_86 |        360 |        360 |       0 |    0 |   710 |      0 |      0 |    0 |          0 |
|         u_data_ram          |     cache_ram__parameterized0_88 |        591 |        591 |       0 |    0 |   264 |      4 |      0 |    0 |          0 |
|         u_tag_ram           |                     cache_ram_89 |        255 |        255 |       0 |    0 |    46 |      0 |      2 |    0 |          0 |
|       g_dcu[3].u_dcu        |                           dcu_87 |       1194 |       1194 |       0 |    0 |  1020 |      4 |      2 |    0 |          0 |
|         (g_dcu[3].u_dcu)    |                           dcu_87 |        367 |        367 |       0 |    0 |   710 |      0 |      0 |    0 |          0 |
|         u_data_ram          |        cache_ram__parameterized0 |        590 |        590 |       0 |    0 |   264 |      4 |      0 |    0 |          0 |
|         u_tag_ram           |                        cache_ram |        256 |        256 |       0 |    0 |    46 |      0 |      2 |    0 |          0 |
|       u_snoopy_bus          |                       snoopy_bus |        305 |        305 |       0 |    0 |   118 |      0 |      0 |    0 |          0 |
|         (u_snoopy_bus)      |                       snoopy_bus |          0 |          0 |       0 |    0 |     0 |      0 |      0 |    0 |          0 |
|         u_inv_arb           |                       rr_arbiter |        189 |        189 |       0 |    0 |     2 |      0 |      0 |    0 |          0 |
|         u_inv_table         |               invalidation_table |        116 |        116 |       0 |    0 |   116 |      0 |      0 |    0 |          0 |
|     g_pe[0].u_axi_dcu       |                   axi_master_dcu |         58 |         58 |       0 |    0 |   218 |      0 |      0 |    0 |          0 |
|     g_pe[0].u_axi_ext       |                axi_master_simple |         15 |         15 |       0 |    0 |    97 |      0 |      0 |    0 |          0 |
|     g_pe[0].u_axi_ifetch    |              axi_master_simple_0 |         13 |         13 |       0 |    0 |    60 |      0 |      0 |    0 |          0 |
|     g_pe[0].u_pe            |                           pe_top |       5164 |       5164 |       0 |    0 |  2123 |      8 |      0 |    0 |          5 |
|       u_core                |                  cv32e40p_top_60 |       5019 |       5019 |       0 |    0 |  2106 |      0 |      0 |    0 |          5 |
|         (u_core)            |                  cv32e40p_top_60 |        332 |        332 |       0 |    0 |     0 |      0 |      0 |    0 |          0 |
|         core_i              |                 cv32e40p_core_66 |       4774 |       4774 |       0 |    0 |  2106 |      0 |      0 |    0 |          5 |
|           cs_registers_i    |         cv32e40p_cs_registers_67 |        102 |        102 |       0 |    0 |   462 |      0 |      0 |    0 |          0 |
|           ex_stage_i        |             cv32e40p_ex_stage_68 |        316 |        316 |       0 |    0 |   120 |      0 |      0 |    0 |          5 |
|           id_stage_i        |             cv32e40p_id_stage_69 |       3625 |       3625 |       0 |    0 |  1238 |      0 |      0 |    0 |          0 |
|           if_stage_i        |             cv32e40p_if_stage_70 |        723 |        723 |       0 |    0 |   244 |      0 |      0 |    0 |          0 |
|           load_store_unit_i |      cv32e40p_load_store_unit_71 |         74 |         74 |       0 |    0 |    40 |      0 |      0 |    0 |          0 |
|       u_data_bridge         |                   data_bridge_61 |         73 |         73 |       0 |    0 |     8 |      0 |      0 |    0 |          0 |
|         u_router            | bridge_router__parameterized0_65 |         73 |         73 |       0 |    0 |     8 |      0 |      0 |    0 |          0 |
|     g_pe[1].u_axi_dcu       |                 axi_master_dcu_1 |         60 |         60 |       0 |    0 |   218 |      0 |      0 |    0 |          0 |
|     g_pe[1].u_axi_ext       |              axi_master_simple_2 |         11 |         11 |       0 |    0 |    97 |      0 |      0 |    0 |          0 |
|     g_pe[1].u_axi_ifetch    |              axi_master_simple_3 |         15 |         15 |       0 |    0 |    60 |      0 |      0 |    0 |          0 |
|     g_pe[1].u_pe            |           pe_top__parameterized0 |       5137 |       5137 |       0 |    0 |  2126 |      8 |      0 |    0 |          5 |
|       u_core                |                  cv32e40p_top_35 |       4993 |       4993 |       0 |    0 |  2109 |      0 |      0 |    0 |          5 |
|         (u_core)            |                  cv32e40p_top_35 |        491 |        491 |       0 |    0 |     0 |      0 |      0 |    0 |          0 |
|         core_i              |                 cv32e40p_core_41 |       4592 |       4592 |       0 |    0 |  2109 |      0 |      0 |    0 |          5 |
|           cs_registers_i    |         cv32e40p_cs_registers_42 |        101 |        101 |       0 |    0 |   462 |      0 |      0 |    0 |          0 |
|           ex_stage_i        |             cv32e40p_ex_stage_43 |        336 |        336 |       0 |    0 |   120 |      0 |      0 |    0 |          5 |
|           id_stage_i        |             cv32e40p_id_stage_44 |       3442 |       3442 |       0 |    0 |  1238 |      0 |      0 |    0 |          0 |
|           if_stage_i        |             cv32e40p_if_stage_45 |        715 |        715 |       0 |    0 |   247 |      0 |      0 |    0 |          0 |
|           load_store_unit_i |      cv32e40p_load_store_unit_46 |         62 |         62 |       0 |    0 |    40 |      0 |      0 |    0 |          0 |
|       u_data_bridge         |                   data_bridge_36 |        104 |        104 |       0 |    0 |     8 |      0 |      0 |    0 |          0 |
|         u_router            | bridge_router__parameterized0_40 |        104 |        104 |       0 |    0 |     8 |      0 |      0 |    0 |          0 |
|     g_pe[2].u_axi_dcu       |                 axi_master_dcu_4 |         55 |         55 |       0 |    0 |   218 |      0 |      0 |    0 |          0 |
|     g_pe[2].u_axi_ext       |              axi_master_simple_5 |         13 |         13 |       0 |    0 |    97 |      0 |      0 |    0 |          0 |
|     g_pe[2].u_axi_ifetch    |              axi_master_simple_6 |         15 |         15 |       0 |    0 |    60 |      0 |      0 |    0 |          0 |
|     g_pe[2].u_pe            |           pe_top__parameterized1 |       5179 |       5179 |       0 |    0 |  2123 |      8 |      0 |    0 |          5 |
|       u_core                |                  cv32e40p_top_10 |       5034 |       5034 |       0 |    0 |  2106 |      0 |      0 |    0 |          5 |
|         (u_core)            |                  cv32e40p_top_10 |        333 |        333 |       0 |    0 |     0 |      0 |      0 |    0 |          0 |
|         core_i              |                 cv32e40p_core_16 |       4789 |       4789 |       0 |    0 |  2106 |      0 |      0 |    0 |          5 |
|           cs_registers_i    |         cv32e40p_cs_registers_17 |        102 |        102 |       0 |    0 |   462 |      0 |      0 |    0 |          0 |
|           ex_stage_i        |             cv32e40p_ex_stage_18 |        315 |        315 |       0 |    0 |   120 |      0 |      0 |    0 |          5 |
|           id_stage_i        |             cv32e40p_id_stage_19 |       3633 |       3633 |       0 |    0 |  1238 |      0 |      0 |    0 |          0 |
|           if_stage_i        |             cv32e40p_if_stage_20 |        727 |        727 |       0 |    0 |   244 |      0 |      0 |    0 |          0 |
|           load_store_unit_i |      cv32e40p_load_store_unit_21 |         74 |         74 |       0 |    0 |    40 |      0 |      0 |    0 |          0 |
|       u_data_bridge         |                   data_bridge_11 |         73 |         73 |       0 |    0 |     8 |      0 |      0 |    0 |          0 |
|         u_router            | bridge_router__parameterized0_15 |         73 |         73 |       0 |    0 |     8 |      0 |      0 |    0 |          0 |
|     g_pe[3].u_axi_dcu       |                 axi_master_dcu_7 |         56 |         56 |       0 |    0 |   218 |      0 |      0 |    0 |          0 |
|     g_pe[3].u_axi_ext       |              axi_master_simple_8 |         13 |         13 |       0 |    0 |    97 |      0 |      0 |    0 |          0 |
|     g_pe[3].u_axi_ifetch    |              axi_master_simple_9 |         13 |         13 |       0 |    0 |    60 |      0 |      0 |    0 |          0 |
|     g_pe[3].u_pe            |           pe_top__parameterized2 |       5172 |       5172 |       0 |    0 |  2123 |      8 |      0 |    0 |          5 |
|       u_core                |                     cv32e40p_top |       5027 |       5027 |       0 |    0 |  2106 |      0 |      0 |    0 |          5 |
|         (u_core)            |                     cv32e40p_top |        330 |        330 |       0 |    0 |     0 |      0 |      0 |    0 |          0 |
|         core_i              |                    cv32e40p_core |       4775 |       4775 |       0 |    0 |  2106 |      0 |      0 |    0 |          5 |
|           cs_registers_i    |            cv32e40p_cs_registers |        103 |        103 |       0 |    0 |   462 |      0 |      0 |    0 |          0 |
|           ex_stage_i        |                cv32e40p_ex_stage |        315 |        315 |       0 |    0 |   120 |      0 |      0 |    0 |          5 |
|           id_stage_i        |                cv32e40p_id_stage |       3630 |       3630 |       0 |    0 |  1238 |      0 |      0 |    0 |          0 |
|           if_stage_i        |                cv32e40p_if_stage |        718 |        718 |       0 |    0 |   244 |      0 |      0 |    0 |          0 |
|           load_store_unit_i |         cv32e40p_load_store_unit |         74 |         74 |       0 |    0 |    40 |      0 |      0 |    0 |          0 |
|       u_data_bridge         |                      data_bridge |         73 |         73 |       0 |    0 |     8 |      0 |      0 |    0 |          0 |
|         u_router            |    bridge_router__parameterized0 |         73 |         73 |       0 |    0 |     8 |      0 |      0 |    0 |          0 |
|     u_ctrl                  |                         axi_ctrl |        113 |        113 |       0 |    0 |   259 |      0 |      0 |    0 |          0 |
|     u_sdmem                 |                         axi_sram |        602 |        602 |       0 |    0 |   155 |     64 |      0 |    0 |          0 |
|     u_simem                 |         axi_sram__parameterized0 |        509 |        509 |       0 |    0 |    86 |      8 |      0 |    0 |          0 |
|     u_xbar                  |                         axi_xbar |       2301 |       2301 |       0 |    0 |   283 |      0 |      0 |    0 |          0 |
+-----------------------------+----------------------------------+------------+------------+---------+------+-------+--------+--------+------+------------+
* Note: The sum of lower-level cells may be larger than their parent cells total, due to cross-hierarchy LUT combining


