Copyright 1986-2022 Xilinx, Inc. All Rights Reserved. Copyright 2022-2025 Advanced Micro Devices, Inc. All Rights Reserved.
-----------------------------------------------------------------------------------------------------------------------------------------------------------------------
| Tool Version      : Vivado v.2025.1 (win64) Build 6140274 Thu May 22 00:12:29 MDT 2025
| Date              : Tue Sep  1 10:55:22 2026
| Host              : Krishna_NITjsr running 64-bit major release  (build 9200)
| Command           : report_timing -sort_by group -max_paths 20 -path_type summary -file C:/work/riscv-cache-extension/fpga/reports_prj_coherent/post_route_paths.rpt
| Design            : fpga_top
| Device            : xczu7ev-ffvc1156
| Speed File        : -2  PRODUCTION 1.30 05-15-2022
| Design State      : Routed
| Temperature Grade : E
-----------------------------------------------------------------------------------------------------------------------------------------------------------------------

Timing Report

Startpoint                     Endpoint                       Slack(ns)     
----------------------------------------------------------------------------
u_soc/g_dcache.u_dcache/g_dcu[2].u_dcu/s2_addr_q_reg[8]/C
                               u_soc/g_pe[2].u_pe/u_core/core_i/if_stage_i/pc_id_o_reg[21]/CE
                                                              0.880         
u_soc/g_dcache.u_dcache/g_dcu[2].u_dcu/s2_addr_q_reg[8]/C
                               u_soc/g_pe[2].u_pe/u_core/core_i/if_stage_i/pc_id_o_reg[31]/CE
                                                              0.880         
u_soc/g_dcache.u_dcache/g_dcu[2].u_dcu/s2_addr_q_reg[8]/C
                               u_soc/g_pe[2].u_pe/u_core/core_i/if_stage_i/pc_id_o_reg[5]/CE
                                                              0.880         
u_soc/g_dcache.u_dcache/g_dcu[2].u_dcu/s2_addr_q_reg[8]/C
                               u_soc/g_pe[2].u_pe/u_core/core_i/if_stage_i/pc_id_o_reg[8]/CE
                                                              0.880         
u_soc/g_dcache.u_dcache/g_dcu[2].u_dcu/s2_addr_q_reg[8]/C
                               u_soc/g_pe[2].u_pe/u_core/core_i/if_stage_i/pc_id_o_reg[17]/CE
                                                              0.880         
u_soc/g_dcache.u_dcache/g_dcu[2].u_dcu/s2_addr_q_reg[8]/C
                               u_soc/g_pe[2].u_pe/u_core/core_i/if_stage_i/pc_id_o_reg[1]/CE
                                                              0.880         
u_soc/g_dcache.u_dcache/g_dcu[2].u_dcu/s2_addr_q_reg[8]/C
                               u_soc/g_pe[2].u_pe/u_core/core_i/if_stage_i/pc_id_o_reg[22]/CE
                                                              0.880         
u_soc/g_dcache.u_dcache/g_dcu[2].u_dcu/s2_addr_q_reg[8]/C
                               u_soc/g_pe[2].u_pe/u_core/core_i/if_stage_i/pc_id_o_reg[28]/CE
                                                              0.880         
u_soc/g_dcache.u_dcache/g_dcu[2].u_dcu/s2_addr_q_reg[8]/C
                               u_soc/g_pe[2].u_pe/u_core/core_i/if_stage_i/pc_id_o_reg[18]/CE
                                                              0.882         
u_soc/g_dcache.u_dcache/g_dcu[2].u_dcu/s2_addr_q_reg[8]/C
                               u_soc/g_pe[2].u_pe/u_core/core_i/if_stage_i/pc_id_o_reg[2]/CE
                                                              0.882         
u_soc/g_dcache.u_dcache/g_dcu[2].u_dcu/s2_addr_q_reg[8]/C
                               u_soc/g_pe[2].u_pe/u_core/core_i/if_stage_i/pc_id_o_reg[3]/CE
                                                              0.882         
u_soc/g_dcache.u_dcache/g_dcu[2].u_dcu/s2_addr_q_reg[8]/C
                               u_soc/g_pe[2].u_pe/u_core/core_i/if_stage_i/pc_id_o_reg[7]/CE
                                                              0.882         
u_soc/g_dcache.u_dcache/g_dcu[2].u_dcu/s2_addr_q_reg[8]/C
                               u_soc/g_pe[2].u_pe/u_core/core_i/if_stage_i/pc_id_o_reg[14]/CE
                                                              0.889         
u_soc/g_dcache.u_dcache/g_dcu[2].u_dcu/s2_addr_q_reg[8]/C
                               u_soc/g_pe[2].u_pe/u_core/core_i/if_stage_i/pc_id_o_reg[15]/CE
                                                              0.889         
u_soc/g_dcache.u_dcache/g_dcu[2].u_dcu/s2_addr_q_reg[8]/C
                               u_soc/g_pe[2].u_pe/u_core/core_i/if_stage_i/pc_id_o_reg[24]/CE
                                                              0.889         
u_soc/g_dcache.u_dcache/g_dcu[2].u_dcu/s2_addr_q_reg[8]/C
                               u_soc/g_pe[2].u_pe/u_core/core_i/if_stage_i/pc_id_o_reg[12]/CE
                                                              0.889         
u_soc/g_dcache.u_dcache/g_dcu[2].u_dcu/s2_addr_q_reg[8]/C
                               u_soc/g_pe[2].u_pe/u_core/core_i/if_stage_i/pc_id_o_reg[16]/CE
                                                              0.889         
u_soc/g_dcache.u_dcache/g_dcu[2].u_dcu/s2_addr_q_reg[8]/C
                               u_soc/g_pe[2].u_pe/u_core/core_i/if_stage_i/pc_id_o_reg[4]/CE
                                                              0.889         
u_soc/g_dcache.u_dcache/g_dcu[2].u_dcu/s2_addr_q_reg[8]/C
                               u_soc/g_pe[2].u_pe/u_core/core_i/if_stage_i/pc_id_o_reg[9]/CE
                                                              0.889         
u_soc/g_dcache.u_dcache/g_dcu[2].u_dcu/s2_addr_q_reg[8]/C
                               u_soc/g_pe[2].u_pe/u_core/core_i/if_stage_i/pc_id_o_reg[10]/CE
                                                              0.891         
rst_n_q_reg_rep__8/C           u_soc/g_pe[0].u_pe/u_core/core_i/id_stage_i/alu_operand_a_ex_o_reg[8]/CLR
                                                              6.746         
rst_n_q_reg_rep__8/C           u_soc/g_pe[0].u_pe/u_core/core_i/id_stage_i/alu_operand_b_ex_o_reg[17]/CLR
                                                              6.765         
rst_n_q_reg_rep__8/C           u_soc/g_pe[0].u_pe/u_core/core_i/id_stage_i/alu_operand_a_ex_o_reg[11]/CLR
                                                              6.851         
rst_n_q_reg_rep__8/C           u_soc/g_pe[0].u_pe/u_core/core_i/id_stage_i/alu_operand_b_ex_o_reg[27]/CLR
                                                              7.094         
rst_n_q_reg_rep__8/C           u_soc/g_pe[0].u_pe/u_core/core_i/id_stage_i/alu_operand_a_ex_o_reg[24]/CLR
                                                              7.281         
rst_n_q_reg_rep__8/C           u_soc/g_pe[0].u_pe/u_core/core_i/id_stage_i/alu_operand_a_ex_o_reg[25]/CLR
                                                              7.281         
rst_n_q_reg_rep__8/C           u_soc/g_pe[0].u_pe/u_core/core_i/id_stage_i/alu_operand_a_ex_o_reg[28]/CLR
                                                              7.281         
rst_n_q_reg_rep__8/C           u_soc/g_pe[0].u_pe/u_core/core_i/id_stage_i/alu_operand_a_ex_o_reg[26]/CLR
                                                              7.314         
rst_n_q_reg_rep__8/C           u_soc/g_pe[0].u_pe/u_core/core_i/id_stage_i/alu_operand_b_ex_o_reg[24]/CLR
                                                              7.314         
rst_n_q_reg_rep__24/C          u_soc/g_pe[2].u_pe/u_core/core_i/id_stage_i/register_file_i/gen_rf[19].mem_reg[19][29]/CLR
                                                              7.320         
rst_n_q_reg_rep__24/C          u_soc/g_pe[2].u_pe/u_core/core_i/id_stage_i/register_file_i/gen_rf[19].mem_reg[19][31]/CLR
                                                              7.320         
rst_n_q_reg_rep__24/C          u_soc/g_pe[2].u_pe/u_core/core_i/id_stage_i/register_file_i/gen_rf[19].mem_reg[19][7]/CLR
                                                              7.340         
rst_n_q_reg_rep__24/C          u_soc/g_pe[2].u_pe/u_core/core_i/id_stage_i/register_file_i/gen_rf[21].mem_reg[21][7]/CLR
                                                              7.340         
rst_n_q_reg_rep__24/C          u_soc/g_pe[2].u_pe/u_core/core_i/id_stage_i/register_file_i/gen_rf[21].mem_reg[21][18]/CLR
                                                              7.407         
rst_n_q_reg_rep__24/C          u_soc/g_pe[2].u_pe/u_core/core_i/id_stage_i/register_file_i/gen_rf[21].mem_reg[21][9]/CLR
                                                              7.407         
rst_n_q_reg_rep__24/C          u_soc/g_pe[2].u_pe/u_core/core_i/id_stage_i/register_file_i/gen_rf[19].mem_reg[19][27]/CLR
                                                              7.420         
rst_n_q_reg_rep__24/C          u_soc/g_pe[2].u_pe/u_core/core_i/id_stage_i/register_file_i/gen_rf[19].mem_reg[19][28]/CLR
                                                              7.420         
rst_n_q_reg_rep__24/C          u_soc/g_pe[2].u_pe/u_core/core_i/id_stage_i/register_file_i/gen_rf[19].mem_reg[19][13]/CLR
                                                              7.421         
rst_n_q_reg_rep__24/C          u_soc/g_pe[2].u_pe/u_core/core_i/id_stage_i/register_file_i/gen_rf[19].mem_reg[19][18]/CLR
                                                              7.421         
rst_n_q_reg_rep__24/C          u_soc/g_pe[2].u_pe/u_core/core_i/id_stage_i/register_file_i/gen_rf[19].mem_reg[19][25]/CLR
                                                              7.421         



