Copyright 1986-2022 Xilinx, Inc. All Rights Reserved. Copyright 2022-2025 Advanced Micro Devices, Inc. All Rights Reserved.
---------------------------------------------------------------------------------------------------------------------------------------------
| Tool Version : Vivado v.2025.1 (win64) Build 6140274 Thu May 22 00:12:29 MDT 2025
| Date         : Mon Aug 31 17:08:57 2026
| Host         : Krishna_NITjsr running 64-bit major release  (build 9200)
| Command      : report_drc -file C:/work/riscv-cache-extension/fpga/reports_prj_coherent/post_route_drc.rpt
| Design       : fpga_top
| Device       : xczu7ev-ffvc1156-2-e
| Speed File   : -2
| Design State : Fully Routed
---------------------------------------------------------------------------------------------------------------------------------------------

Report DRC

Table of Contents
-----------------
1. REPORT SUMMARY
2. REPORT DETAILS

1. REPORT SUMMARY
-----------------
            Netlist: netlist
          Floorplan: impl_1
      Design limits: <entire design considered>
           Ruledeck: default
             Max checks: <unlimited>
             Checks found: 64
+--------+----------+------------------------+--------+
| Rule   | Severity | Description            | Checks |
+--------+----------+------------------------+--------+
| DPIP-2 | Warning  | Input pipelining       | 36     |
| DPOP-3 | Warning  | PREG Output pipelining | 16     |
| DPOP-4 | Warning  | MREG Output pipelining | 12     |
+--------+----------+------------------------+--------+

2. REPORT DETAILS
-----------------
DPIP-2#1 Warning
Input pipelining  
DSP u_soc/g_pe[0].u_pe/u_core/core_i/ex_stage_i/mult_i/int_result0 input u_soc/g_pe[0].u_pe/u_core/core_i/ex_stage_i/mult_i/int_result0/A[29:0] is not pipelined. Pipelining DSP48 input will improve performance.
Related violations: <none>

DPIP-2#2 Warning
Input pipelining  
DSP u_soc/g_pe[0].u_pe/u_core/core_i/ex_stage_i/mult_i/int_result0 input u_soc/g_pe[0].u_pe/u_core/core_i/ex_stage_i/mult_i/int_result0/B[17:0] is not pipelined. Pipelining DSP48 input will improve performance.
Related violations: <none>

DPIP-2#3 Warning
Input pipelining  
DSP u_soc/g_pe[0].u_pe/u_core/core_i/ex_stage_i/mult_i/int_result0__0 input u_soc/g_pe[0].u_pe/u_core/core_i/ex_stage_i/mult_i/int_result0__0/A[29:0] is not pipelined. Pipelining DSP48 input will improve performance.
Related violations: <none>

DPIP-2#4 Warning
Input pipelining  
DSP u_soc/g_pe[0].u_pe/u_core/core_i/ex_stage_i/mult_i/int_result0__0 input u_soc/g_pe[0].u_pe/u_core/core_i/ex_stage_i/mult_i/int_result0__0/B[17:0] is not pipelined. Pipelining DSP48 input will improve performance.
Related violations: <none>

DPIP-2#5 Warning
Input pipelining  
DSP u_soc/g_pe[0].u_pe/u_core/core_i/ex_stage_i/mult_i/int_result0__1 input u_soc/g_pe[0].u_pe/u_core/core_i/ex_stage_i/mult_i/int_result0__1/A[29:0] is not pipelined. Pipelining DSP48 input will improve performance.
Related violations: <none>

DPIP-2#6 Warning
Input pipelining  
DSP u_soc/g_pe[0].u_pe/u_core/core_i/ex_stage_i/mult_i/int_result0__1 input u_soc/g_pe[0].u_pe/u_core/core_i/ex_stage_i/mult_i/int_result0__1/B[17:0] is not pipelined. Pipelining DSP48 input will improve performance.
Related violations: <none>

DPIP-2#7 Warning
Input pipelining  
DSP u_soc/g_pe[0].u_pe/u_core/core_i/ex_stage_i/mult_i/short_mac input u_soc/g_pe[0].u_pe/u_core/core_i/ex_stage_i/mult_i/short_mac/C[47:0] is not pipelined. Pipelining DSP48 input will improve performance.
Related violations: <none>

DPIP-2#8 Warning
Input pipelining  
DSP u_soc/g_pe[0].u_pe/u_core/core_i/ex_stage_i/mult_i/short_mul input u_soc/g_pe[0].u_pe/u_core/core_i/ex_stage_i/mult_i/short_mul/A[29:0] is not pipelined. Pipelining DSP48 input will improve performance.
Related violations: <none>

DPIP-2#9 Warning
Input pipelining  
DSP u_soc/g_pe[0].u_pe/u_core/core_i/ex_stage_i/mult_i/short_mul input u_soc/g_pe[0].u_pe/u_core/core_i/ex_stage_i/mult_i/short_mul/B[17:0] is not pipelined. Pipelining DSP48 input will improve performance.
Related violations: <none>

DPIP-2#10 Warning
Input pipelining  
DSP u_soc/g_pe[1].u_pe/u_core/core_i/ex_stage_i/mult_i/int_result0 input u_soc/g_pe[1].u_pe/u_core/core_i/ex_stage_i/mult_i/int_result0/A[29:0] is not pipelined. Pipelining DSP48 input will improve performance.
Related violations: <none>

DPIP-2#11 Warning
Input pipelining  
DSP u_soc/g_pe[1].u_pe/u_core/core_i/ex_stage_i/mult_i/int_result0 input u_soc/g_pe[1].u_pe/u_core/core_i/ex_stage_i/mult_i/int_result0/B[17:0] is not pipelined. Pipelining DSP48 input will improve performance.
Related violations: <none>

DPIP-2#12 Warning
Input pipelining  
DSP u_soc/g_pe[1].u_pe/u_core/core_i/ex_stage_i/mult_i/int_result0__0 input u_soc/g_pe[1].u_pe/u_core/core_i/ex_stage_i/mult_i/int_result0__0/A[29:0] is not pipelined. Pipelining DSP48 input will improve performance.
Related violations: <none>

DPIP-2#13 Warning
Input pipelining  
DSP u_soc/g_pe[1].u_pe/u_core/core_i/ex_stage_i/mult_i/int_result0__0 input u_soc/g_pe[1].u_pe/u_core/core_i/ex_stage_i/mult_i/int_result0__0/B[17:0] is not pipelined. Pipelining DSP48 input will improve performance.
Related violations: <none>

DPIP-2#14 Warning
Input pipelining  
DSP u_soc/g_pe[1].u_pe/u_core/core_i/ex_stage_i/mult_i/int_result0__1 input u_soc/g_pe[1].u_pe/u_core/core_i/ex_stage_i/mult_i/int_result0__1/A[29:0] is not pipelined. Pipelining DSP48 input will improve performance.
Related violations: <none>

DPIP-2#15 Warning
Input pipelining  
DSP u_soc/g_pe[1].u_pe/u_core/core_i/ex_stage_i/mult_i/int_result0__1 input u_soc/g_pe[1].u_pe/u_core/core_i/ex_stage_i/mult_i/int_result0__1/B[17:0] is not pipelined. Pipelining DSP48 input will improve performance.
Related violations: <none>

DPIP-2#16 Warning
Input pipelining  
DSP u_soc/g_pe[1].u_pe/u_core/core_i/ex_stage_i/mult_i/short_mac input u_soc/g_pe[1].u_pe/u_core/core_i/ex_stage_i/mult_i/short_mac/C[47:0] is not pipelined. Pipelining DSP48 input will improve performance.
Related violations: <none>

DPIP-2#17 Warning
Input pipelining  
DSP u_soc/g_pe[1].u_pe/u_core/core_i/ex_stage_i/mult_i/short_mul input u_soc/g_pe[1].u_pe/u_core/core_i/ex_stage_i/mult_i/short_mul/A[29:0] is not pipelined. Pipelining DSP48 input will improve performance.
Related violations: <none>

DPIP-2#18 Warning
Input pipelining  
DSP u_soc/g_pe[1].u_pe/u_core/core_i/ex_stage_i/mult_i/short_mul input u_soc/g_pe[1].u_pe/u_core/core_i/ex_stage_i/mult_i/short_mul/B[17:0] is not pipelined. Pipelining DSP48 input will improve performance.
Related violations: <none>

DPIP-2#19 Warning
Input pipelining  
DSP u_soc/g_pe[2].u_pe/u_core/core_i/ex_stage_i/mult_i/int_result0 input u_soc/g_pe[2].u_pe/u_core/core_i/ex_stage_i/mult_i/int_result0/A[29:0] is not pipelined. Pipelining DSP48 input will improve performance.
Related violations: <none>

DPIP-2#20 Warning
Input pipelining  
DSP u_soc/g_pe[2].u_pe/u_core/core_i/ex_stage_i/mult_i/int_result0 input u_soc/g_pe[2].u_pe/u_core/core_i/ex_stage_i/mult_i/int_result0/B[17:0] is not pipelined. Pipelining DSP48 input will improve performance.
Related violations: <none>

DPIP-2#21 Warning
Input pipelining  
DSP u_soc/g_pe[2].u_pe/u_core/core_i/ex_stage_i/mult_i/int_result0__0 input u_soc/g_pe[2].u_pe/u_core/core_i/ex_stage_i/mult_i/int_result0__0/A[29:0] is not pipelined. Pipelining DSP48 input will improve performance.
Related violations: <none>

DPIP-2#22 Warning
Input pipelining  
DSP u_soc/g_pe[2].u_pe/u_core/core_i/ex_stage_i/mult_i/int_result0__0 input u_soc/g_pe[2].u_pe/u_core/core_i/ex_stage_i/mult_i/int_result0__0/B[17:0] is not pipelined. Pipelining DSP48 input will improve performance.
Related violations: <none>

DPIP-2#23 Warning
Input pipelining  
DSP u_soc/g_pe[2].u_pe/u_core/core_i/ex_stage_i/mult_i/int_result0__1 input u_soc/g_pe[2].u_pe/u_core/core_i/ex_stage_i/mult_i/int_result0__1/A[29:0] is not pipelined. Pipelining DSP48 input will improve performance.
Related violations: <none>

DPIP-2#24 Warning
Input pipelining  
DSP u_soc/g_pe[2].u_pe/u_core/core_i/ex_stage_i/mult_i/int_result0__1 input u_soc/g_pe[2].u_pe/u_core/core_i/ex_stage_i/mult_i/int_result0__1/B[17:0] is not pipelined. Pipelining DSP48 input will improve performance.
Related violations: <none>

DPIP-2#25 Warning
Input pipelining  
DSP u_soc/g_pe[2].u_pe/u_core/core_i/ex_stage_i/mult_i/short_mac input u_soc/g_pe[2].u_pe/u_core/core_i/ex_stage_i/mult_i/short_mac/C[47:0] is not pipelined. Pipelining DSP48 input will improve performance.
Related violations: <none>

DPIP-2#26 Warning
Input pipelining  
DSP u_soc/g_pe[2].u_pe/u_core/core_i/ex_stage_i/mult_i/short_mul input u_soc/g_pe[2].u_pe/u_core/core_i/ex_stage_i/mult_i/short_mul/A[29:0] is not pipelined. Pipelining DSP48 input will improve performance.
Related violations: <none>

DPIP-2#27 Warning
Input pipelining  
DSP u_soc/g_pe[2].u_pe/u_core/core_i/ex_stage_i/mult_i/short_mul input u_soc/g_pe[2].u_pe/u_core/core_i/ex_stage_i/mult_i/short_mul/B[17:0] is not pipelined. Pipelining DSP48 input will improve performance.
Related violations: <none>

DPIP-2#28 Warning
Input pipelining  
DSP u_soc/g_pe[3].u_pe/u_core/core_i/ex_stage_i/mult_i/int_result0 input u_soc/g_pe[3].u_pe/u_core/core_i/ex_stage_i/mult_i/int_result0/A[29:0] is not pipelined. Pipelining DSP48 input will improve performance.
Related violations: <none>

DPIP-2#29 Warning
Input pipelining  
DSP u_soc/g_pe[3].u_pe/u_core/core_i/ex_stage_i/mult_i/int_result0 input u_soc/g_pe[3].u_pe/u_core/core_i/ex_stage_i/mult_i/int_result0/B[17:0] is not pipelined. Pipelining DSP48 input will improve performance.
Related violations: <none>

DPIP-2#30 Warning
Input pipelining  
DSP u_soc/g_pe[3].u_pe/u_core/core_i/ex_stage_i/mult_i/int_result0__0 input u_soc/g_pe[3].u_pe/u_core/core_i/ex_stage_i/mult_i/int_result0__0/A[29:0] is not pipelined. Pipelining DSP48 input will improve performance.
Related violations: <none>

DPIP-2#31 Warning
Input pipelining  
DSP u_soc/g_pe[3].u_pe/u_core/core_i/ex_stage_i/mult_i/int_result0__0 input u_soc/g_pe[3].u_pe/u_core/core_i/ex_stage_i/mult_i/int_result0__0/B[17:0] is not pipelined. Pipelining DSP48 input will improve performance.
Related violations: <none>

DPIP-2#32 Warning
Input pipelining  
DSP u_soc/g_pe[3].u_pe/u_core/core_i/ex_stage_i/mult_i/int_result0__1 input u_soc/g_pe[3].u_pe/u_core/core_i/ex_stage_i/mult_i/int_result0__1/A[29:0] is not pipelined. Pipelining DSP48 input will improve performance.
Related violations: <none>

DPIP-2#33 Warning
Input pipelining  
DSP u_soc/g_pe[3].u_pe/u_core/core_i/ex_stage_i/mult_i/int_result0__1 input u_soc/g_pe[3].u_pe/u_core/core_i/ex_stage_i/mult_i/int_result0__1/B[17:0] is not pipelined. Pipelining DSP48 input will improve performance.
Related violations: <none>

DPIP-2#34 Warning
Input pipelining  
DSP u_soc/g_pe[3].u_pe/u_core/core_i/ex_stage_i/mult_i/short_mac input u_soc/g_pe[3].u_pe/u_core/core_i/ex_stage_i/mult_i/short_mac/C[47:0] is not pipelined. Pipelining DSP48 input will improve performance.
Related violations: <none>

DPIP-2#35 Warning
Input pipelining  
DSP u_soc/g_pe[3].u_pe/u_core/core_i/ex_stage_i/mult_i/short_mul input u_soc/g_pe[3].u_pe/u_core/core_i/ex_stage_i/mult_i/short_mul/A[29:0] is not pipelined. Pipelining DSP48 input will improve performance.
Related violations: <none>

DPIP-2#36 Warning
Input pipelining  
DSP u_soc/g_pe[3].u_pe/u_core/core_i/ex_stage_i/mult_i/short_mul input u_soc/g_pe[3].u_pe/u_core/core_i/ex_stage_i/mult_i/short_mul/B[17:0] is not pipelined. Pipelining DSP48 input will improve performance.
Related violations: <none>

DPOP-3#1 Warning
PREG Output pipelining  
DSP u_soc/g_pe[0].u_pe/u_core/core_i/ex_stage_i/mult_i/int_result0 output u_soc/g_pe[0].u_pe/u_core/core_i/ex_stage_i/mult_i/int_result0/P[47:0] is not pipelined (PREG=0). Pipelining the DSP48 output will improve performance and often saves power so it is suggested whenever possible to fully pipeline this function.  If this DSP48 function was inferred, it is suggested to describe an additional register stage after this function.  If the DSP48 was instantiated in the design, it is suggested to set the PREG attribute to 1.
Related violations: <none>

DPOP-3#2 Warning
PREG Output pipelining  
DSP u_soc/g_pe[0].u_pe/u_core/core_i/ex_stage_i/mult_i/int_result0__0 output u_soc/g_pe[0].u_pe/u_core/core_i/ex_stage_i/mult_i/int_result0__0/P[47:0] is not pipelined (PREG=0). Pipelining the DSP48 output will improve performance and often saves power so it is suggested whenever possible to fully pipeline this function.  If this DSP48 function was inferred, it is suggested to describe an additional register stage after this function.  If the DSP48 was instantiated in the design, it is suggested to set the PREG attribute to 1.
Related violations: <none>

DPOP-3#3 Warning
PREG Output pipelining  
DSP u_soc/g_pe[0].u_pe/u_core/core_i/ex_stage_i/mult_i/int_result0__1 output u_soc/g_pe[0].u_pe/u_core/core_i/ex_stage_i/mult_i/int_result0__1/P[47:0] is not pipelined (PREG=0). Pipelining the DSP48 output will improve performance and often saves power so it is suggested whenever possible to fully pipeline this function.  If this DSP48 function was inferred, it is suggested to describe an additional register stage after this function.  If the DSP48 was instantiated in the design, it is suggested to set the PREG attribute to 1.
Related violations: <none>

DPOP-3#4 Warning
PREG Output pipelining  
DSP u_soc/g_pe[0].u_pe/u_core/core_i/ex_stage_i/mult_i/short_mac output u_soc/g_pe[0].u_pe/u_core/core_i/ex_stage_i/mult_i/short_mac/P[47:0] is not pipelined (PREG=0). Pipelining the DSP48 output will improve performance and often saves power so it is suggested whenever possible to fully pipeline this function.  If this DSP48 function was inferred, it is suggested to describe an additional register stage after this function.  If the DSP48 was instantiated in the design, it is suggested to set the PREG attribute to 1.
Related violations: <none>

DPOP-3#5 Warning
PREG Output pipelining  
DSP u_soc/g_pe[1].u_pe/u_core/core_i/ex_stage_i/mult_i/int_result0 output u_soc/g_pe[1].u_pe/u_core/core_i/ex_stage_i/mult_i/int_result0/P[47:0] is not pipelined (PREG=0). Pipelining the DSP48 output will improve performance and often saves power so it is suggested whenever possible to fully pipeline this function.  If this DSP48 function was inferred, it is suggested to describe an additional register stage after this function.  If the DSP48 was instantiated in the design, it is suggested to set the PREG attribute to 1.
Related violations: <none>

DPOP-3#6 Warning
PREG Output pipelining  
DSP u_soc/g_pe[1].u_pe/u_core/core_i/ex_stage_i/mult_i/int_result0__0 output u_soc/g_pe[1].u_pe/u_core/core_i/ex_stage_i/mult_i/int_result0__0/P[47:0] is not pipelined (PREG=0). Pipelining the DSP48 output will improve performance and often saves power so it is suggested whenever possible to fully pipeline this function.  If this DSP48 function was inferred, it is suggested to describe an additional register stage after this function.  If the DSP48 was instantiated in the design, it is suggested to set the PREG attribute to 1.
Related violations: <none>

DPOP-3#7 Warning
PREG Output pipelining  
DSP u_soc/g_pe[1].u_pe/u_core/core_i/ex_stage_i/mult_i/int_result0__1 output u_soc/g_pe[1].u_pe/u_core/core_i/ex_stage_i/mult_i/int_result0__1/P[47:0] is not pipelined (PREG=0). Pipelining the DSP48 output will improve performance and often saves power so it is suggested whenever possible to fully pipeline this function.  If this DSP48 function was inferred, it is suggested to describe an additional register stage after this function.  If the DSP48 was instantiated in the design, it is suggested to set the PREG attribute to 1.
Related violations: <none>

DPOP-3#8 Warning
PREG Output pipelining  
DSP u_soc/g_pe[1].u_pe/u_core/core_i/ex_stage_i/mult_i/short_mac output u_soc/g_pe[1].u_pe/u_core/core_i/ex_stage_i/mult_i/short_mac/P[47:0] is not pipelined (PREG=0). Pipelining the DSP48 output will improve performance and often saves power so it is suggested whenever possible to fully pipeline this function.  If this DSP48 function was inferred, it is suggested to describe an additional register stage after this function.  If the DSP48 was instantiated in the design, it is suggested to set the PREG attribute to 1.
Related violations: <none>

DPOP-3#9 Warning
PREG Output pipelining  
DSP u_soc/g_pe[2].u_pe/u_core/core_i/ex_stage_i/mult_i/int_result0 output u_soc/g_pe[2].u_pe/u_core/core_i/ex_stage_i/mult_i/int_result0/P[47:0] is not pipelined (PREG=0). Pipelining the DSP48 output will improve performance and often saves power so it is suggested whenever possible to fully pipeline this function.  If this DSP48 function was inferred, it is suggested to describe an additional register stage after this function.  If the DSP48 was instantiated in the design, it is suggested to set the PREG attribute to 1.
Related violations: <none>

DPOP-3#10 Warning
PREG Output pipelining  
DSP u_soc/g_pe[2].u_pe/u_core/core_i/ex_stage_i/mult_i/int_result0__0 output u_soc/g_pe[2].u_pe/u_core/core_i/ex_stage_i/mult_i/int_result0__0/P[47:0] is not pipelined (PREG=0). Pipelining the DSP48 output will improve performance and often saves power so it is suggested whenever possible to fully pipeline this function.  If this DSP48 function was inferred, it is suggested to describe an additional register stage after this function.  If the DSP48 was instantiated in the design, it is suggested to set the PREG attribute to 1.
Related violations: <none>

DPOP-3#11 Warning
PREG Output pipelining  
DSP u_soc/g_pe[2].u_pe/u_core/core_i/ex_stage_i/mult_i/int_result0__1 output u_soc/g_pe[2].u_pe/u_core/core_i/ex_stage_i/mult_i/int_result0__1/P[47:0] is not pipelined (PREG=0). Pipelining the DSP48 output will improve performance and often saves power so it is suggested whenever possible to fully pipeline this function.  If this DSP48 function was inferred, it is suggested to describe an additional register stage after this function.  If the DSP48 was instantiated in the design, it is suggested to set the PREG attribute to 1.
Related violations: <none>

DPOP-3#12 Warning
PREG Output pipelining  
DSP u_soc/g_pe[2].u_pe/u_core/core_i/ex_stage_i/mult_i/short_mac output u_soc/g_pe[2].u_pe/u_core/core_i/ex_stage_i/mult_i/short_mac/P[47:0] is not pipelined (PREG=0). Pipelining the DSP48 output will improve performance and often saves power so it is suggested whenever possible to fully pipeline this function.  If this DSP48 function was inferred, it is suggested to describe an additional register stage after this function.  If the DSP48 was instantiated in the design, it is suggested to set the PREG attribute to 1.
Related violations: <none>

DPOP-3#13 Warning
PREG Output pipelining  
DSP u_soc/g_pe[3].u_pe/u_core/core_i/ex_stage_i/mult_i/int_result0 output u_soc/g_pe[3].u_pe/u_core/core_i/ex_stage_i/mult_i/int_result0/P[47:0] is not pipelined (PREG=0). Pipelining the DSP48 output will improve performance and often saves power so it is suggested whenever possible to fully pipeline this function.  If this DSP48 function was inferred, it is suggested to describe an additional register stage after this function.  If the DSP48 was instantiated in the design, it is suggested to set the PREG attribute to 1.
Related violations: <none>

DPOP-3#14 Warning
PREG Output pipelining  
DSP u_soc/g_pe[3].u_pe/u_core/core_i/ex_stage_i/mult_i/int_result0__0 output u_soc/g_pe[3].u_pe/u_core/core_i/ex_stage_i/mult_i/int_result0__0/P[47:0] is not pipelined (PREG=0). Pipelining the DSP48 output will improve performance and often saves power so it is suggested whenever possible to fully pipeline this function.  If this DSP48 function was inferred, it is suggested to describe an additional register stage after this function.  If the DSP48 was instantiated in the design, it is suggested to set the PREG attribute to 1.
Related violations: <none>

DPOP-3#15 Warning
PREG Output pipelining  
DSP u_soc/g_pe[3].u_pe/u_core/core_i/ex_stage_i/mult_i/int_result0__1 output u_soc/g_pe[3].u_pe/u_core/core_i/ex_stage_i/mult_i/int_result0__1/P[47:0] is not pipelined (PREG=0). Pipelining the DSP48 output will improve performance and often saves power so it is suggested whenever possible to fully pipeline this function.  If this DSP48 function was inferred, it is suggested to describe an additional register stage after this function.  If the DSP48 was instantiated in the design, it is suggested to set the PREG attribute to 1.
Related violations: <none>

DPOP-3#16 Warning
PREG Output pipelining  
DSP u_soc/g_pe[3].u_pe/u_core/core_i/ex_stage_i/mult_i/short_mac output u_soc/g_pe[3].u_pe/u_core/core_i/ex_stage_i/mult_i/short_mac/P[47:0] is not pipelined (PREG=0). Pipelining the DSP48 output will improve performance and often saves power so it is suggested whenever possible to fully pipeline this function.  If this DSP48 function was inferred, it is suggested to describe an additional register stage after this function.  If the DSP48 was instantiated in the design, it is suggested to set the PREG attribute to 1.
Related violations: <none>

DPOP-4#1 Warning
MREG Output pipelining  
DSP u_soc/g_pe[0].u_pe/u_core/core_i/ex_stage_i/mult_i/int_result0 multiplier stage u_soc/g_pe[0].u_pe/u_core/core_i/ex_stage_i/mult_i/int_result0/P[47:0] is not pipelined (MREG=0). Pipelining the multiplier function will improve performance and will save significant power so it is suggested whenever possible to fully pipeline this function.  If this multiplier was inferred, it is suggested to describe an additional register stage after this function.  If there is no registered adder/accumulator following the multiply function, two pipeline stages are suggested to allow both the MREG and PREG registers to be used.  If the DSP48 was instantiated in the design, it is suggested to set both the MREG and PREG attributes to 1 when performing multiply functions.
Related violations: <none>

DPOP-4#2 Warning
MREG Output pipelining  
DSP u_soc/g_pe[0].u_pe/u_core/core_i/ex_stage_i/mult_i/int_result0__0 multiplier stage u_soc/g_pe[0].u_pe/u_core/core_i/ex_stage_i/mult_i/int_result0__0/P[47:0] is not pipelined (MREG=0). Pipelining the multiplier function will improve performance and will save significant power so it is suggested whenever possible to fully pipeline this function.  If this multiplier was inferred, it is suggested to describe an additional register stage after this function.  If there is no registered adder/accumulator following the multiply function, two pipeline stages are suggested to allow both the MREG and PREG registers to be used.  If the DSP48 was instantiated in the design, it is suggested to set both the MREG and PREG attributes to 1 when performing multiply functions.
Related violations: <none>

DPOP-4#3 Warning
MREG Output pipelining  
DSP u_soc/g_pe[0].u_pe/u_core/core_i/ex_stage_i/mult_i/int_result0__1 multiplier stage u_soc/g_pe[0].u_pe/u_core/core_i/ex_stage_i/mult_i/int_result0__1/P[47:0] is not pipelined (MREG=0). Pipelining the multiplier function will improve performance and will save significant power so it is suggested whenever possible to fully pipeline this function.  If this multiplier was inferred, it is suggested to describe an additional register stage after this function.  If there is no registered adder/accumulator following the multiply function, two pipeline stages are suggested to allow both the MREG and PREG registers to be used.  If the DSP48 was instantiated in the design, it is suggested to set both the MREG and PREG attributes to 1 when performing multiply functions.
Related violations: <none>

DPOP-4#4 Warning
MREG Output pipelining  
DSP u_soc/g_pe[1].u_pe/u_core/core_i/ex_stage_i/mult_i/int_result0 multiplier stage u_soc/g_pe[1].u_pe/u_core/core_i/ex_stage_i/mult_i/int_result0/P[47:0] is not pipelined (MREG=0). Pipelining the multiplier function will improve performance and will save significant power so it is suggested whenever possible to fully pipeline this function.  If this multiplier was inferred, it is suggested to describe an additional register stage after this function.  If there is no registered adder/accumulator following the multiply function, two pipeline stages are suggested to allow both the MREG and PREG registers to be used.  If the DSP48 was instantiated in the design, it is suggested to set both the MREG and PREG attributes to 1 when performing multiply functions.
Related violations: <none>

DPOP-4#5 Warning
MREG Output pipelining  
DSP u_soc/g_pe[1].u_pe/u_core/core_i/ex_stage_i/mult_i/int_result0__0 multiplier stage u_soc/g_pe[1].u_pe/u_core/core_i/ex_stage_i/mult_i/int_result0__0/P[47:0] is not pipelined (MREG=0). Pipelining the multiplier function will improve performance and will save significant power so it is suggested whenever possible to fully pipeline this function.  If this multiplier was inferred, it is suggested to describe an additional register stage after this function.  If there is no registered adder/accumulator following the multiply function, two pipeline stages are suggested to allow both the MREG and PREG registers to be used.  If the DSP48 was instantiated in the design, it is suggested to set both the MREG and PREG attributes to 1 when performing multiply functions.
Related violations: <none>

DPOP-4#6 Warning
MREG Output pipelining  
DSP u_soc/g_pe[1].u_pe/u_core/core_i/ex_stage_i/mult_i/int_result0__1 multiplier stage u_soc/g_pe[1].u_pe/u_core/core_i/ex_stage_i/mult_i/int_result0__1/P[47:0] is not pipelined (MREG=0). Pipelining the multiplier function will improve performance and will save significant power so it is suggested whenever possible to fully pipeline this function.  If this multiplier was inferred, it is suggested to describe an additional register stage after this function.  If there is no registered adder/accumulator following the multiply function, two pipeline stages are suggested to allow both the MREG and PREG registers to be used.  If the DSP48 was instantiated in the design, it is suggested to set both the MREG and PREG attributes to 1 when performing multiply functions.
Related violations: <none>

DPOP-4#7 Warning
MREG Output pipelining  
DSP u_soc/g_pe[2].u_pe/u_core/core_i/ex_stage_i/mult_i/int_result0 multiplier stage u_soc/g_pe[2].u_pe/u_core/core_i/ex_stage_i/mult_i/int_result0/P[47:0] is not pipelined (MREG=0). Pipelining the multiplier function will improve performance and will save significant power so it is suggested whenever possible to fully pipeline this function.  If this multiplier was inferred, it is suggested to describe an additional register stage after this function.  If there is no registered adder/accumulator following the multiply function, two pipeline stages are suggested to allow both the MREG and PREG registers to be used.  If the DSP48 was instantiated in the design, it is suggested to set both the MREG and PREG attributes to 1 when performing multiply functions.
Related violations: <none>

DPOP-4#8 Warning
MREG Output pipelining  
DSP u_soc/g_pe[2].u_pe/u_core/core_i/ex_stage_i/mult_i/int_result0__0 multiplier stage u_soc/g_pe[2].u_pe/u_core/core_i/ex_stage_i/mult_i/int_result0__0/P[47:0] is not pipelined (MREG=0). Pipelining the multiplier function will improve performance and will save significant power so it is suggested whenever possible to fully pipeline this function.  If this multiplier was inferred, it is suggested to describe an additional register stage after this function.  If there is no registered adder/accumulator following the multiply function, two pipeline stages are suggested to allow both the MREG and PREG registers to be used.  If the DSP48 was instantiated in the design, it is suggested to set both the MREG and PREG attributes to 1 when performing multiply functions.
Related violations: <none>

DPOP-4#9 Warning
MREG Output pipelining  
DSP u_soc/g_pe[2].u_pe/u_core/core_i/ex_stage_i/mult_i/int_result0__1 multiplier stage u_soc/g_pe[2].u_pe/u_core/core_i/ex_stage_i/mult_i/int_result0__1/P[47:0] is not pipelined (MREG=0). Pipelining the multiplier function will improve performance and will save significant power so it is suggested whenever possible to fully pipeline this function.  If this multiplier was inferred, it is suggested to describe an additional register stage after this function.  If there is no registered adder/accumulator following the multiply function, two pipeline stages are suggested to allow both the MREG and PREG registers to be used.  If the DSP48 was instantiated in the design, it is suggested to set both the MREG and PREG attributes to 1 when performing multiply functions.
Related violations: <none>

DPOP-4#10 Warning
MREG Output pipelining  
DSP u_soc/g_pe[3].u_pe/u_core/core_i/ex_stage_i/mult_i/int_result0 multiplier stage u_soc/g_pe[3].u_pe/u_core/core_i/ex_stage_i/mult_i/int_result0/P[47:0] is not pipelined (MREG=0). Pipelining the multiplier function will improve performance and will save significant power so it is suggested whenever possible to fully pipeline this function.  If this multiplier was inferred, it is suggested to describe an additional register stage after this function.  If there is no registered adder/accumulator following the multiply function, two pipeline stages are suggested to allow both the MREG and PREG registers to be used.  If the DSP48 was instantiated in the design, it is suggested to set both the MREG and PREG attributes to 1 when performing multiply functions.
Related violations: <none>

DPOP-4#11 Warning
MREG Output pipelining  
DSP u_soc/g_pe[3].u_pe/u_core/core_i/ex_stage_i/mult_i/int_result0__0 multiplier stage u_soc/g_pe[3].u_pe/u_core/core_i/ex_stage_i/mult_i/int_result0__0/P[47:0] is not pipelined (MREG=0). Pipelining the multiplier function will improve performance and will save significant power so it is suggested whenever possible to fully pipeline this function.  If this multiplier was inferred, it is suggested to describe an additional register stage after this function.  If there is no registered adder/accumulator following the multiply function, two pipeline stages are suggested to allow both the MREG and PREG registers to be used.  If the DSP48 was instantiated in the design, it is suggested to set both the MREG and PREG attributes to 1 when performing multiply functions.
Related violations: <none>

DPOP-4#12 Warning
MREG Output pipelining  
DSP u_soc/g_pe[3].u_pe/u_core/core_i/ex_stage_i/mult_i/int_result0__1 multiplier stage u_soc/g_pe[3].u_pe/u_core/core_i/ex_stage_i/mult_i/int_result0__1/P[47:0] is not pipelined (MREG=0). Pipelining the multiplier function will improve performance and will save significant power so it is suggested whenever possible to fully pipeline this function.  If this multiplier was inferred, it is suggested to describe an additional register stage after this function.  If there is no registered adder/accumulator following the multiply function, two pipeline stages are suggested to allow both the MREG and PREG registers to be used.  If the DSP48 was instantiated in the design, it is suggested to set both the MREG and PREG attributes to 1 when performing multiply functions.
Related violations: <none>


