Copyright 1986-2022 Xilinx, Inc. All Rights Reserved. Copyright 2022-2025 Advanced Micro Devices, Inc. All Rights Reserved.
-----------------------------------------------------------------------------------------------------------------------------------------------------------------------
| Tool Version      : Vivado v.2025.1 (win64) Build 6140274 Thu May 22 00:12:29 MDT 2025
| Date              : Tue Sep  1 11:58:08 2026
| Host              : Krishna_NITjsr running 64-bit major release  (build 9200)
| Command           : report_timing -sort_by group -max_paths 20 -path_type summary -file C:/work/riscv-cache-extension/fpga/reports_prj_baseline/post_route_paths.rpt
| Design            : fpga_top
| Device            : xczu7ev-ffvc1156
| Speed File        : -2  PRODUCTION 1.30 05-15-2022
| Design State      : Routed
| Temperature Grade : E
-----------------------------------------------------------------------------------------------------------------------------------------------------------------------

Timing Report

Startpoint                     Endpoint                       Slack(ns)     
----------------------------------------------------------------------------
u_soc/g_pe[2].u_pe/u_core/core_i/id_stage_i/alu_operand_b_ex_o_reg[5]/C
                               u_soc/g_pe[2].u_pe/u_core/core_i/cs_registers_i/mepc_q_reg[8]/D
                                                              0.929         
u_soc/g_pe[2].u_pe/u_core/core_i/id_stage_i/alu_operand_b_ex_o_reg[5]/C
                               u_soc/g_pe[2].u_pe/u_core/core_i/if_stage_i/aligner_i/pc_q_reg[15]/CE
                                                              1.018         
u_soc/g_pe[2].u_pe/u_core/core_i/id_stage_i/alu_operand_b_ex_o_reg[5]/C
                               u_soc/g_pe[2].u_pe/u_core/core_i/if_stage_i/aligner_i/pc_q_reg[16]/CE
                                                              1.018         
u_soc/g_pe[2].u_pe/u_core/core_i/id_stage_i/alu_operand_b_ex_o_reg[5]/C
                               u_soc/g_pe[2].u_pe/u_core/core_i/if_stage_i/aligner_i/pc_q_reg[18]/CE
                                                              1.018         
u_soc/g_pe[2].u_pe/u_core/core_i/id_stage_i/alu_operand_b_ex_o_reg[5]/C
                               u_soc/g_pe[2].u_pe/u_core/core_i/cs_registers_i/mepc_q_reg[9]/D
                                                              1.023         
u_soc/g_pe[2].u_pe/u_core/core_i/id_stage_i/alu_operand_b_ex_o_reg[5]/C
                               u_soc/g_pe[2].u_pe/u_core/core_i/if_stage_i/aligner_i/pc_q_reg[1]/CE
                                                              1.039         
u_soc/g_pe[2].u_pe/u_core/core_i/id_stage_i/alu_operand_b_ex_o_reg[5]/C
                               u_soc/g_pe[2].u_pe/u_core/core_i/if_stage_i/aligner_i/pc_q_reg[2]/CE
                                                              1.039         
u_soc/g_pe[2].u_pe/u_core/core_i/id_stage_i/alu_operand_b_ex_o_reg[5]/C
                               u_soc/g_pe[2].u_pe/u_core/core_i/if_stage_i/aligner_i/pc_q_reg[4]/CE
                                                              1.039         
u_soc/g_pe[2].u_pe/u_core/core_i/id_stage_i/alu_operand_b_ex_o_reg[5]/C
                               u_soc/g_pe[2].u_pe/u_core/core_i/if_stage_i/aligner_i/pc_q_reg[8]/CE
                                                              1.039         
u_soc/g_pe[2].u_pe/u_core/core_i/id_stage_i/alu_operand_b_ex_o_reg[5]/C
                               u_soc/g_pe[2].u_pe/u_core/core_i/if_stage_i/aligner_i/pc_q_reg[30]/CE
                                                              1.054         
u_soc/g_pe[2].u_pe/u_core/core_i/id_stage_i/alu_operand_b_ex_o_reg[5]/C
                               u_soc/g_pe[2].u_pe/u_core/core_i/if_stage_i/aligner_i/pc_q_reg[31]/CE
                                                              1.054         
u_soc/g_pe[2].u_pe/u_core/core_i/id_stage_i/alu_operand_b_ex_o_reg[5]/C
                               u_soc/g_pe[2].u_pe/u_core/core_i/if_stage_i/aligner_i/pc_q_reg[29]/CE
                                                              1.055         
u_soc/g_pe[2].u_pe/u_core/core_i/id_stage_i/alu_operand_b_ex_o_reg[5]/C
                               u_soc/g_pe[2].u_pe/u_core/core_i/if_stage_i/aligner_i/pc_q_reg[11]/CE
                                                              1.069         
u_soc/g_pe[2].u_pe/u_core/core_i/id_stage_i/alu_operand_b_ex_o_reg[5]/C
                               u_soc/g_pe[2].u_pe/u_core/core_i/if_stage_i/aligner_i/pc_q_reg[12]/CE
                                                              1.069         
u_soc/g_pe[2].u_pe/u_core/core_i/id_stage_i/alu_operand_b_ex_o_reg[5]/C
                               u_soc/g_pe[2].u_pe/u_core/core_i/if_stage_i/aligner_i/pc_q_reg[14]/CE
                                                              1.069         
u_soc/g_pe[2].u_pe/u_core/core_i/id_stage_i/alu_operand_b_ex_o_reg[5]/C
                               u_soc/g_pe[2].u_pe/u_core/core_i/if_stage_i/aligner_i/pc_q_reg[10]/CE
                                                              1.070         
u_soc/g_pe[2].u_pe/u_core/core_i/id_stage_i/alu_operand_b_ex_o_reg[5]/C
                               u_soc/g_pe[2].u_pe/u_core/core_i/if_stage_i/aligner_i/pc_q_reg[5]/CE
                                                              1.077         
u_soc/g_pe[2].u_pe/u_core/core_i/id_stage_i/alu_operand_b_ex_o_reg[5]/C
                               u_soc/g_pe[2].u_pe/u_core/core_i/if_stage_i/aligner_i/pc_q_reg[6]/CE
                                                              1.077         
u_soc/g_pe[2].u_pe/u_core/core_i/id_stage_i/alu_operand_b_ex_o_reg[5]/C
                               u_soc/g_pe[2].u_pe/u_core/core_i/cs_registers_i/mcause_q_reg[4]/D
                                                              1.099         
u_soc/g_pe[2].u_pe/u_core/core_i/id_stage_i/alu_operand_b_ex_o_reg[5]/C
                               u_soc/g_pe[2].u_pe/u_core/core_i/cs_registers_i/mepc_q_reg[6]/D
                                                              1.148         
rst_n_q_reg_rep__30/C          u_soc/g_pe[2].u_pe/u_core/core_i/sleep_unit_i/core_busy_q_reg/CLR
                                                              4.374         
rst_n_q_reg_rep__30/C          u_soc/g_pe[1].u_pe/u_core/core_i/sleep_unit_i/core_busy_q_reg/CLR
                                                              4.548         
rst_n_q_reg_rep__30/C          u_soc/g_pe[2].u_pe/u_core/core_i/id_stage_i/register_file_i/gen_rf[1].mem_reg[1][12]/CLR
                                                              5.381         
rst_n_q_reg_rep__30/C          u_soc/g_pe[2].u_pe/u_core/core_i/id_stage_i/register_file_i/gen_rf[1].mem_reg[1][14]/CLR
                                                              5.381         
rst_n_q_reg_rep__30/C          u_soc/g_pe[2].u_pe/u_core/core_i/id_stage_i/register_file_i/gen_rf[1].mem_reg[1][2]/CLR
                                                              5.381         
rst_n_q_reg_rep__30/C          u_soc/g_pe[2].u_pe/u_core/core_i/id_stage_i/register_file_i/gen_rf[1].mem_reg[1][3]/CLR
                                                              5.381         
rst_n_q_reg_rep__30/C          u_soc/g_pe[2].u_pe/u_core/core_i/id_stage_i/register_file_i/gen_rf[1].mem_reg[1][21]/CLR
                                                              5.470         
rst_n_q_reg_rep__30/C          u_soc/g_pe[2].u_pe/u_core/core_i/id_stage_i/register_file_i/gen_rf[1].mem_reg[1][22]/CLR
                                                              5.470         
rst_n_q_reg_rep__30/C          u_soc/g_pe[2].u_pe/u_core/core_i/id_stage_i/register_file_i/gen_rf[1].mem_reg[1][24]/CLR
                                                              5.470         
rst_n_q_reg_rep__30/C          u_soc/g_pe[2].u_pe/u_core/core_i/id_stage_i/register_file_i/gen_rf[1].mem_reg[1][5]/CLR
                                                              5.470         
rst_n_q_reg_rep__30/C          u_soc/g_pe[2].u_pe/u_core/core_i/id_stage_i/register_file_i/gen_rf[1].mem_reg[1][16]/CLR
                                                              5.500         
rst_n_q_reg_rep__30/C          u_soc/g_pe[2].u_pe/u_core/core_i/id_stage_i/register_file_i/gen_rf[1].mem_reg[1][17]/CLR
                                                              5.500         
rst_n_q_reg_rep__30/C          u_soc/g_pe[2].u_pe/u_core/core_i/id_stage_i/register_file_i/gen_rf[1].mem_reg[1][1]/CLR
                                                              5.549         
rst_n_q_reg_rep__30/C          u_soc/g_pe[2].u_pe/u_core/core_i/id_stage_i/register_file_i/gen_rf[1].mem_reg[1][20]/CLR
                                                              5.549         
rst_n_q_reg_rep__30/C          u_soc/g_pe[2].u_pe/u_core/core_i/id_stage_i/register_file_i/gen_rf[1].mem_reg[1][4]/CLR
                                                              5.549         
rst_n_q_reg_rep__30/C          u_soc/g_pe[2].u_pe/u_core/core_i/id_stage_i/register_file_i/gen_rf[1].mem_reg[1][6]/CLR
                                                              5.549         
rst_n_q_reg_rep__30/C          u_soc/g_pe[2].u_pe/u_core/core_i/id_stage_i/register_file_i/gen_rf[1].mem_reg[1][27]/CLR
                                                              5.627         
rst_n_q_reg_rep__30/C          u_soc/g_pe[2].u_pe/u_core/core_i/id_stage_i/register_file_i/gen_rf[1].mem_reg[1][28]/CLR
                                                              5.627         
rst_n_q_reg_rep__30/C          u_soc/g_pe[2].u_pe/u_core/core_i/id_stage_i/register_file_i/gen_rf[1].mem_reg[1][29]/CLR
                                                              5.627         
rst_n_q_reg_rep__30/C          u_soc/g_pe[2].u_pe/u_core/core_i/id_stage_i/register_file_i/gen_rf[1].mem_reg[1][31]/CLR
                                                              5.627         



